[INFO] [1785944125.132106709] [anchor_guardian]: anchor_guardian up: thresh 1.0 m, hold 3.0 s, cooldown 15.0 s
[WARN] [1785944132.614336368] [anchor_guardian]: residual 1.07 m > 1.0 — armed
[INFO] [1785944133.114677122] [anchor_guardian]: residual 0.47 m — disarmed
[WARN] [1785944150.113975289] [anchor_guardian]: residual 1.05 m > 1.0 — armed
[INFO] [1785944151.114259554] [anchor_guardian]: residual 0.49 m — disarmed
[WARN] [1785944213.148420531] [anchor_guardian]: residual 1.23 m > 1.0 — armed
[WARN] [1785944216.128228432] [anchor_guardian]: RE-ANCHOR FIRED: residual 1.00 m, slam (0.08,-0.21) -> gps (-0.55,0.56)
[WARN] [1785944219.618516092] [anchor_guardian]: residual 1.04 m > 1.0 — armed
[INFO] [1785944227.620025518] [anchor_guardian]: residual 0.67 m — disarmed
[WARN] [1785944229.618551252] [anchor_guardian]: residual 1.31 m > 1.0 — armed
[WARN] [1785944233.115733718] [anchor_guardian]: RE-ANCHOR FIRED: residual 1.18 m, slam (-1.84,0.81) -> gps (-1.28,-0.23)
[WARN] [1785944241.613801533] [anchor_guardian]: residual 1.17 m > 1.0 — armed
[INFO] [1785944242.613773165] [anchor_guardian]: residual 0.23 m — disarmed
[WARN] [1785944260.617346248] [anchor_guardian]: residual 1.19 m > 1.0 — armed
[INFO] [1785944261.115788764] [anchor_guardian]: residual 0.57 m — disarmed
[WARN] [1785944262.615320155] [anchor_guardian]: residual 1.18 m > 1.0 — armed
[INFO] [1785944263.615699700] [anchor_guardian]: residual 0.56 m — disarmed
[WARN] [1785944267.614172460] [anchor_guardian]: residual 1.01 m > 1.0 — armed
[INFO] [1785944268.114034398] [anchor_guardian]: residual 0.43 m — disarmed
[WARN] [1785944269.615124233] [anchor_guardian]: residual 1.23 m > 1.0 — armed
[WARN] [1785944273.115177656] [anchor_guardian]: RE-ANCHOR FIRED: residual 1.02 m, slam (-2.90,-0.29) -> gps (-3.66,-0.98)
[WARN] [1785944279.114139273] [anchor_guardian]: residual 1.09 m > 1.0 — armed
[INFO] [1785944280.613702309] [anchor_guardian]: residual 0.33 m — disarmed
[WARN] [1785944283.114493977] [anchor_guardian]: residual 1.00 m > 1.0 — armed
[INFO] [1785944285.615651406] [anchor_guardian]: residual 0.66 m — disarmed
[WARN] [1785944288.614550482] [anchor_guardian]: residual 1.12 m > 1.0 — armed
[INFO] [1785944289.614012270] [anchor_guardian]: residual 0.63 m — disarmed
[WARN] [1785944291.117527912] [anchor_guardian]: residual 1.28 m > 1.0 — armed
[WARN] [1785944294.615784301] [anchor_guardian]: RE-ANCHOR FIRED: residual 1.05 m, slam (-3.36,-0.89) -> gps (-2.63,-0.14)
[WARN] [1785944299.616911428] [anchor_guardian]: residual 1.00 m > 1.0 — armed
[INFO] [1785944300.113733325] [anchor_guardian]: residual 0.46 m — disarmed
[WARN] [1785944301.113678835] [anchor_guardian]: residual 1.12 m > 1.0 — armed
[INFO] [1785944302.114050748] [anchor_guardian]: residual 0.61 m — disarmed
[WARN] [1785944303.615778499] [anchor_guardian]: residual 1.01 m > 1.0 — armed
[INFO] [1785944304.114230581] [anchor_guardian]: residual 0.32 m — disarmed
[WARN] [1785944305.115680447] [anchor_guardian]: residual 1.02 m > 1.0 — armed
[INFO] [1785944306.614234424] [anchor_guardian]: residual 0.39 m — disarmed
[WARN] [1785944314.621136471] [anchor_guardian]: residual 1.13 m > 1.0 — armed
[INFO] [1785944317.114759243] [anchor_guardian]: residual 0.53 m — disarmed
[WARN] [1785944318.620218980] [anchor_guardian]: residual 1.02 m > 1.0 — armed
[INFO] [1785944319.615762819] [anchor_guardian]: residual 0.69 m — disarmed
[WARN] [1785944320.614827418] [anchor_guardian]: residual 1.28 m > 1.0 — armed
[WARN] [1785944323.615230230] [anchor_guardian]: RE-ANCHOR FIRED: residual 1.11 m, slam (-2.69,0.44) -> gps (-3.49,-0.33)
[WARN] [1785944329.620775913] [anchor_guardian]: residual 1.40 m > 1.0 — armed
[INFO] [1785944336.120870971] [anchor_guardian]: residual 0.54 m — disarmed
[WARN] [1785944336.617495410] [anchor_guardian]: residual 1.04 m > 1.0 — armed
[INFO] [1785944340.114840087] [anchor_guardian]: residual 0.46 m — disarmed
[WARN] [1785944343.117664153] [anchor_guardian]: residual 1.07 m > 1.0 — armed
[INFO] [1785944343.614381997] [anchor_guardian]: residual 0.69 m — disarmed
[WARN] [1785944344.122098946] [anchor_guardian]: residual 1.04 m > 1.0 — armed
[INFO] [1785944345.621103394] [anchor_guardian]: residual 0.65 m — disarmed
[WARN] [1785944349.616764837] [anchor_guardian]: residual 1.11 m > 1.0 — armed
[INFO] [1785944352.115846256] [anchor_guardian]: residual 0.65 m — disarmed
[WARN] [1785944353.114695009] [anchor_guardian]: residual 1.12 m > 1.0 — armed
[INFO] [1785944354.114255749] [anchor_guardian]: residual 0.20 m — disarmed
[WARN] [1785944358.115681339] [anchor_guardian]: residual 1.17 m > 1.0 — armed
[INFO] [1785944359.117306703] [anchor_guardian]: residual 0.41 m — disarmed
[WARN] [1785944360.615412239] [anchor_guardian]: residual 1.28 m > 1.0 — armed
[INFO] [1785944362.119306222] [anchor_guardian]: residual 0.44 m — disarmed
[WARN] [1785944368.615205214] [anchor_guardian]: residual 1.04 m > 1.0 — armed
[INFO] [1785944369.614871901] [anchor_guardian]: residual 0.68 m — disarmed
[WARN] [1785944370.115281000] [anchor_guardian]: residual 1.04 m > 1.0 — armed
[INFO] [1785944372.620518703] [anchor_guardian]: residual 0.58 m — disarmed
[WARN] [1785944377.614573048] [anchor_guardian]: residual 1.03 m > 1.0 — armed
[INFO] [1785944378.615808219] [anchor_guardian]: residual 0.64 m — disarmed
[WARN] [1785944379.617766039] [anchor_guardian]: residual 1.00 m > 1.0 — armed
[INFO] [1785944380.617751654] [anchor_guardian]: residual 0.50 m — disarmed
[WARN] [1785944381.616878567] [anchor_guardian]: residual 1.16 m > 1.0 — armed
[WARN] [1785944385.122800435] [anchor_guardian]: RE-ANCHOR FIRED: residual 0.88 m, slam (-3.26,0.45) -> gps (-4.14,0.44)
[WARN] [1785944409.616604513] [anchor_guardian]: residual 1.01 m > 1.0 — armed
[INFO] [1785944410.114644932] [anchor_guardian]: residual 0.40 m — disarmed
[WARN] [1785944428.614858091] [anchor_guardian]: residual 1.07 m > 1.0 — armed
[INFO] [1785944429.114988695] [anchor_guardian]: residual 0.70 m — disarmed
[WARN] [1785944430.116372230] [anchor_guardian]: residual 1.09 m > 1.0 — armed
[INFO] [1785944430.617292688] [anchor_guardian]: residual 0.38 m — disarmed
[WARN] [1785944458.115977822] [anchor_guardian]: residual 1.17 m > 1.0 — armed
[INFO] [1785944459.115702136] [anchor_guardian]: residual 0.40 m — disarmed
[WARN] [1785944475.615233939] [anchor_guardian]: residual 1.04 m > 1.0 — armed
[INFO] [1785944476.616581847] [anchor_guardian]: residual 0.27 m — disarmed
[WARN] [1785944482.139536867] [anchor_guardian]: residual 1.16 m > 1.0 — armed
[INFO] [1785944483.115538110] [anchor_guardian]: residual 0.49 m — disarmed
[WARN] [1785944505.116333631] [anchor_guardian]: residual 1.07 m > 1.0 — armed
[INFO] [1785944506.114501244] [anchor_guardian]: residual 0.17 m — disarmed
[WARN] [1785944520.125491192] [anchor_guardian]: residual 1.02 m > 1.0 — armed
[INFO] [1785944521.126169151] [anchor_guardian]: residual 0.60 m — disarmed
[WARN] [1785944525.648968565] [anchor_guardian]: residual 1.06 m > 1.0 — armed
[INFO] [1785944526.615529370] [anchor_guardian]: residual 0.41 m — disarmed
[WARN] [1785944532.615640264] [anchor_guardian]: residual 1.03 m > 1.0 — armed
[INFO] [1785944533.115378462] [anchor_guardian]: residual 0.45 m — disarmed
[WARN] [1785944540.617908182] [anchor_guardian]: residual 1.03 m > 1.0 — armed
[INFO] [1785944541.118331100] [anchor_guardian]: residual 0.47 m — disarmed
[WARN] [1785944559.115881088] [anchor_guardian]: residual 1.04 m > 1.0 — armed
[INFO] [1785944560.114535559] [anchor_guardian]: residual 0.31 m — disarmed
[WARN] [1785944562.115174971] [anchor_guardian]: residual 1.04 m > 1.0 — armed
[INFO] [1785944562.615090076] [anchor_guardian]: residual 0.60 m — disarmed
[WARN] [1785944583.614583066] [anchor_guardian]: residual 1.02 m > 1.0 — armed
[INFO] [1785944584.114875019] [anchor_guardian]: residual 0.58 m — disarmed
[WARN] [1785944607.616335624] [anchor_guardian]: residual 1.04 m > 1.0 — armed
[INFO] [1785944608.115268064] [anchor_guardian]: residual 0.51 m — disarmed
[WARN] [1785944612.118736812] [anchor_guardian]: residual 1.09 m > 1.0 — armed
[INFO] [1785944614.122385865] [anchor_guardian]: residual 0.45 m — disarmed
[WARN] [1785944625.114549865] [anchor_guardian]: residual 1.07 m > 1.0 — armed
[INFO] [1785944626.615452990] [anchor_guardian]: residual 0.38 m — disarmed
[WARN] [1785944627.619752524] [anchor_guardian]: residual 1.09 m > 1.0 — armed
[INFO] [1785944628.115011663] [anchor_guardian]: residual 0.60 m — disarmed
[WARN] [1785944646.114146048] [anchor_guardian]: residual 1.05 m > 1.0 — armed
[INFO] [1785944647.114034209] [anchor_guardian]: residual 0.20 m — disarmed
[WARN] [1785944657.114986978] [anchor_guardian]: residual 1.05 m > 1.0 — armed
[INFO] [1785944658.114905264] [anchor_guardian]: residual 0.29 m — disarmed
[WARN] [1785944667.124020341] [anchor_guardian]: residual 1.01 m > 1.0 — armed
[INFO] [1785944668.125729685] [anchor_guardian]: residual 0.37 m — disarmed
[WARN] [1785944674.614618907] [anchor_guardian]: residual 1.01 m > 1.0 — armed
[INFO] [1785944675.115856749] [anchor_guardian]: residual 0.59 m — disarmed
[WARN] [1785944675.614778174] [anchor_guardian]: residual 1.02 m > 1.0 — armed
[INFO] [1785944676.114719642] [anchor_guardian]: residual 0.43 m — disarmed
[WARN] [1785944685.118790525] [anchor_guardian]: residual 1.20 m > 1.0 — armed
[INFO] [1785944686.614737829] [anchor_guardian]: residual 0.31 m — disarmed
[WARN] [1785944692.614214704] [anchor_guardian]: residual 1.26 m > 1.0 — armed
[INFO] [1785944693.114291628] [anchor_guardian]: residual 0.52 m — disarmed
[WARN] [1785944707.114090410] [anchor_guardian]: residual 1.08 m > 1.0 — armed
[INFO] [1785944707.615036264] [anchor_guardian]: residual 0.60 m — disarmed
[WARN] [1785944708.614986125] [anchor_guardian]: residual 1.31 m > 1.0 — armed
[INFO] [1785944710.614606678] [anchor_guardian]: residual 0.05 m — disarmed
[WARN] [1785944714.114425765] [anchor_guardian]: residual 1.24 m > 1.0 — armed
[INFO] [1785944715.614231312] [anchor_guardian]: residual 0.37 m — disarmed
[WARN] [1785944730.616740938] [anchor_guardian]: residual 1.29 m > 1.0 — armed
[WARN] [1785944734.115095122] [anchor_guardian]: RE-ANCHOR FIRED: residual 0.72 m, slam (-4.45,1.87) -> gps (-3.85,1.46)
[WARN] [1785944735.619218809] [anchor_guardian]: residual 1.08 m > 1.0 — armed
[INFO] [1785944736.614897595] [anchor_guardian]: residual 0.49 m — disarmed
[WARN] [1785944739.115387339] [anchor_guardian]: residual 1.08 m > 1.0 — armed
[INFO] [1785944739.614127902] [anchor_guardian]: residual 0.54 m — disarmed
[WARN] [1785944747.640205532] [anchor_guardian]: residual 1.06 m > 1.0 — armed
[INFO] [1785944750.116140196] [anchor_guardian]: residual 0.49 m — disarmed
[WARN] [1785944751.114207399] [anchor_guardian]: residual 1.12 m > 1.0 — armed
[INFO] [1785944753.114749318] [anchor_guardian]: residual 0.52 m — disarmed
[WARN] [1785944754.615938177] [anchor_guardian]: residual 1.10 m > 1.0 — armed
[INFO] [1785944755.114022533] [anchor_guardian]: residual 0.67 m — disarmed
[WARN] [1785944760.114306039] [anchor_guardian]: residual 1.09 m > 1.0 — armed
[INFO] [1785944762.613993043] [anchor_guardian]: residual 0.23 m — disarmed
[WARN] [1785944766.114142773] [anchor_guardian]: residual 1.07 m > 1.0 — armed
[INFO] [1785944767.615528042] [anchor_guardian]: residual 0.68 m — disarmed
[WARN] [1785944773.114614371] [anchor_guardian]: residual 1.30 m > 1.0 — armed
[INFO] [1785944775.115711903] [anchor_guardian]: residual 0.67 m — disarmed
[WARN] [1785944777.643487905] [anchor_guardian]: residual 1.20 m > 1.0 — armed
[INFO] [1785944778.120208655] [anchor_guardian]: residual 0.70 m — disarmed
[WARN] [1785944782.614363301] [anchor_guardian]: residual 1.09 m > 1.0 — armed
[INFO] [1785944784.618182331] [anchor_guardian]: residual 0.55 m — disarmed
[WARN] [1785944787.624793165] [anchor_guardian]: residual 1.16 m > 1.0 — armed
[INFO] [1785944788.114737861] [anchor_guardian]: residual 0.55 m — disarmed
[WARN] [1785944790.114085034] [anchor_guardian]: residual 1.07 m > 1.0 — armed
[WARN] [1785944793.116587528] [anchor_guardian]: RE-ANCHOR FIRED: residual 1.49 m, slam (-4.40,1.91) -> gps (-3.73,0.58)
[WARN] [1785944793.614094529] [anchor_guardian]: residual 1.21 m > 1.0 — armed
[INFO] [1785944802.615149739] [anchor_guardian]: residual 0.64 m — disarmed
[WARN] [1785944803.114780849] [anchor_guardian]: residual 1.02 m > 1.0 — armed
[WARN] [1785944808.614985972] [anchor_guardian]: RE-ANCHOR FIRED: residual 1.14 m, slam (-4.12,0.57) -> gps (-3.09,1.09)
[WARN] [1785944810.114362815] [anchor_guardian]: residual 1.11 m > 1.0 — armed
[INFO] [1785944811.615048576] [anchor_guardian]: residual 0.63 m — disarmed
[WARN] [1785944814.113944323] [anchor_guardian]: residual 1.12 m > 1.0 — armed
[INFO] [1785944814.614358605] [anchor_guardian]: residual 0.65 m — disarmed
[WARN] [1785944817.616330895] [anchor_guardian]: residual 1.21 m > 1.0 — armed
[INFO] [1785944819.118003934] [anchor_guardian]: residual 0.70 m — disarmed
[WARN] [1785944822.618324449] [anchor_guardian]: residual 1.29 m > 1.0 — armed
[INFO] [1785944823.615848610] [anchor_guardian]: residual 0.36 m — disarmed
[WARN] [1785944828.614002100] [anchor_guardian]: residual 1.08 m > 1.0 — armed
[INFO] [1785944829.114541872] [anchor_guardian]: residual 0.46 m — disarmed
[WARN] [1785944830.114456067] [anchor_guardian]: residual 1.41 m > 1.0 — armed
[INFO] [1785944831.116546167] [anchor_guardian]: residual 0.62 m — disarmed
[WARN] [1785944833.116223024] [anchor_guardian]: residual 1.12 m > 1.0 — armed
[INFO] [1785944834.118036889] [anchor_guardian]: residual 0.67 m — disarmed
[WARN] [1785944838.621527930] [anchor_guardian]: residual 1.20 m > 1.0 — armed
[INFO] [1785944839.118238751] [anchor_guardian]: residual 0.63 m — disarmed
[WARN] [1785944845.114598664] [anchor_guardian]: residual 1.08 m > 1.0 — armed
[INFO] [1785944847.114659167] [anchor_guardian]: residual 0.53 m — disarmed
[WARN] [1785944855.120662812] [anchor_guardian]: residual 1.37 m > 1.0 — armed
[INFO] [1785944855.615014480] [anchor_guardian]: residual 0.68 m — disarmed
[WARN] [1785944859.115882258] [anchor_guardian]: residual 1.04 m > 1.0 — armed
[INFO] [1785944861.115779097] [anchor_guardian]: residual 0.24 m — disarmed
[WARN] [1785944866.614285768] [anchor_guardian]: residual 1.34 m > 1.0 — armed
[INFO] [1785944867.614596227] [anchor_guardian]: residual 0.55 m — disarmed
[WARN] [1785944875.117041584] [anchor_guardian]: residual 1.09 m > 1.0 — armed
[INFO] [1785944876.114841099] [anchor_guardian]: residual 0.54 m — disarmed
[WARN] [1785944879.115650364] [anchor_guardian]: residual 1.08 m > 1.0 — armed
[INFO] [1785944880.615532948] [anchor_guardian]: residual 0.57 m — disarmed
[WARN] [1785944884.114790655] [anchor_guardian]: residual 1.06 m > 1.0 — armed
[WARN] [1785944887.125179433] [anchor_guardian]: RE-ANCHOR FIRED: residual 0.81 m, slam (-3.21,1.77) -> gps (-3.22,0.96)
[WARN] [1785944897.614674977] [anchor_guardian]: residual 1.46 m > 1.0 — armed
[INFO] [1785944898.614552313] [anchor_guardian]: residual 0.64 m — disarmed
[WARN] [1785944905.615501452] [anchor_guardian]: residual 1.01 m > 1.0 — armed
[INFO] [1785944907.114728014] [anchor_guardian]: residual 0.24 m — disarmed
[WARN] [1785944909.114181187] [anchor_guardian]: residual 1.34 m > 1.0 — armed
[INFO] [1785944912.119770855] [anchor_guardian]: residual 0.59 m — disarmed
[WARN] [1785944913.115736623] [anchor_guardian]: residual 1.06 m > 1.0 — armed
[INFO] [1785944914.617541532] [anchor_guardian]: residual 0.58 m — disarmed
[WARN] [1785944916.615274382] [anchor_guardian]: residual 1.10 m > 1.0 — armed
[INFO] [1785944918.614518126] [anchor_guardian]: residual 0.40 m — disarmed
[WARN] [1785944921.616148279] [anchor_guardian]: residual 1.26 m > 1.0 — armed
[INFO] [1785944922.114761672] [anchor_guardian]: residual 0.51 m — disarmed
[WARN] [1785944924.113944666] [anchor_guardian]: residual 1.18 m > 1.0 — armed
[INFO] [1785944925.114045252] [anchor_guardian]: residual 0.31 m — disarmed
[WARN] [1785944927.614899823] [anchor_guardian]: residual 1.11 m > 1.0 — armed
[INFO] [1785944930.614832192] [anchor_guardian]: residual 0.58 m — disarmed
[WARN] [1785944931.114938684] [anchor_guardian]: residual 1.03 m > 1.0 — armed
[INFO] [1785944932.614732472] [anchor_guardian]: residual 0.42 m — disarmed
[WARN] [1785944935.621658527] [anchor_guardian]: residual 1.05 m > 1.0 — armed
[INFO] [1785944936.115106809] [anchor_guardian]: residual 0.64 m — disarmed
[WARN] [1785944938.114763608] [anchor_guardian]: residual 1.51 m > 1.0 — armed
[WARN] [1785944941.616792660] [anchor_guardian]: RE-ANCHOR FIRED: residual 1.02 m, slam (-3.03,1.61) -> gps (-3.96,1.19)
[WARN] [1785944945.614470644] [anchor_guardian]: residual 1.15 m > 1.0 — armed
