[INFO] [launch]: All log files can be found below /root/.ros/log/2026-08-05-15-35-18-767342-DanCohen-280
[INFO] [launch]: Default logging verbosity is set to INFO
[INFO] [foxglove_bridge-1]: process started with pid [296]
[INFO] [rosbridge_websocket-2]: process started with pid [298]
[foxglove_bridge-1] [INFO] [1785944119.364014945] [foxglove_bridge]: Starting foxglove_bridge (humble, 3.4.2@)
[foxglove_bridge-1] [2026-08-05T15:35:19Z INFO  foxglove::websocket::server] Started server on 0.0.0.0:8765
[foxglove_bridge-1] [INFO] [1785944119.368446017] [foxglove_bridge]: Server listening on port 8765
[foxglove_bridge-1] [INFO] [1785944119.379474098] [foxglove_bridge]: Advertising new channel 2 for topic "/tf_static"
[foxglove_bridge-1] [INFO] [1785944119.379552878] [foxglove_bridge]: Advertising new channel 3 for topic "/tf"
[foxglove_bridge-1] [INFO] [1785944119.380584774] [foxglove_bridge]: Advertising new channel 4 for topic "/scan"
[foxglove_bridge-1] [INFO] [1785944119.382881223] [foxglove_bridge]: Advertising new channel 5 for topic "/parameter_events"
[foxglove_bridge-1] [INFO] [1785944119.387054690] [foxglove_bridge]: Advertising new channel 6 for topic "/odom"
[foxglove_bridge-1] [INFO] [1785944119.389711083] [foxglove_bridge]: Advertising new channel 7 for topic "/m20/gait_request"
[foxglove_bridge-1] [INFO] [1785944119.390344817] [foxglove_bridge]: Advertising new channel 8 for topic "/m20/control_authority"
[foxglove_bridge-1] [INFO] [1785944119.390385295] [foxglove_bridge]: Advertising new channel 9 for topic "/odom_true"
[foxglove_bridge-1] [INFO] [1785944119.390851579] [foxglove_bridge]: Advertising new channel 10 for topic "/m20/mode"
[foxglove_bridge-1] [INFO] [1785944119.391128792] [foxglove_bridge]: Advertising new channel 11 for topic "/gps"
[foxglove_bridge-1] [INFO] [1785944119.391429799] [foxglove_bridge]: Advertising new channel 12 for topic "/cmd_vel"
[foxglove_bridge-1] [INFO] [1785944119.392312855] [foxglove_bridge]: Advertising new channel 13 for topic "/m20/health"
[foxglove_bridge-1] [INFO] [1785944119.394508144] [foxglove_bridge]: Advertising new channel 14 for topic "/m20/failsafe"
[foxglove_bridge-1] [INFO] [1785944119.396658553] [foxglove_bridge]: Advertising new channel 15 for topic "/LIDAR/POINTS"
[foxglove_bridge-1] [INFO] [1785944119.399632060] [foxglove_bridge]: Advertising new channel 16 for topic "/JOINTS_DATA"
[foxglove_bridge-1] [INFO] [1785944119.401337515] [foxglove_bridge]: Advertising new channel 17 for topic "/JOINTS_CMD"
[foxglove_bridge-1] [INFO] [1785944119.402168358] [foxglove_bridge]: Advertising new channel 18 for topic "/rosout"
[foxglove_bridge-1] [INFO] [1785944119.403155628] [foxglove_bridge]: Advertising new channel 19 for topic "/IMU_DATA"
[rosbridge_websocket-2] [WARN] [1785944119.436157860] [rosbridge_websocket]: The 'default_call_service_timeout' parameter is currently set to 0.0, which means service calls will block indefinitely if no response is received. Please note that in the Jazzy and later releases, the default value for this parameter will be updated to 5.0 seconds.
[rosbridge_websocket-2] [WARN] [1785944119.437253612] [rosbridge_websocket]: The 'call_services_in_new_thread' parameter is currently set to False, which means service calls will block the main thread. Please note that in the Jazzy and later releases, the default value for this parameter will be updated to True.
[rosbridge_websocket-2] [WARN] [1785944119.438419515] [rosbridge_websocket]: The 'send_action_goals_in_new_thread' parameter is currently set to False, which means sending action goals will block the main thread. Please note that in the Jazzy and later releases, the default value for this parameter will be updated to True.
[rosbridge_websocket-2] [INFO] [1785944119.450655433] [rosbridge_websocket]: Rosbridge WebSocket server started on port 9090
[foxglove_bridge-1] [INFO] [1785944119.457005088] [foxglove_bridge]: Advertising new channel 20 for topic "/connected_clients"
[foxglove_bridge-1] [INFO] [1785944119.458028892] [foxglove_bridge]: Advertising new channel 21 for topic "/client_count"
[foxglove_bridge-1] [INFO] [1785944125.062788491] [foxglove_bridge]: Advertising new channel 22 for topic "/slam_toolbox/update"
[foxglove_bridge-1] [INFO] [1785944125.064140020] [foxglove_bridge]: Advertising new channel 23 for topic "/slam_toolbox/graph_visualization"
[foxglove_bridge-1] [INFO] [1785944125.065017414] [foxglove_bridge]: Advertising new channel 24 for topic "/pose"
[foxglove_bridge-1] [INFO] [1785944125.065092689] [foxglove_bridge]: Advertising new channel 25 for topic "/slam_toolbox/scan_visualization"
[foxglove_bridge-1] [INFO] [1785944125.065682015] [foxglove_bridge]: Advertising new channel 26 for topic "/map_metadata"
[foxglove_bridge-1] [INFO] [1785944125.066591146] [foxglove_bridge]: Advertising new channel 27 for topic "/map"
[foxglove_bridge-1] [INFO] [1785944125.067270919] [foxglove_bridge]: Advertising new channel 28 for topic "/slam_toolbox/feedback"
[foxglove_bridge-1] [INFO] [1785944125.067358365] [foxglove_bridge]: Advertising new channel 29 for topic "/initialpose"
[foxglove_bridge-1] [INFO] [1785944132.596423865] [foxglove_bridge]: Advertising new channel 30 for topic "/transformed_global_plan"
[foxglove_bridge-1] [INFO] [1785944132.598229772] [foxglove_bridge]: Advertising new channel 31 for topic "/speed_limit"
[foxglove_bridge-1] [INFO] [1785944132.598295237] [foxglove_bridge]: Advertising new channel 32 for topic "/received_global_plan"
[foxglove_bridge-1] [INFO] [1785944132.600526889] [foxglove_bridge]: Advertising new channel 33 for topic "/planner_server/transition_event"
[foxglove_bridge-1] [INFO] [1785944132.600602097] [foxglove_bridge]: Advertising new channel 34 for topic "/smoother_server/transition_event"
[foxglove_bridge-1] [INFO] [1785944132.600615683] [foxglove_bridge]: Advertising new channel 35 for topic "/local_plan"
[foxglove_bridge-1] [INFO] [1785944132.600630948] [foxglove_bridge]: Advertising new channel 36 for topic "/waypoint_follower/transition_event"
[foxglove_bridge-1] [INFO] [1785944132.600643965] [foxglove_bridge]: Advertising new channel 37 for topic "/local_costmap/local_costmap/transition_event"
[foxglove_bridge-1] [INFO] [1785944132.601671530] [foxglove_bridge]: Advertising new channel 38 for topic "/local_costmap/footprint"
[foxglove_bridge-1] [INFO] [1785944132.604265320] [foxglove_bridge]: Advertising new channel 39 for topic "/local_costmap/costmap_updates"
[foxglove_bridge-1] [INFO] [1785944132.606360460] [foxglove_bridge]: Advertising new channel 40 for topic "/local_costmap/costmap_raw"
[foxglove_bridge-1] [INFO] [1785944132.607465302] [foxglove_bridge]: Advertising new channel 41 for topic "/global_costmap/published_footprint"
[foxglove_bridge-1] [INFO] [1785944132.607514228] [foxglove_bridge]: Advertising new channel 42 for topic "/velocity_smoother/transition_event"
[foxglove_bridge-1] [INFO] [1785944132.607527170] [foxglove_bridge]: Advertising new channel 43 for topic "/plan_smoothed"
[foxglove_bridge-1] [INFO] [1785944132.607550547] [foxglove_bridge]: Advertising new channel 44 for topic "/global_costmap/global_costmap/transition_event"
[foxglove_bridge-1] [INFO] [1785944132.607561290] [foxglove_bridge]: Advertising new channel 45 for topic "/global_costmap/costmap_updates"
[foxglove_bridge-1] [INFO] [1785944132.607576289] [foxglove_bridge]: Advertising new channel 46 for topic "/global_costmap/costmap_raw"
[foxglove_bridge-1] [INFO] [1785944132.607587315] [foxglove_bridge]: Advertising new channel 47 for topic "/local_costmap/published_footprint"
[foxglove_bridge-1] [INFO] [1785944132.607601088] [foxglove_bridge]: Advertising new channel 48 for topic "/global_costmap/costmap"
[foxglove_bridge-1] [INFO] [1785944132.607683274] [foxglove_bridge]: Advertising new channel 49 for topic "/local_costmap/costmap"
[foxglove_bridge-1] [INFO] [1785944132.610729118] [foxglove_bridge]: Advertising new channel 50 for topic "/diagnostics"
[foxglove_bridge-1] [INFO] [1785944132.610871831] [foxglove_bridge]: Advertising new channel 51 for topic "/cost_cloud"
[foxglove_bridge-1] [INFO] [1785944132.614687307] [foxglove_bridge]: Advertising new channel 52 for topic "/evaluation"
[foxglove_bridge-1] [INFO] [1785944132.614730645] [foxglove_bridge]: Advertising new channel 53 for topic "/controller_server/transition_event"
[foxglove_bridge-1] [INFO] [1785944132.614800700] [foxglove_bridge]: Advertising new channel 54 for topic "/plan"
[foxglove_bridge-1] [INFO] [1785944132.614824077] [foxglove_bridge]: Advertising new channel 55 for topic "/marker"
[foxglove_bridge-1] [INFO] [1785944132.614833030] [foxglove_bridge]: Advertising new channel 56 for topic "/cmd_vel_nav"
[foxglove_bridge-1] [INFO] [1785944132.614850973] [foxglove_bridge]: Advertising new channel 57 for topic "/global_costmap/footprint"
[foxglove_bridge-1] [INFO] [1785944132.614861949] [foxglove_bridge]: Advertising new channel 58 for topic "/bt_navigator/transition_event"
[foxglove_bridge-1] [INFO] [1785944132.614873881] [foxglove_bridge]: Advertising new channel 59 for topic "/behavior_server/transition_event"
[foxglove_bridge-1] [INFO] [1785944133.402911653] [foxglove_bridge]: Advertising new channel 60 for topic "/goal_pose"
[foxglove_bridge-1] [INFO] [1785944133.407603998] [foxglove_bridge]: Advertising new channel 61 for topic "/bond"
[foxglove_bridge-1] [INFO] [1785944134.946375399] [foxglove_bridge]: Advertising new channel 62 for topic "/behavior_tree_log"
[foxglove_bridge-1] [INFO] [1785944146.450772107] [foxglove_bridge]: Advertising new channel 63 for topic "/odom_filtered"
[WARNING] [launch]: user interrupted with ctrl-c (SIGINT)
[INFO] [rosbridge_websocket-2]: sending signal 'SIGINT' to process[rosbridge_websocket-2]
[INFO] [foxglove_bridge-1]: sending signal 'SIGINT' to process[foxglove_bridge-1]
[foxglove_bridge-1] [INFO] [1785944938.909986735] [rclcpp]: signal_handler(SIGINT/SIGTERM)
[foxglove_bridge-1] [INFO] [1785944939.030611794] [foxglove_bridge]: Shutting down foxglove_bridge
[foxglove_bridge-1] [2026-08-05T15:48:59Z INFO  foxglove::websocket::server] Shutting down
[foxglove_bridge-1] [2026-08-05T15:48:59Z INFO  foxglove::websocket::server] Shutdown complete
[foxglove_bridge-1] [INFO] [1785944939.494814436] [foxglove_bridge]: Shutdown complete
[foxglove_bridge-1] [INFO] [1785944939.727522449] [rclcpp]: signal_handler(SIGINT/SIGTERM)
