[INFO] [launch]: All log files can be found below /root/.ros/log/2026-07-27-03-49-51-991616-DanCohen-8699
[INFO] [launch]: Default logging verbosity is set to INFO
[INFO] [controller_server-1]: process started with pid [8700]
[INFO] [smoother_server-2]: process started with pid [8702]
[INFO] [planner_server-3]: process started with pid [8704]
[INFO] [behavior_server-4]: process started with pid [8706]
[INFO] [bt_navigator-5]: process started with pid [8708]
[INFO] [waypoint_follower-6]: process started with pid [8710]
[INFO] [velocity_smoother-7]: process started with pid [8713]
[INFO] [lifecycle_manager-8]: process started with pid [8718]
[smoother_server-2] [INFO] [1785124192.235710510] [smoother_server]: 
[smoother_server-2] 	smoother_server lifecycle node launched. 
[smoother_server-2] 	Waiting on external lifecycle transitions to activate
[smoother_server-2] 	See https://design.ros2.org/articles/node_lifecycle.html for more information.
[smoother_server-2] [INFO] [1785124192.238228237] [smoother_server]: Creating smoother server
[controller_server-1] [INFO] [1785124192.271233526] [controller_server]: 
[controller_server-1] 	controller_server lifecycle node launched. 
[controller_server-1] 	Waiting on external lifecycle transitions to activate
[controller_server-1] 	See https://design.ros2.org/articles/node_lifecycle.html for more information.
[lifecycle_manager-8] [INFO] [1785124192.277462089] [lifecycle_manager_navigation]: Creating
[lifecycle_manager-8] [INFO] [1785124192.281133072] [lifecycle_manager_navigation]: [34m[1mCreating and initializing lifecycle service clients[0m[0m
[waypoint_follower-6] [INFO] [1785124192.282971316] [waypoint_follower]: 
[waypoint_follower-6] 	waypoint_follower lifecycle node launched. 
[waypoint_follower-6] 	Waiting on external lifecycle transitions to activate
[waypoint_follower-6] 	See https://design.ros2.org/articles/node_lifecycle.html for more information.
[waypoint_follower-6] [INFO] [1785124192.294212352] [waypoint_follower]: Creating
[behavior_server-4] [INFO] [1785124192.322585030] [behavior_server]: 
[behavior_server-4] 	behavior_server lifecycle node launched. 
[behavior_server-4] 	Waiting on external lifecycle transitions to activate
[behavior_server-4] 	See https://design.ros2.org/articles/node_lifecycle.html for more information.
[planner_server-3] [INFO] [1785124192.332428033] [planner_server]: 
[planner_server-3] 	planner_server lifecycle node launched. 
[planner_server-3] 	Waiting on external lifecycle transitions to activate
[planner_server-3] 	See https://design.ros2.org/articles/node_lifecycle.html for more information.
[planner_server-3] [INFO] [1785124192.341645375] [planner_server]: Creating
[controller_server-1] [INFO] [1785124192.342105075] [controller_server]: Creating controller server
[velocity_smoother-7] [INFO] [1785124192.342408406] [velocity_smoother]: 
[velocity_smoother-7] 	velocity_smoother lifecycle node launched. 
[velocity_smoother-7] 	Waiting on external lifecycle transitions to activate
[velocity_smoother-7] 	See https://design.ros2.org/articles/node_lifecycle.html for more information.
[bt_navigator-5] [INFO] [1785124192.351859107] [bt_navigator]: 
[bt_navigator-5] 	bt_navigator lifecycle node launched. 
[bt_navigator-5] 	Waiting on external lifecycle transitions to activate
[bt_navigator-5] 	See https://design.ros2.org/articles/node_lifecycle.html for more information.
[bt_navigator-5] [INFO] [1785124192.352030677] [bt_navigator]: Creating
[controller_server-1] [INFO] [1785124192.369238073] [local_costmap.local_costmap]: 
[controller_server-1] 	local_costmap lifecycle node launched. 
[controller_server-1] 	Waiting on external lifecycle transitions to activate
[controller_server-1] 	See https://design.ros2.org/articles/node_lifecycle.html for more information.
[controller_server-1] [INFO] [1785124192.370463878] [local_costmap.local_costmap]: Creating Costmap
[planner_server-3] [INFO] [1785124192.373787625] [global_costmap.global_costmap]: 
[planner_server-3] 	global_costmap lifecycle node launched. 
[planner_server-3] 	Waiting on external lifecycle transitions to activate
[planner_server-3] 	See https://design.ros2.org/articles/node_lifecycle.html for more information.
[planner_server-3] [INFO] [1785124192.374223745] [global_costmap.global_costmap]: Creating Costmap
[lifecycle_manager-8] [INFO] [1785124192.450767017] [lifecycle_manager_navigation]: [34m[1mStarting managed nodes bringup...[0m[0m
[lifecycle_manager-8] [INFO] [1785124192.450877625] [lifecycle_manager_navigation]: [34m[1mConfiguring controller_server[0m[0m
[controller_server-1] [INFO] [1785124192.451677705] [controller_server]: Configuring controller interface
[controller_server-1] [INFO] [1785124192.452068727] [controller_server]: getting goal checker plugins..
[controller_server-1] [INFO] [1785124192.453377863] [controller_server]: Controller frequency set to 20.0000Hz
[controller_server-1] [INFO] [1785124192.453474705] [local_costmap.local_costmap]: Configuring
[controller_server-1] [INFO] [1785124192.465120537] [local_costmap.local_costmap]: Using plugin "obstacle_layer"
[controller_server-1] [INFO] [1785124192.471153164] [local_costmap.local_costmap]: Subscribed to Topics: scan
[controller_server-1] [INFO] [1785124192.477126416] [local_costmap.local_costmap]: Initialized plugin "obstacle_layer"
[controller_server-1] [INFO] [1785124192.477265026] [local_costmap.local_costmap]: Using plugin "inflation_layer"
[controller_server-1] [INFO] [1785124192.479311602] [local_costmap.local_costmap]: Initialized plugin "inflation_layer"
[controller_server-1] [INFO] [1785124192.489950392] [controller_server]: Created progress_checker : progress_checker of type nav2_controller::SimpleProgressChecker
[controller_server-1] [INFO] [1785124192.490597190] [controller_server]: Created goal checker : goal_checker of type nav2_controller::SimpleGoalChecker
[controller_server-1] [INFO] [1785124192.491119829] [controller_server]: Controller Server has goal_checker  goal checkers available.
[controller_server-1] [INFO] [1785124192.493258275] [controller_server]: Created controller : FollowPath of type dwb_core::DWBLocalPlanner
[controller_server-1] [INFO] [1785124192.494954886] [controller_server]: Setting transform_tolerance to 0.300000
[controller_server-1] [INFO] [1785124192.505896696] [controller_server]: Using critic "RotateToGoal" (dwb_critics::RotateToGoalCritic)
[controller_server-1] [INFO] [1785124192.506778175] [controller_server]: Critic plugin initialized
[controller_server-1] [INFO] [1785124192.507034192] [controller_server]: Using critic "Oscillation" (dwb_critics::OscillationCritic)
[controller_server-1] [INFO] [1785124192.507734947] [controller_server]: Critic plugin initialized
[controller_server-1] [INFO] [1785124192.507887762] [controller_server]: Using critic "BaseObstacle" (dwb_critics::BaseObstacleCritic)
[controller_server-1] [INFO] [1785124192.508109575] [controller_server]: Critic plugin initialized
[controller_server-1] [INFO] [1785124192.508316797] [controller_server]: Using critic "GoalAlign" (dwb_critics::GoalAlignCritic)
[controller_server-1] [INFO] [1785124192.508663374] [controller_server]: Critic plugin initialized
[controller_server-1] [INFO] [1785124192.508749894] [controller_server]: Using critic "PathAlign" (dwb_critics::PathAlignCritic)
[controller_server-1] [INFO] [1785124192.509117830] [controller_server]: Critic plugin initialized
[controller_server-1] [INFO] [1785124192.509190153] [controller_server]: Using critic "PathDist" (dwb_critics::PathDistCritic)
[controller_server-1] [INFO] [1785124192.509405580] [controller_server]: Critic plugin initialized
[controller_server-1] [INFO] [1785124192.509504859] [controller_server]: Using critic "GoalDist" (dwb_critics::GoalDistCritic)
[controller_server-1] [INFO] [1785124192.509882968] [controller_server]: Critic plugin initialized
[controller_server-1] [INFO] [1785124192.509910026] [controller_server]: Controller Server has FollowPath  controllers available.
[lifecycle_manager-8] [INFO] [1785124192.518099709] [lifecycle_manager_navigation]: [34m[1mConfiguring smoother_server[0m[0m
[smoother_server-2] [INFO] [1785124192.518500722] [smoother_server]: Configuring smoother server
[smoother_server-2] [INFO] [1785124192.526682185] [smoother_server]: Created smoother : simple_smoother of type nav2_smoother::SimpleSmoother
[smoother_server-2] [INFO] [1785124192.528297636] [smoother_server]: Smoother Server has simple_smoother  smoothers available.
[lifecycle_manager-8] [INFO] [1785124192.534606616] [lifecycle_manager_navigation]: [34m[1mConfiguring planner_server[0m[0m
[planner_server-3] [INFO] [1785124192.535032968] [planner_server]: Configuring
[planner_server-3] [INFO] [1785124192.535079967] [global_costmap.global_costmap]: Configuring
[planner_server-3] [INFO] [1785124192.540774346] [global_costmap.global_costmap]: Using plugin "obstacle_layer"
[planner_server-3] [INFO] [1785124192.545827604] [global_costmap.global_costmap]: Subscribed to Topics: scan
[planner_server-3] [INFO] [1785124192.552239790] [global_costmap.global_costmap]: Initialized plugin "obstacle_layer"
[planner_server-3] [INFO] [1785124192.552309801] [global_costmap.global_costmap]: Using plugin "inflation_layer"
[planner_server-3] [INFO] [1785124192.553709057] [global_costmap.global_costmap]: Initialized plugin "inflation_layer"
[planner_server-3] [INFO] [1785124192.561891119] [planner_server]: Created global planner plugin GridBased of type nav2_navfn_planner/NavfnPlanner
[planner_server-3] [INFO] [1785124192.561976185] [planner_server]: Configuring plugin GridBased of type NavfnPlanner
[planner_server-3] [INFO] [1785124192.564497975] [planner_server]: Planner Server has GridBased  planners available.
[lifecycle_manager-8] [INFO] [1785124192.572877109] [lifecycle_manager_navigation]: [34m[1mConfiguring behavior_server[0m[0m
[behavior_server-4] [INFO] [1785124192.573151223] [behavior_server]: Configuring
[behavior_server-4] [INFO] [1785124192.584317092] [behavior_server]: Creating behavior plugin spin of type nav2_behaviors/Spin
[behavior_server-4] [INFO] [1785124192.585805013] [behavior_server]: Configuring spin
[behavior_server-4] [INFO] [1785124192.593775065] [behavior_server]: Creating behavior plugin backup of type nav2_behaviors/BackUp
[behavior_server-4] [INFO] [1785124192.595675131] [behavior_server]: Configuring backup
[behavior_server-4] [INFO] [1785124192.606935405] [behavior_server]: Creating behavior plugin wait of type nav2_behaviors/Wait
[behavior_server-4] [INFO] [1785124192.607578243] [behavior_server]: Configuring wait
[lifecycle_manager-8] [INFO] [1785124192.616207048] [lifecycle_manager_navigation]: [34m[1mConfiguring bt_navigator[0m[0m
[bt_navigator-5] [INFO] [1785124192.616597899] [bt_navigator]: Configuring
[lifecycle_manager-8] [INFO] [1785124192.688006881] [lifecycle_manager_navigation]: [34m[1mConfiguring waypoint_follower[0m[0m
[waypoint_follower-6] [INFO] [1785124192.688251199] [waypoint_follower]: Configuring
[waypoint_follower-6] [INFO] [1785124192.699411103] [waypoint_follower]: Created waypoint_task_executor : wait_at_waypoint of type nav2_waypoint_follower::WaitAtWaypoint
[waypoint_follower-6] [INFO] [1785124192.700245888] [waypoint_follower]: Waypoint pause duration is set to zero, disabling task executor plugin.
[lifecycle_manager-8] [INFO] [1785124192.701185410] [lifecycle_manager_navigation]: [34m[1mConfiguring velocity_smoother[0m[0m
[velocity_smoother-7] [INFO] [1785124192.701525683] [velocity_smoother]: Configuring velocity smoother
[lifecycle_manager-8] [INFO] [1785124192.706551008] [lifecycle_manager_navigation]: [34m[1mActivating controller_server[0m[0m
[controller_server-1] [INFO] [1785124192.706754139] [controller_server]: Activating
[controller_server-1] [INFO] [1785124192.706789029] [local_costmap.local_costmap]: Activating
[controller_server-1] [INFO] [1785124192.706799474] [local_costmap.local_costmap]: Checking transform
[controller_server-1] [INFO] [1785124192.706922566] [local_costmap.local_costmap]: start
[controller_server-1] [INFO] [1785124192.957511348] [controller_server]: Creating bond (controller_server) to lifecycle manager.
[lifecycle_manager-8] [INFO] [1785124193.074060554] [lifecycle_manager_navigation]: Server controller_server connected with bond.
[lifecycle_manager-8] [INFO] [1785124193.074250797] [lifecycle_manager_navigation]: [34m[1mActivating smoother_server[0m[0m
[smoother_server-2] [INFO] [1785124193.074941159] [smoother_server]: Activating
[smoother_server-2] [INFO] [1785124193.075016015] [smoother_server]: Creating bond (smoother_server) to lifecycle manager.
[lifecycle_manager-8] [INFO] [1785124193.186883768] [lifecycle_manager_navigation]: Server smoother_server connected with bond.
[lifecycle_manager-8] [INFO] [1785124193.187015456] [lifecycle_manager_navigation]: [34m[1mActivating planner_server[0m[0m
[planner_server-3] [INFO] [1785124193.187887644] [planner_server]: Activating
[planner_server-3] [INFO] [1785124193.187959282] [global_costmap.global_costmap]: Activating
[planner_server-3] [INFO] [1785124193.187979936] [global_costmap.global_costmap]: Checking transform
[planner_server-3] [INFO] [1785124193.188402208] [global_costmap.global_costmap]: start
[planner_server-3] [INFO] [1785124193.239381188] [planner_server]: Activating plugin GridBased of type NavfnPlanner
[planner_server-3] [INFO] [1785124193.241601927] [planner_server]: Creating bond (planner_server) to lifecycle manager.
[lifecycle_manager-8] [INFO] [1785124193.349441684] [lifecycle_manager_navigation]: Server planner_server connected with bond.
[lifecycle_manager-8] [INFO] [1785124193.349537798] [lifecycle_manager_navigation]: [34m[1mActivating behavior_server[0m[0m
[behavior_server-4] [INFO] [1785124193.350194856] [behavior_server]: Activating
[behavior_server-4] [INFO] [1785124193.350256852] [behavior_server]: Activating spin
[behavior_server-4] [INFO] [1785124193.350284873] [behavior_server]: Activating backup
[behavior_server-4] [INFO] [1785124193.350326542] [behavior_server]: Activating wait
[behavior_server-4] [INFO] [1785124193.350363713] [behavior_server]: Creating bond (behavior_server) to lifecycle manager.
[lifecycle_manager-8] [INFO] [1785124193.462739557] [lifecycle_manager_navigation]: Server behavior_server connected with bond.
[lifecycle_manager-8] [INFO] [1785124193.462808455] [lifecycle_manager_navigation]: [34m[1mActivating bt_navigator[0m[0m
[bt_navigator-5] [INFO] [1785124193.463200334] [bt_navigator]: Activating
[bt_navigator-5] [INFO] [1785124193.525096743] [bt_navigator]: Creating bond (bt_navigator) to lifecycle manager.
[lifecycle_manager-8] [INFO] [1785124193.629986596] [lifecycle_manager_navigation]: Server bt_navigator connected with bond.
[lifecycle_manager-8] [INFO] [1785124193.630103478] [lifecycle_manager_navigation]: [34m[1mActivating waypoint_follower[0m[0m
[waypoint_follower-6] [INFO] [1785124193.630427127] [waypoint_follower]: Activating
[waypoint_follower-6] [INFO] [1785124193.630461645] [waypoint_follower]: Creating bond (waypoint_follower) to lifecycle manager.
[lifecycle_manager-8] [INFO] [1785124193.734695058] [lifecycle_manager_navigation]: Server waypoint_follower connected with bond.
[lifecycle_manager-8] [INFO] [1785124193.734864615] [lifecycle_manager_navigation]: [34m[1mActivating velocity_smoother[0m[0m
[velocity_smoother-7] [INFO] [1785124193.739121222] [velocity_smoother]: Activating
[velocity_smoother-7] [INFO] [1785124193.739307297] [velocity_smoother]: Creating bond (velocity_smoother) to lifecycle manager.
[lifecycle_manager-8] [INFO] [1785124193.850772358] [lifecycle_manager_navigation]: Server velocity_smoother connected with bond.
[lifecycle_manager-8] [INFO] [1785124193.850933634] [lifecycle_manager_navigation]: [34m[1mManaged nodes are active[0m[0m
[lifecycle_manager-8] [INFO] [1785124193.850962742] [lifecycle_manager_navigation]: [34m[1mCreating bond timer...[0m[0m
[bt_navigator-5] [INFO] [1785124208.912747642] [bt_navigator]: Begin navigating from current location (0.09, -0.08) to (-6.00, -0.50)
[controller_server-1] [INFO] [1785124208.933914941] [controller_server]: Received a goal, begin computing control effort.
[controller_server-1] [WARN] [1785124208.933995149] [controller_server]: No goal checker was specified in parameter 'current_goal_checker'. Server will use only plugin loaded goal_checker . This warning will appear once.
[controller_server-1] [INFO] [1785124209.984307452] [controller_server]: Passing new path to controller.
[bt_navigator-5] [WARN] [1785124210.267374123] [BehaviorTreeEngine]: Behavior Tree tick rate 100.00 was exceeded!
[controller_server-1] [INFO] [1785124211.034274157] [controller_server]: Passing new path to controller.
[controller_server-1] [INFO] [1785124212.034253953] [controller_server]: Passing new path to controller.
[controller_server-1] [INFO] [1785124213.084384310] [controller_server]: Passing new path to controller.
[controller_server-1] [INFO] [1785124214.084255082] [controller_server]: Passing new path to controller.
[controller_server-1] [INFO] [1785124215.134631971] [controller_server]: Passing new path to controller.
[controller_server-1] [INFO] [1785124216.134690118] [controller_server]: Passing new path to controller.
[controller_server-1] [INFO] [1785124217.184330896] [controller_server]: Passing new path to controller.
[controller_server-1] [INFO] [1785124218.184296592] [controller_server]: Passing new path to controller.
[controller_server-1] [INFO] [1785124219.234282199] [controller_server]: Passing new path to controller.
[bt_navigator-5] [WARN] [1785124219.855702601] [BehaviorTreeEngine]: Behavior Tree tick rate 100.00 was exceeded!
[bt_navigator-5] [WARN] [1785124219.937426929] [BehaviorTreeEngine]: Behavior Tree tick rate 100.00 was exceeded!
[controller_server-1] [INFO] [1785124220.284335587] [controller_server]: Passing new path to controller.
[controller_server-1] [INFO] [1785124221.284238575] [controller_server]: Passing new path to controller.
[controller_server-1] [INFO] [1785124222.334275143] [controller_server]: Passing new path to controller.
[controller_server-1] [INFO] [1785124223.335886384] [controller_server]: Passing new path to controller.
[bt_navigator-5] [WARN] [1785124224.162899428] [BehaviorTreeEngine]: Behavior Tree tick rate 100.00 was exceeded!
[bt_navigator-5] [WARN] [1785124224.254553054] [BehaviorTreeEngine]: Behavior Tree tick rate 100.00 was exceeded!
[controller_server-1] [INFO] [1785124224.384609356] [controller_server]: Passing new path to controller.
[controller_server-1] [INFO] [1785124225.434271782] [controller_server]: Passing new path to controller.
[controller_server-1] [INFO] [1785124226.434276278] [controller_server]: Passing new path to controller.
[planner_server-3] [ERROR] [1785124227.434493782] [planner_server]: Failed to create a plan from potential when a legal potential was found. This shouldn't happen.
[planner_server-3] [WARN] [1785124227.436159057] [planner_server]: GridBased: failed to create plan with tolerance 0.50.
[planner_server-3] [WARN] [1785124227.436192857] [planner_server]: Planning algorithm GridBased failed to generate a valid path to (-6.00, -0.50)
[planner_server-3] [WARN] [1785124227.436209996] [planner_server]: [compute_path_to_pose] [ActionServer] Aborting handle.
[planner_server-3] [INFO] [1785124227.453174497] [global_costmap.global_costmap]: Received request to clear entirely the global_costmap
[planner_server-3] [WARN] [1785124228.195681928] [planner_server]: Planner loop missed its desired rate of 2.0000 Hz. Current loop rate is 1.3484 Hz
[controller_server-1] [INFO] [1785124228.234265663] [controller_server]: Passing new path to controller.
[controller_server-1] [INFO] [1785124229.284252169] [controller_server]: Passing new path to controller.
[controller_server-1] [INFO] [1785124230.284262210] [controller_server]: Passing new path to controller.
[controller_server-1] [INFO] [1785124231.334273812] [controller_server]: Passing new path to controller.
[controller_server-1] [INFO] [1785124232.334251480] [controller_server]: Passing new path to controller.
[controller_server-1] [INFO] [1785124233.384642769] [controller_server]: Passing new path to controller.
[controller_server-1] [INFO] [1785124234.434326778] [controller_server]: Passing new path to controller.
[bt_navigator-5] [WARN] [1785124234.777018765] [BehaviorTreeEngine]: Behavior Tree tick rate 100.00 was exceeded!
[bt_navigator-5] [WARN] [1785124234.788575213] [BehaviorTreeEngine]: Behavior Tree tick rate 100.00 was exceeded!
[controller_server-1] [INFO] [1785124235.434283464] [controller_server]: Passing new path to controller.
[controller_server-1] [INFO] [1785124236.484337878] [controller_server]: Passing new path to controller.
[controller_server-1] [INFO] [1785124237.534267583] [controller_server]: Passing new path to controller.
[controller_server-1] [INFO] [1785124238.534605960] [controller_server]: Passing new path to controller.
[bt_navigator-5] [WARN] [1785124239.268715799] [BehaviorTreeEngine]: Behavior Tree tick rate 100.00 was exceeded!
[bt_navigator-5] [WARN] [1785124239.373498092] [BehaviorTreeEngine]: Behavior Tree tick rate 100.00 was exceeded!
[controller_server-1] [WARN] [1785124239.394855055] [controller_server]: Control loop missed its desired rate of 20.0000Hz
[bt_navigator-5] [WARN] [1785124239.451395174] [BehaviorTreeEngine]: Behavior Tree tick rate 100.00 was exceeded!
[controller_server-1] [INFO] [1785124239.534255157] [controller_server]: Passing new path to controller.
[bt_navigator-5] [WARN] [1785124239.603995885] [BehaviorTreeEngine]: Behavior Tree tick rate 100.00 was exceeded!
[controller_server-1] [INFO] [1785124240.584260813] [controller_server]: Passing new path to controller.
[controller_server-1] [INFO] [1785124241.634240557] [controller_server]: Passing new path to controller.
[controller_server-1] [INFO] [1785124242.634246751] [controller_server]: Passing new path to controller.
[controller_server-1] [INFO] [1785124243.684267232] [controller_server]: Passing new path to controller.
[controller_server-1] [INFO] [1785124244.684293899] [controller_server]: Passing new path to controller.
[controller_server-1] [INFO] [1785124245.734573751] [controller_server]: Passing new path to controller.
[controller_server-1] [INFO] [1785124246.784299250] [controller_server]: Passing new path to controller.
[controller_server-1] [INFO] [1785124247.784314145] [controller_server]: Passing new path to controller.
[controller_server-1] [INFO] [1785124248.835076823] [controller_server]: Passing new path to controller.
[controller_server-1] [INFO] [1785124249.884269716] [controller_server]: Passing new path to controller.
[controller_server-1] [INFO] [1785124250.884265629] [controller_server]: Passing new path to controller.
[controller_server-1] [INFO] [1785124251.934260909] [controller_server]: Passing new path to controller.
[controller_server-1] [INFO] [1785124252.787768784] [controller_server]: Reached the goal!
[bt_navigator-5] [INFO] [1785124252.824590704] [bt_navigator]: Goal succeeded
