[INFO] [launch]: All log files can be found below /root/.ros/log/2026-07-27-03-48-08-149833-DanCohen-7682
[INFO] [launch]: Default logging verbosity is set to INFO
[INFO] [controller_server-1]: process started with pid [7683]
[INFO] [smoother_server-2]: process started with pid [7685]
[INFO] [planner_server-3]: process started with pid [7687]
[INFO] [behavior_server-4]: process started with pid [7689]
[INFO] [bt_navigator-5]: process started with pid [7691]
[INFO] [waypoint_follower-6]: process started with pid [7693]
[INFO] [velocity_smoother-7]: process started with pid [7695]
[INFO] [lifecycle_manager-8]: process started with pid [7697]
[controller_server-1] [INFO] [1785124088.430123060] [controller_server]: 
[controller_server-1] 	controller_server lifecycle node launched. 
[controller_server-1] 	Waiting on external lifecycle transitions to activate
[controller_server-1] 	See https://design.ros2.org/articles/node_lifecycle.html for more information.
[waypoint_follower-6] [INFO] [1785124088.430996760] [waypoint_follower]: 
[waypoint_follower-6] 	waypoint_follower lifecycle node launched. 
[waypoint_follower-6] 	Waiting on external lifecycle transitions to activate
[waypoint_follower-6] 	See https://design.ros2.org/articles/node_lifecycle.html for more information.
[waypoint_follower-6] [INFO] [1785124088.437774939] [waypoint_follower]: Creating
[lifecycle_manager-8] [INFO] [1785124088.449534604] [lifecycle_manager_navigation]: Creating
[lifecycle_manager-8] [INFO] [1785124088.457270593] [lifecycle_manager_navigation]: [34m[1mCreating and initializing lifecycle service clients[0m[0m
[bt_navigator-5] [INFO] [1785124088.493555471] [bt_navigator]: 
[bt_navigator-5] 	bt_navigator lifecycle node launched. 
[bt_navigator-5] 	Waiting on external lifecycle transitions to activate
[bt_navigator-5] 	See https://design.ros2.org/articles/node_lifecycle.html for more information.
[controller_server-1] [INFO] [1785124088.499216931] [controller_server]: Creating controller server
[planner_server-3] [INFO] [1785124088.501456745] [planner_server]: 
[planner_server-3] 	planner_server lifecycle node launched. 
[planner_server-3] 	Waiting on external lifecycle transitions to activate
[planner_server-3] 	See https://design.ros2.org/articles/node_lifecycle.html for more information.
[bt_navigator-5] [INFO] [1785124088.503650441] [bt_navigator]: Creating
[planner_server-3] [INFO] [1785124088.515127229] [planner_server]: Creating
[planner_server-3] [INFO] [1785124088.532550973] [global_costmap.global_costmap]: 
[planner_server-3] 	global_costmap lifecycle node launched. 
[planner_server-3] 	Waiting on external lifecycle transitions to activate
[planner_server-3] 	See https://design.ros2.org/articles/node_lifecycle.html for more information.
[planner_server-3] [INFO] [1785124088.537080079] [global_costmap.global_costmap]: Creating Costmap
[behavior_server-4] [INFO] [1785124088.570453900] [behavior_server]: 
[behavior_server-4] 	behavior_server lifecycle node launched. 
[behavior_server-4] 	Waiting on external lifecycle transitions to activate
[behavior_server-4] 	See https://design.ros2.org/articles/node_lifecycle.html for more information.
[smoother_server-2] [INFO] [1785124088.578949690] [smoother_server]: 
[smoother_server-2] 	smoother_server lifecycle node launched. 
[smoother_server-2] 	Waiting on external lifecycle transitions to activate
[smoother_server-2] 	See https://design.ros2.org/articles/node_lifecycle.html for more information.
[controller_server-1] [INFO] [1785124088.585534717] [local_costmap.local_costmap]: 
[controller_server-1] 	local_costmap lifecycle node launched. 
[controller_server-1] 	Waiting on external lifecycle transitions to activate
[controller_server-1] 	See https://design.ros2.org/articles/node_lifecycle.html for more information.
[controller_server-1] [INFO] [1785124088.598871794] [local_costmap.local_costmap]: Creating Costmap
[smoother_server-2] [INFO] [1785124088.607620014] [smoother_server]: Creating smoother server
[velocity_smoother-7] [INFO] [1785124088.636445319] [velocity_smoother]: 
[velocity_smoother-7] 	velocity_smoother lifecycle node launched. 
[velocity_smoother-7] 	Waiting on external lifecycle transitions to activate
[velocity_smoother-7] 	See https://design.ros2.org/articles/node_lifecycle.html for more information.
[lifecycle_manager-8] [INFO] [1785124088.666976233] [lifecycle_manager_navigation]: [34m[1mStarting managed nodes bringup...[0m[0m
[lifecycle_manager-8] [INFO] [1785124088.667113678] [lifecycle_manager_navigation]: [34m[1mConfiguring controller_server[0m[0m
[controller_server-1] [INFO] [1785124088.667749205] [controller_server]: Configuring controller interface
[controller_server-1] [INFO] [1785124088.669465978] [controller_server]: getting goal checker plugins..
[controller_server-1] [INFO] [1785124088.669786398] [controller_server]: Controller frequency set to 20.0000Hz
[controller_server-1] [INFO] [1785124088.669876620] [local_costmap.local_costmap]: Configuring
[controller_server-1] [INFO] [1785124088.681155024] [local_costmap.local_costmap]: Using plugin "obstacle_layer"
[controller_server-1] [INFO] [1785124088.694750657] [local_costmap.local_costmap]: Subscribed to Topics: scan
[controller_server-1] [INFO] [1785124088.700251453] [local_costmap.local_costmap]: Initialized plugin "obstacle_layer"
[controller_server-1] [INFO] [1785124088.700393527] [local_costmap.local_costmap]: Using plugin "inflation_layer"
[controller_server-1] [INFO] [1785124088.702189727] [local_costmap.local_costmap]: Initialized plugin "inflation_layer"
[controller_server-1] [INFO] [1785124088.717436842] [controller_server]: Created progress_checker : progress_checker of type nav2_controller::SimpleProgressChecker
[controller_server-1] [INFO] [1785124088.719042753] [controller_server]: Created goal checker : goal_checker of type nav2_controller::SimpleGoalChecker
[controller_server-1] [INFO] [1785124088.720700641] [controller_server]: Controller Server has goal_checker  goal checkers available.
[controller_server-1] [INFO] [1785124088.727300946] [controller_server]: Created controller : FollowPath of type dwb_core::DWBLocalPlanner
[controller_server-1] [INFO] [1785124088.729305403] [controller_server]: Setting transform_tolerance to 0.300000
[controller_server-1] [INFO] [1785124088.745923227] [controller_server]: Using critic "RotateToGoal" (dwb_critics::RotateToGoalCritic)
[controller_server-1] [INFO] [1785124088.747216492] [controller_server]: Critic plugin initialized
[controller_server-1] [INFO] [1785124088.747659487] [controller_server]: Using critic "Oscillation" (dwb_critics::OscillationCritic)
[controller_server-1] [INFO] [1785124088.748652066] [controller_server]: Critic plugin initialized
[controller_server-1] [INFO] [1785124088.748869763] [controller_server]: Using critic "BaseObstacle" (dwb_critics::BaseObstacleCritic)
[controller_server-1] [INFO] [1785124088.749275041] [controller_server]: Critic plugin initialized
[controller_server-1] [INFO] [1785124088.749475871] [controller_server]: Using critic "GoalAlign" (dwb_critics::GoalAlignCritic)
[controller_server-1] [INFO] [1785124088.750142847] [controller_server]: Critic plugin initialized
[controller_server-1] [INFO] [1785124088.750299571] [controller_server]: Using critic "PathAlign" (dwb_critics::PathAlignCritic)
[controller_server-1] [INFO] [1785124088.750967446] [controller_server]: Critic plugin initialized
[controller_server-1] [INFO] [1785124088.751180986] [controller_server]: Using critic "PathDist" (dwb_critics::PathDistCritic)
[controller_server-1] [INFO] [1785124088.751683335] [controller_server]: Critic plugin initialized
[controller_server-1] [INFO] [1785124088.751861283] [controller_server]: Using critic "GoalDist" (dwb_critics::GoalDistCritic)
[controller_server-1] [INFO] [1785124088.752673320] [controller_server]: Critic plugin initialized
[controller_server-1] [INFO] [1785124088.752703411] [controller_server]: Controller Server has FollowPath  controllers available.
[lifecycle_manager-8] [INFO] [1785124088.763891019] [lifecycle_manager_navigation]: [34m[1mConfiguring smoother_server[0m[0m
[smoother_server-2] [INFO] [1785124088.764200373] [smoother_server]: Configuring smoother server
[smoother_server-2] [INFO] [1785124088.777644127] [smoother_server]: Created smoother : simple_smoother of type nav2_smoother::SimpleSmoother
[smoother_server-2] [INFO] [1785124088.779847823] [smoother_server]: Smoother Server has simple_smoother  smoothers available.
[lifecycle_manager-8] [INFO] [1785124088.787636105] [lifecycle_manager_navigation]: [34m[1mConfiguring planner_server[0m[0m
[planner_server-3] [INFO] [1785124088.788461100] [planner_server]: Configuring
[planner_server-3] [INFO] [1785124088.788550700] [global_costmap.global_costmap]: Configuring
[planner_server-3] [INFO] [1785124088.797541745] [global_costmap.global_costmap]: Using plugin "obstacle_layer"
[planner_server-3] [INFO] [1785124088.803103944] [global_costmap.global_costmap]: Subscribed to Topics: scan
[planner_server-3] [INFO] [1785124088.811581067] [global_costmap.global_costmap]: Initialized plugin "obstacle_layer"
[planner_server-3] [INFO] [1785124088.811644633] [global_costmap.global_costmap]: Using plugin "inflation_layer"
[planner_server-3] [INFO] [1785124088.813892232] [global_costmap.global_costmap]: Initialized plugin "inflation_layer"
[planner_server-3] [INFO] [1785124088.829907756] [planner_server]: Created global planner plugin GridBased of type nav2_navfn_planner/NavfnPlanner
[planner_server-3] [INFO] [1785124088.830269945] [planner_server]: Configuring plugin GridBased of type NavfnPlanner
[planner_server-3] [INFO] [1785124088.834715006] [planner_server]: Planner Server has GridBased  planners available.
[lifecycle_manager-8] [INFO] [1785124088.853074574] [lifecycle_manager_navigation]: [34m[1mConfiguring behavior_server[0m[0m
[behavior_server-4] [INFO] [1785124088.853725628] [behavior_server]: Configuring
[behavior_server-4] [INFO] [1785124088.859339108] [behavior_server]: Creating behavior plugin spin of type nav2_behaviors/Spin
[behavior_server-4] [INFO] [1785124088.863725203] [behavior_server]: Configuring spin
[behavior_server-4] [INFO] [1785124088.875834594] [behavior_server]: Creating behavior plugin backup of type nav2_behaviors/BackUp
[behavior_server-4] [INFO] [1785124088.877830188] [behavior_server]: Configuring backup
[behavior_server-4] [INFO] [1785124088.887477365] [behavior_server]: Creating behavior plugin wait of type nav2_behaviors/Wait
[behavior_server-4] [INFO] [1785124088.888659030] [behavior_server]: Configuring wait
[lifecycle_manager-8] [INFO] [1785124088.898071072] [lifecycle_manager_navigation]: [34m[1mConfiguring bt_navigator[0m[0m
[bt_navigator-5] [INFO] [1785124088.898482207] [bt_navigator]: Configuring
[lifecycle_manager-8] [INFO] [1785124089.034013862] [lifecycle_manager_navigation]: [34m[1mConfiguring waypoint_follower[0m[0m
[waypoint_follower-6] [INFO] [1785124089.034369458] [waypoint_follower]: Configuring
[waypoint_follower-6] [INFO] [1785124089.051524902] [waypoint_follower]: Created waypoint_task_executor : wait_at_waypoint of type nav2_waypoint_follower::WaitAtWaypoint
[waypoint_follower-6] [INFO] [1785124089.052697827] [waypoint_follower]: Waypoint pause duration is set to zero, disabling task executor plugin.
[lifecycle_manager-8] [INFO] [1785124089.053560677] [lifecycle_manager_navigation]: [34m[1mConfiguring velocity_smoother[0m[0m
[velocity_smoother-7] [INFO] [1785124089.054019794] [velocity_smoother]: Configuring velocity smoother
[lifecycle_manager-8] [INFO] [1785124089.059491164] [lifecycle_manager_navigation]: [34m[1mActivating controller_server[0m[0m
[controller_server-1] [INFO] [1785124089.059828307] [controller_server]: Activating
[controller_server-1] [INFO] [1785124089.059884202] [local_costmap.local_costmap]: Activating
[controller_server-1] [INFO] [1785124089.059900126] [local_costmap.local_costmap]: Checking transform
[controller_server-1] [INFO] [1785124089.060067368] [local_costmap.local_costmap]: start
[controller_server-1] [INFO] [1785124089.312787512] [controller_server]: Creating bond (controller_server) to lifecycle manager.
[lifecycle_manager-8] [INFO] [1785124089.424555189] [lifecycle_manager_navigation]: Server controller_server connected with bond.
[lifecycle_manager-8] [INFO] [1785124089.424617248] [lifecycle_manager_navigation]: [34m[1mActivating smoother_server[0m[0m
[smoother_server-2] [INFO] [1785124089.424944120] [smoother_server]: Activating
[smoother_server-2] [INFO] [1785124089.424988626] [smoother_server]: Creating bond (smoother_server) to lifecycle manager.
[lifecycle_manager-8] [INFO] [1785124089.531926633] [lifecycle_manager_navigation]: Server smoother_server connected with bond.
[lifecycle_manager-8] [INFO] [1785124089.532065557] [lifecycle_manager_navigation]: [34m[1mActivating planner_server[0m[0m
[planner_server-3] [INFO] [1785124089.533493320] [planner_server]: Activating
[planner_server-3] [INFO] [1785124089.533579469] [global_costmap.global_costmap]: Activating
[planner_server-3] [INFO] [1785124089.533596097] [global_costmap.global_costmap]: Checking transform
[planner_server-3] [INFO] [1785124089.533770633] [global_costmap.global_costmap]: start
[planner_server-3] [INFO] [1785124090.584610016] [planner_server]: Activating plugin GridBased of type NavfnPlanner
[planner_server-3] [INFO] [1785124090.588850808] [planner_server]: Creating bond (planner_server) to lifecycle manager.
[lifecycle_manager-8] [INFO] [1785124090.695282543] [lifecycle_manager_navigation]: Server planner_server connected with bond.
[lifecycle_manager-8] [INFO] [1785124090.695358952] [lifecycle_manager_navigation]: [34m[1mActivating behavior_server[0m[0m
[behavior_server-4] [INFO] [1785124090.695956861] [behavior_server]: Activating
[behavior_server-4] [INFO] [1785124090.695990231] [behavior_server]: Activating spin
[behavior_server-4] [INFO] [1785124090.696008108] [behavior_server]: Activating backup
[behavior_server-4] [INFO] [1785124090.696020715] [behavior_server]: Activating wait
[behavior_server-4] [INFO] [1785124090.696036639] [behavior_server]: Creating bond (behavior_server) to lifecycle manager.
[lifecycle_manager-8] [INFO] [1785124090.800924697] [lifecycle_manager_navigation]: Server behavior_server connected with bond.
[lifecycle_manager-8] [INFO] [1785124090.801023061] [lifecycle_manager_navigation]: [34m[1mActivating bt_navigator[0m[0m
[bt_navigator-5] [INFO] [1785124090.801579284] [bt_navigator]: Activating
[bt_navigator-5] [INFO] [1785124090.857178816] [bt_navigator]: Creating bond (bt_navigator) to lifecycle manager.
[lifecycle_manager-8] [INFO] [1785124090.962693557] [lifecycle_manager_navigation]: Server bt_navigator connected with bond.
[lifecycle_manager-8] [INFO] [1785124090.962772313] [lifecycle_manager_navigation]: [34m[1mActivating waypoint_follower[0m[0m
[waypoint_follower-6] [INFO] [1785124090.963391022] [waypoint_follower]: Activating
[waypoint_follower-6] [INFO] [1785124090.963446243] [waypoint_follower]: Creating bond (waypoint_follower) to lifecycle manager.
[lifecycle_manager-8] [INFO] [1785124091.071585886] [lifecycle_manager_navigation]: Server waypoint_follower connected with bond.
[lifecycle_manager-8] [INFO] [1785124091.071650731] [lifecycle_manager_navigation]: [34m[1mActivating velocity_smoother[0m[0m
[velocity_smoother-7] [INFO] [1785124091.072469669] [velocity_smoother]: Activating
[velocity_smoother-7] [INFO] [1785124091.072546721] [velocity_smoother]: Creating bond (velocity_smoother) to lifecycle manager.
[lifecycle_manager-8] [INFO] [1785124091.178376904] [lifecycle_manager_navigation]: Server velocity_smoother connected with bond.
[lifecycle_manager-8] [INFO] [1785124091.179023205] [lifecycle_manager_navigation]: [34m[1mManaged nodes are active[0m[0m
[lifecycle_manager-8] [INFO] [1785124091.179046254] [lifecycle_manager_navigation]: [34m[1mCreating bond timer...[0m[0m
[bt_navigator-5] [INFO] [1785124104.783041737] [bt_navigator]: Begin navigating from current location (0.10, -0.09) to (-6.00, -0.50)
[controller_server-1] [INFO] [1785124104.817537805] [controller_server]: Received a goal, begin computing control effort.
[controller_server-1] [WARN] [1785124104.817664863] [controller_server]: No goal checker was specified in parameter 'current_goal_checker'. Server will use only plugin loaded goal_checker . This warning will appear once.
[controller_server-1] [INFO] [1785124105.869397732] [controller_server]: Passing new path to controller.
[controller_server-1] [INFO] [1785124106.919406318] [controller_server]: Passing new path to controller.
[controller_server-1] [INFO] [1785124107.919390618] [controller_server]: Passing new path to controller.
[controller_server-1] [INFO] [1785124108.969423457] [controller_server]: Passing new path to controller.
[controller_server-1] [INFO] [1785124109.969363798] [controller_server]: Passing new path to controller.
[controller_server-1] [INFO] [1785124111.019420719] [controller_server]: Passing new path to controller.
[controller_server-1] [INFO] [1785124112.070295368] [controller_server]: Passing new path to controller.
[bt_navigator-5] [WARN] [1785124112.275271355] [BehaviorTreeEngine]: Behavior Tree tick rate 100.00 was exceeded!
[controller_server-1] [INFO] [1785124113.069373206] [controller_server]: Passing new path to controller.
[controller_server-1] [INFO] [1785124114.119387557] [controller_server]: Passing new path to controller.
[controller_server-1] [INFO] [1785124115.119374841] [controller_server]: Passing new path to controller.
[bt_navigator-5] [WARN] [1785124115.622187259] [BehaviorTreeEngine]: Behavior Tree tick rate 100.00 was exceeded!
[bt_navigator-5] [WARN] [1785124115.654474565] [BehaviorTreeEngine]: Behavior Tree tick rate 100.00 was exceeded!
[controller_server-1] [INFO] [1785124116.169393814] [controller_server]: Passing new path to controller.
[controller_server-1] [INFO] [1785124117.219375087] [controller_server]: Passing new path to controller.
[controller_server-1] [INFO] [1785124118.219441708] [controller_server]: Passing new path to controller.
[controller_server-1] [INFO] [1785124119.269414161] [controller_server]: Passing new path to controller.
[controller_server-1] [INFO] [1785124120.269393741] [controller_server]: Passing new path to controller.
[bt_navigator-5] [WARN] [1785124121.217469985] [BehaviorTreeEngine]: Behavior Tree tick rate 100.00 was exceeded!
[controller_server-1] [INFO] [1785124121.319372185] [controller_server]: Passing new path to controller.
[bt_navigator-5] [WARN] [1785124121.814871875] [BehaviorTreeEngine]: Behavior Tree tick rate 100.00 was exceeded!
[bt_navigator-5] [WARN] [1785124121.901227810] [BehaviorTreeEngine]: Behavior Tree tick rate 100.00 was exceeded!
[controller_server-1] [INFO] [1785124122.319369444] [controller_server]: Passing new path to controller.
[controller_server-1] [INFO] [1785124123.369398627] [controller_server]: Passing new path to controller.
[controller_server-1] [INFO] [1785124124.419383836] [controller_server]: Passing new path to controller.
[controller_server-1] [INFO] [1785124125.419388501] [controller_server]: Passing new path to controller.
[controller_server-1] [INFO] [1785124126.469383362] [controller_server]: Passing new path to controller.
[bt_navigator-5] [WARN] [1785124127.124336334] [BehaviorTreeEngine]: Behavior Tree tick rate 100.00 was exceeded!
[controller_server-1] [INFO] [1785124127.519409257] [controller_server]: Passing new path to controller.
[bt_navigator-5] [WARN] [1785124127.663373932] [BehaviorTreeEngine]: Behavior Tree tick rate 100.00 was exceeded!
[bt_navigator-5] [WARN] [1785124127.706044798] [BehaviorTreeEngine]: Behavior Tree tick rate 100.00 was exceeded!
[controller_server-1] [INFO] [1785124128.519396423] [controller_server]: Passing new path to controller.
[controller_server-1] [INFO] [1785124129.569716298] [controller_server]: Passing new path to controller.
[controller_server-1] [INFO] [1785124130.569365665] [controller_server]: Passing new path to controller.
[controller_server-1] [INFO] [1785124131.619380209] [controller_server]: Passing new path to controller.
[controller_server-1] [INFO] [1785124132.619409205] [controller_server]: Passing new path to controller.
[controller_server-1] [INFO] [1785124133.669398324] [controller_server]: Passing new path to controller.
[controller_server-1] [INFO] [1785124134.669373358] [controller_server]: Passing new path to controller.
[controller_server-1] [INFO] [1785124135.720130141] [controller_server]: Passing new path to controller.
[controller_server-1] [INFO] [1785124136.769365518] [controller_server]: Passing new path to controller.
[controller_server-1] [INFO] [1785124137.786842516] [controller_server]: Passing new path to controller.
[bt_navigator-5] [WARN] [1785124138.105705723] [BehaviorTreeEngine]: Behavior Tree tick rate 100.00 was exceeded!
[controller_server-1] [INFO] [1785124138.819396709] [controller_server]: Passing new path to controller.
[controller_server-1] [INFO] [1785124139.819387455] [controller_server]: Passing new path to controller.
[controller_server-1] [INFO] [1785124140.421984483] [controller_server]: Reached the goal!
[bt_navigator-5] [INFO] [1785124140.461305328] [bt_navigator]: Goal succeeded
