[INFO] [launch]: All log files can be found below /root/.ros/log/2026-07-27-03-44-25-131200-DanCohen-5681
[INFO] [launch]: Default logging verbosity is set to INFO
[INFO] [controller_server-1]: process started with pid [5682]
[INFO] [smoother_server-2]: process started with pid [5684]
[INFO] [planner_server-3]: process started with pid [5686]
[INFO] [behavior_server-4]: process started with pid [5688]
[INFO] [bt_navigator-5]: process started with pid [5690]
[INFO] [waypoint_follower-6]: process started with pid [5692]
[INFO] [velocity_smoother-7]: process started with pid [5703]
[INFO] [lifecycle_manager-8]: process started with pid [5712]
[smoother_server-2] [INFO] [1785123865.384268130] [smoother_server]: 
[smoother_server-2] 	smoother_server lifecycle node launched. 
[smoother_server-2] 	Waiting on external lifecycle transitions to activate
[smoother_server-2] 	See https://design.ros2.org/articles/node_lifecycle.html for more information.
[smoother_server-2] [INFO] [1785123865.398564767] [smoother_server]: Creating smoother server
[planner_server-3] [INFO] [1785123865.422748709] [planner_server]: 
[planner_server-3] 	planner_server lifecycle node launched. 
[planner_server-3] 	Waiting on external lifecycle transitions to activate
[planner_server-3] 	See https://design.ros2.org/articles/node_lifecycle.html for more information.
[controller_server-1] [INFO] [1785123865.425233178] [controller_server]: 
[controller_server-1] 	controller_server lifecycle node launched. 
[controller_server-1] 	Waiting on external lifecycle transitions to activate
[controller_server-1] 	See https://design.ros2.org/articles/node_lifecycle.html for more information.
[controller_server-1] [INFO] [1785123865.437997689] [controller_server]: Creating controller server
[planner_server-3] [INFO] [1785123865.447633816] [planner_server]: Creating
[velocity_smoother-7] [INFO] [1785123865.457823784] [velocity_smoother]: 
[velocity_smoother-7] 	velocity_smoother lifecycle node launched. 
[velocity_smoother-7] 	Waiting on external lifecycle transitions to activate
[velocity_smoother-7] 	See https://design.ros2.org/articles/node_lifecycle.html for more information.
[controller_server-1] [INFO] [1785123865.470992228] [local_costmap.local_costmap]: 
[controller_server-1] 	local_costmap lifecycle node launched. 
[controller_server-1] 	Waiting on external lifecycle transitions to activate
[controller_server-1] 	See https://design.ros2.org/articles/node_lifecycle.html for more information.
[controller_server-1] [INFO] [1785123865.481019087] [local_costmap.local_costmap]: Creating Costmap
[behavior_server-4] [INFO] [1785123865.491446961] [behavior_server]: 
[behavior_server-4] 	behavior_server lifecycle node launched. 
[behavior_server-4] 	Waiting on external lifecycle transitions to activate
[behavior_server-4] 	See https://design.ros2.org/articles/node_lifecycle.html for more information.
[planner_server-3] [INFO] [1785123865.493111900] [global_costmap.global_costmap]: 
[planner_server-3] 	global_costmap lifecycle node launched. 
[planner_server-3] 	Waiting on external lifecycle transitions to activate
[planner_server-3] 	See https://design.ros2.org/articles/node_lifecycle.html for more information.
[planner_server-3] [INFO] [1785123865.495319483] [global_costmap.global_costmap]: Creating Costmap
[lifecycle_manager-8] [INFO] [1785123865.518876397] [lifecycle_manager_navigation]: Creating
[lifecycle_manager-8] [INFO] [1785123865.528128292] [lifecycle_manager_navigation]: [34m[1mCreating and initializing lifecycle service clients[0m[0m
[waypoint_follower-6] [INFO] [1785123865.589234029] [waypoint_follower]: 
[waypoint_follower-6] 	waypoint_follower lifecycle node launched. 
[waypoint_follower-6] 	Waiting on external lifecycle transitions to activate
[waypoint_follower-6] 	See https://design.ros2.org/articles/node_lifecycle.html for more information.
[waypoint_follower-6] [INFO] [1785123865.597251134] [waypoint_follower]: Creating
[bt_navigator-5] [INFO] [1785123865.598336778] [bt_navigator]: 
[bt_navigator-5] 	bt_navigator lifecycle node launched. 
[bt_navigator-5] 	Waiting on external lifecycle transitions to activate
[bt_navigator-5] 	See https://design.ros2.org/articles/node_lifecycle.html for more information.
[bt_navigator-5] [INFO] [1785123865.598645145] [bt_navigator]: Creating
[lifecycle_manager-8] [INFO] [1785123865.687226190] [lifecycle_manager_navigation]: [34m[1mStarting managed nodes bringup...[0m[0m
[lifecycle_manager-8] [INFO] [1785123865.687943704] [lifecycle_manager_navigation]: [34m[1mConfiguring controller_server[0m[0m
[controller_server-1] [INFO] [1785123865.688551583] [controller_server]: Configuring controller interface
[controller_server-1] [INFO] [1785123865.689717098] [controller_server]: getting goal checker plugins..
[controller_server-1] [INFO] [1785123865.690528046] [controller_server]: Controller frequency set to 20.0000Hz
[controller_server-1] [INFO] [1785123865.690669823] [local_costmap.local_costmap]: Configuring
[controller_server-1] [INFO] [1785123865.702175123] [local_costmap.local_costmap]: Using plugin "obstacle_layer"
[controller_server-1] [INFO] [1785123865.709578404] [local_costmap.local_costmap]: Subscribed to Topics: scan
[controller_server-1] [INFO] [1785123865.716269814] [local_costmap.local_costmap]: Initialized plugin "obstacle_layer"
[controller_server-1] [INFO] [1785123865.716406763] [local_costmap.local_costmap]: Using plugin "inflation_layer"
[controller_server-1] [INFO] [1785123865.720032604] [local_costmap.local_costmap]: Initialized plugin "inflation_layer"
[controller_server-1] [INFO] [1785123865.733466061] [controller_server]: Created progress_checker : progress_checker of type nav2_controller::SimpleProgressChecker
[controller_server-1] [INFO] [1785123865.734409331] [controller_server]: Created goal checker : goal_checker of type nav2_controller::SimpleGoalChecker
[controller_server-1] [INFO] [1785123865.736862512] [controller_server]: Controller Server has goal_checker  goal checkers available.
[controller_server-1] [INFO] [1785123865.745574682] [controller_server]: Created controller : FollowPath of type dwb_core::DWBLocalPlanner
[controller_server-1] [INFO] [1785123865.746355763] [controller_server]: Setting transform_tolerance to 0.300000
[controller_server-1] [INFO] [1785123865.761338633] [controller_server]: Using critic "RotateToGoal" (dwb_critics::RotateToGoalCritic)
[controller_server-1] [INFO] [1785123865.763149924] [controller_server]: Critic plugin initialized
[controller_server-1] [INFO] [1785123865.763429049] [controller_server]: Using critic "Oscillation" (dwb_critics::OscillationCritic)
[controller_server-1] [INFO] [1785123865.765200810] [controller_server]: Critic plugin initialized
[controller_server-1] [INFO] [1785123865.765499281] [controller_server]: Using critic "BaseObstacle" (dwb_critics::BaseObstacleCritic)
[controller_server-1] [INFO] [1785123865.766030122] [controller_server]: Critic plugin initialized
[controller_server-1] [INFO] [1785123865.766272558] [controller_server]: Using critic "GoalAlign" (dwb_critics::GoalAlignCritic)
[controller_server-1] [INFO] [1785123865.767088522] [controller_server]: Critic plugin initialized
[controller_server-1] [INFO] [1785123865.767369355] [controller_server]: Using critic "PathAlign" (dwb_critics::PathAlignCritic)
[controller_server-1] [INFO] [1785123865.768569771] [controller_server]: Critic plugin initialized
[controller_server-1] [INFO] [1785123865.768775933] [controller_server]: Using critic "PathDist" (dwb_critics::PathDistCritic)
[controller_server-1] [INFO] [1785123865.769258506] [controller_server]: Critic plugin initialized
[controller_server-1] [INFO] [1785123865.769403803] [controller_server]: Using critic "GoalDist" (dwb_critics::GoalDistCritic)
[controller_server-1] [INFO] [1785123865.771319744] [controller_server]: Critic plugin initialized
[controller_server-1] [INFO] [1785123865.771432017] [controller_server]: Controller Server has FollowPath  controllers available.
[lifecycle_manager-8] [INFO] [1785123865.790008838] [lifecycle_manager_navigation]: [34m[1mConfiguring smoother_server[0m[0m
[smoother_server-2] [INFO] [1785123865.790576943] [smoother_server]: Configuring smoother server
[smoother_server-2] [INFO] [1785123865.804656674] [smoother_server]: Created smoother : simple_smoother of type nav2_smoother::SimpleSmoother
[smoother_server-2] [INFO] [1785123865.806882969] [smoother_server]: Smoother Server has simple_smoother  smoothers available.
[lifecycle_manager-8] [INFO] [1785123865.815518243] [lifecycle_manager_navigation]: [34m[1mConfiguring planner_server[0m[0m
[planner_server-3] [INFO] [1785123865.815751898] [planner_server]: Configuring
[planner_server-3] [INFO] [1785123865.815785342] [global_costmap.global_costmap]: Configuring
[planner_server-3] [INFO] [1785123865.829524921] [global_costmap.global_costmap]: Using plugin "obstacle_layer"
[planner_server-3] [INFO] [1785123865.844370800] [global_costmap.global_costmap]: Subscribed to Topics: scan
[planner_server-3] [INFO] [1785123865.851173802] [global_costmap.global_costmap]: Initialized plugin "obstacle_layer"
[planner_server-3] [INFO] [1785123865.851360363] [global_costmap.global_costmap]: Using plugin "inflation_layer"
[planner_server-3] [INFO] [1785123865.853289924] [global_costmap.global_costmap]: Initialized plugin "inflation_layer"
[planner_server-3] [INFO] [1785123865.865272054] [planner_server]: Created global planner plugin GridBased of type nav2_navfn_planner/NavfnPlanner
[planner_server-3] [INFO] [1785123865.865355958] [planner_server]: Configuring plugin GridBased of type NavfnPlanner
[planner_server-3] [INFO] [1785123865.867591494] [planner_server]: Planner Server has GridBased  planners available.
[lifecycle_manager-8] [INFO] [1785123865.903315430] [lifecycle_manager_navigation]: [34m[1mConfiguring behavior_server[0m[0m
[behavior_server-4] [INFO] [1785123865.905662341] [behavior_server]: Configuring
[behavior_server-4] [INFO] [1785123865.934904859] [behavior_server]: Creating behavior plugin spin of type nav2_behaviors/Spin
[behavior_server-4] [INFO] [1785123865.943060687] [behavior_server]: Configuring spin
[behavior_server-4] [INFO] [1785123865.962261526] [behavior_server]: Creating behavior plugin backup of type nav2_behaviors/BackUp
[behavior_server-4] [INFO] [1785123865.966102877] [behavior_server]: Configuring backup
[behavior_server-4] [INFO] [1785123865.975779574] [behavior_server]: Creating behavior plugin wait of type nav2_behaviors/Wait
[behavior_server-4] [INFO] [1785123865.976815709] [behavior_server]: Configuring wait
[lifecycle_manager-8] [INFO] [1785123865.993034734] [lifecycle_manager_navigation]: [34m[1mConfiguring bt_navigator[0m[0m
[bt_navigator-5] [INFO] [1785123865.994209933] [bt_navigator]: Configuring
[lifecycle_manager-8] [INFO] [1785123866.199843194] [lifecycle_manager_navigation]: [34m[1mConfiguring waypoint_follower[0m[0m
[waypoint_follower-6] [INFO] [1785123866.200600057] [waypoint_follower]: Configuring
[waypoint_follower-6] [INFO] [1785123866.240878335] [waypoint_follower]: Created waypoint_task_executor : wait_at_waypoint of type nav2_waypoint_follower::WaitAtWaypoint
[waypoint_follower-6] [INFO] [1785123866.243610623] [waypoint_follower]: Waypoint pause duration is set to zero, disabling task executor plugin.
[lifecycle_manager-8] [INFO] [1785123866.247953787] [lifecycle_manager_navigation]: [34m[1mConfiguring velocity_smoother[0m[0m
[velocity_smoother-7] [INFO] [1785123866.248820964] [velocity_smoother]: Configuring velocity smoother
[lifecycle_manager-8] [INFO] [1785123866.262969535] [lifecycle_manager_navigation]: [34m[1mActivating controller_server[0m[0m
[controller_server-1] [INFO] [1785123866.263358479] [controller_server]: Activating
[controller_server-1] [INFO] [1785123866.263424659] [local_costmap.local_costmap]: Activating
[controller_server-1] [INFO] [1785123866.263445802] [local_costmap.local_costmap]: Checking transform
[controller_server-1] [INFO] [1785123866.263721111] [local_costmap.local_costmap]: start
[controller_server-1] [INFO] [1785123866.465846968] [controller_server]: Creating bond (controller_server) to lifecycle manager.
[lifecycle_manager-8] [INFO] [1785123866.572197063] [lifecycle_manager_navigation]: Server controller_server connected with bond.
[lifecycle_manager-8] [INFO] [1785123866.572320373] [lifecycle_manager_navigation]: [34m[1mActivating smoother_server[0m[0m
[smoother_server-2] [INFO] [1785123866.572940679] [smoother_server]: Activating
[smoother_server-2] [INFO] [1785123866.573029474] [smoother_server]: Creating bond (smoother_server) to lifecycle manager.
[lifecycle_manager-8] [INFO] [1785123866.681295867] [lifecycle_manager_navigation]: Server smoother_server connected with bond.
[lifecycle_manager-8] [INFO] [1785123866.681373009] [lifecycle_manager_navigation]: [34m[1mActivating planner_server[0m[0m
[planner_server-3] [INFO] [1785123866.681682776] [planner_server]: Activating
[planner_server-3] [INFO] [1785123866.681801684] [global_costmap.global_costmap]: Activating
[planner_server-3] [INFO] [1785123866.681821087] [global_costmap.global_costmap]: Checking transform
[planner_server-3] [INFO] [1785123866.682080741] [global_costmap.global_costmap]: start
[planner_server-3] [INFO] [1785123867.683869050] [planner_server]: Activating plugin GridBased of type NavfnPlanner
[planner_server-3] [INFO] [1785123867.685510846] [planner_server]: Creating bond (planner_server) to lifecycle manager.
[lifecycle_manager-8] [INFO] [1785123867.796356431] [lifecycle_manager_navigation]: Server planner_server connected with bond.
[lifecycle_manager-8] [INFO] [1785123867.796541105] [lifecycle_manager_navigation]: [34m[1mActivating behavior_server[0m[0m
[behavior_server-4] [INFO] [1785123867.797191591] [behavior_server]: Activating
[behavior_server-4] [INFO] [1785123867.797273804] [behavior_server]: Activating spin
[behavior_server-4] [INFO] [1785123867.797314351] [behavior_server]: Activating backup
[behavior_server-4] [INFO] [1785123867.797346031] [behavior_server]: Activating wait
[behavior_server-4] [INFO] [1785123867.797382858] [behavior_server]: Creating bond (behavior_server) to lifecycle manager.
[lifecycle_manager-8] [INFO] [1785123867.909920813] [lifecycle_manager_navigation]: Server behavior_server connected with bond.
[lifecycle_manager-8] [INFO] [1785123867.910011350] [lifecycle_manager_navigation]: [34m[1mActivating bt_navigator[0m[0m
[bt_navigator-5] [INFO] [1785123867.911208523] [bt_navigator]: Activating
[bt_navigator-5] [INFO] [1785123867.986566770] [bt_navigator]: Creating bond (bt_navigator) to lifecycle manager.
[lifecycle_manager-8] [INFO] [1785123868.095822300] [lifecycle_manager_navigation]: Server bt_navigator connected with bond.
[lifecycle_manager-8] [INFO] [1785123868.095908674] [lifecycle_manager_navigation]: [34m[1mActivating waypoint_follower[0m[0m
[waypoint_follower-6] [INFO] [1785123868.096514560] [waypoint_follower]: Activating
[waypoint_follower-6] [INFO] [1785123868.096626187] [waypoint_follower]: Creating bond (waypoint_follower) to lifecycle manager.
[lifecycle_manager-8] [INFO] [1785123868.202607576] [lifecycle_manager_navigation]: Server waypoint_follower connected with bond.
[lifecycle_manager-8] [INFO] [1785123868.203260312] [lifecycle_manager_navigation]: [34m[1mActivating velocity_smoother[0m[0m
[velocity_smoother-7] [INFO] [1785123868.204174502] [velocity_smoother]: Activating
[velocity_smoother-7] [INFO] [1785123868.204344067] [velocity_smoother]: Creating bond (velocity_smoother) to lifecycle manager.
[lifecycle_manager-8] [INFO] [1785123868.311119006] [lifecycle_manager_navigation]: Server velocity_smoother connected with bond.
[lifecycle_manager-8] [INFO] [1785123868.311199053] [lifecycle_manager_navigation]: [34m[1mManaged nodes are active[0m[0m
[lifecycle_manager-8] [INFO] [1785123868.311213130] [lifecycle_manager_navigation]: [34m[1mCreating bond timer...[0m[0m
[bt_navigator-5] [INFO] [1785123882.427344003] [bt_navigator]: Begin navigating from current location (0.10, -0.09) to (-6.00, -0.50)
[controller_server-1] [INFO] [1785123882.461596227] [controller_server]: Received a goal, begin computing control effort.
[controller_server-1] [WARN] [1785123882.461885125] [controller_server]: No goal checker was specified in parameter 'current_goal_checker'. Server will use only plugin loaded goal_checker . This warning will appear once.
[bt_navigator-5] [WARN] [1785123882.464371450] [BehaviorTreeEngine]: Behavior Tree tick rate 100.00 was exceeded!
[controller_server-1] [INFO] [1785123883.512591119] [controller_server]: Passing new path to controller.
[controller_server-1] [INFO] [1785123884.559971695] [controller_server]: Passing new path to controller.
[controller_server-1] [ERROR] [1785123884.564076065] [tf_help]: Transform data too old when converting from odom to map
[controller_server-1] [ERROR] [1785123884.564225150] [tf_help]: Data time: 1785123884s 562120892ns, Transform time: 1785123883s 991170709ns
[controller_server-1] [WARN] [1785123884.564977882] [controller_server]: Unable to transform robot pose into global plan's frame
[controller_server-1] [ERROR] [1785123884.566008172] [controller_server]: Controller patience exceeded
[controller_server-1] [WARN] [1785123884.566474453] [controller_server]: [follow_path] [ActionServer] Aborting handle.
[controller_server-1] [INFO] [1785123884.587932333] [local_costmap.local_costmap]: Received request to clear entirely the local_costmap
[controller_server-1] [INFO] [1785123884.589155160] [controller_server]: Received a goal, begin computing control effort.
[controller_server-1] [WARN] [1785123884.671766146] [controller_server]: Control loop missed its desired rate of 20.0000Hz
[controller_server-1] [INFO] [1785123885.589386267] [controller_server]: Passing new path to controller.
[bt_navigator-5] [WARN] [1785123886.322610172] [BehaviorTreeEngine]: Behavior Tree tick rate 100.00 was exceeded!
[bt_navigator-5] [WARN] [1785123886.342316563] [BehaviorTreeEngine]: Behavior Tree tick rate 100.00 was exceeded!
[controller_server-1] [INFO] [1785123886.591445748] [controller_server]: Passing new path to controller.
[bt_navigator-5] [WARN] [1785123887.108439053] [BehaviorTreeEngine]: Behavior Tree tick rate 100.00 was exceeded!
[bt_navigator-5] [WARN] [1785123887.609798381] [BehaviorTreeEngine]: Behavior Tree tick rate 100.00 was exceeded!
[controller_server-1] [INFO] [1785123887.639494061] [controller_server]: Passing new path to controller.
[controller_server-1] [INFO] [1785123888.689384868] [controller_server]: Passing new path to controller.
[bt_navigator-5] [WARN] [1785123889.213871072] [BehaviorTreeEngine]: Behavior Tree tick rate 100.00 was exceeded!
[controller_server-1] [ERROR] [1785123889.239540799] [tf_help]: Transform data too old when converting from odom to map
[controller_server-1] [ERROR] [1785123889.239624032] [tf_help]: Data time: 1785123889s 233744936ns, Transform time: 1785123888s 795904005ns
[controller_server-1] [WARN] [1785123889.239712957] [controller_server]: Unable to transform robot pose into global plan's frame
[controller_server-1] [INFO] [1785123889.689395307] [controller_server]: Passing new path to controller.
[controller_server-1] [INFO] [1785123890.739527533] [controller_server]: Passing new path to controller.
[controller_server-1] [INFO] [1785123891.739405505] [controller_server]: Passing new path to controller.
[controller_server-1] [INFO] [1785123892.789416253] [controller_server]: Passing new path to controller.
[controller_server-1] [INFO] [1785123893.839398795] [controller_server]: Passing new path to controller.
[controller_server-1] [INFO] [1785123894.889363355] [controller_server]: Passing new path to controller.
[controller_server-1] [INFO] [1785123895.889440146] [controller_server]: Passing new path to controller.
[controller_server-1] [INFO] [1785123896.939392011] [controller_server]: Passing new path to controller.
[controller_server-1] [INFO] [1785123897.989378760] [controller_server]: Passing new path to controller.
[controller_server-1] [INFO] [1785123898.989393168] [controller_server]: Passing new path to controller.
[controller_server-1] [INFO] [1785123900.040303253] [controller_server]: Passing new path to controller.
[bt_navigator-5] [WARN] [1785123900.948447522] [BehaviorTreeEngine]: Behavior Tree tick rate 100.00 was exceeded!
[controller_server-1] [INFO] [1785123901.089435382] [controller_server]: Passing new path to controller.
[controller_server-1] [INFO] [1785123902.139390793] [controller_server]: Passing new path to controller.
[controller_server-1] [INFO] [1785123903.139387277] [controller_server]: Passing new path to controller.
[controller_server-1] [INFO] [1785123904.189382831] [controller_server]: Passing new path to controller.
[controller_server-1] [INFO] [1785123905.239395686] [controller_server]: Passing new path to controller.
[bt_navigator-5] [WARN] [1785123905.936391464] [BehaviorTreeEngine]: Behavior Tree tick rate 100.00 was exceeded!
[bt_navigator-5] [WARN] [1785123905.938694207] [BehaviorTreeEngine]: Behavior Tree tick rate 100.00 was exceeded!
[controller_server-1] [INFO] [1785123906.239408035] [controller_server]: Passing new path to controller.
[bt_navigator-5] [WARN] [1785123906.561501773] [BehaviorTreeEngine]: Behavior Tree tick rate 100.00 was exceeded!
[bt_navigator-5] [WARN] [1785123907.024041594] [BehaviorTreeEngine]: Behavior Tree tick rate 100.00 was exceeded!
[bt_navigator-5] [WARN] [1785123907.135416071] [BehaviorTreeEngine]: Behavior Tree tick rate 100.00 was exceeded!
[controller_server-1] [INFO] [1785123907.289391288] [controller_server]: Passing new path to controller.
[controller_server-1] [INFO] [1785123908.289441227] [controller_server]: Passing new path to controller.
[controller_server-1] [INFO] [1785123909.339373768] [controller_server]: Passing new path to controller.
[controller_server-1] [INFO] [1785123910.389396999] [controller_server]: Passing new path to controller.
[bt_navigator-5] [WARN] [1785123910.912939960] [BehaviorTreeEngine]: Behavior Tree tick rate 100.00 was exceeded!
[controller_server-1] [INFO] [1785123911.389377910] [controller_server]: Passing new path to controller.
[controller_server-1] [INFO] [1785123912.439386310] [controller_server]: Passing new path to controller.
[controller_server-1] [INFO] [1785123913.489381141] [controller_server]: Passing new path to controller.
[controller_server-1] [INFO] [1785123914.489373375] [controller_server]: Passing new path to controller.
[controller_server-1] [INFO] [1785123915.539392666] [controller_server]: Passing new path to controller.
[controller_server-1] [INFO] [1785123916.041452647] [controller_server]: Reached the goal!
[bt_navigator-5] [INFO] [1785123916.078944398] [bt_navigator]: Goal succeeded
