[INFO] [launch]: All log files can be found below /root/.ros/log/2026-07-27-03-42-12-614710-DanCohen-4601
[INFO] [launch]: Default logging verbosity is set to INFO
[INFO] [controller_server-1]: process started with pid [4602]
[INFO] [smoother_server-2]: process started with pid [4604]
[INFO] [planner_server-3]: process started with pid [4606]
[INFO] [behavior_server-4]: process started with pid [4608]
[INFO] [bt_navigator-5]: process started with pid [4610]
[INFO] [waypoint_follower-6]: process started with pid [4615]
[INFO] [velocity_smoother-7]: process started with pid [4630]
[INFO] [lifecycle_manager-8]: process started with pid [4645]
[controller_server-1] [INFO] [1785123732.878162581] [controller_server]: 
[controller_server-1] 	controller_server lifecycle node launched. 
[controller_server-1] 	Waiting on external lifecycle transitions to activate
[controller_server-1] 	See https://design.ros2.org/articles/node_lifecycle.html for more information.
[planner_server-3] [INFO] [1785123732.900847870] [planner_server]: 
[planner_server-3] 	planner_server lifecycle node launched. 
[planner_server-3] 	Waiting on external lifecycle transitions to activate
[planner_server-3] 	See https://design.ros2.org/articles/node_lifecycle.html for more information.
[planner_server-3] [INFO] [1785123732.913545923] [planner_server]: Creating
[lifecycle_manager-8] [INFO] [1785123732.927406068] [lifecycle_manager_navigation]: Creating
[smoother_server-2] [INFO] [1785123732.929513496] [smoother_server]: 
[smoother_server-2] 	smoother_server lifecycle node launched. 
[smoother_server-2] 	Waiting on external lifecycle transitions to activate
[smoother_server-2] 	See https://design.ros2.org/articles/node_lifecycle.html for more information.
[controller_server-1] [INFO] [1785123732.930879328] [controller_server]: Creating controller server
[smoother_server-2] [INFO] [1785123732.931027889] [smoother_server]: Creating smoother server
[planner_server-3] [INFO] [1785123732.934235075] [global_costmap.global_costmap]: 
[planner_server-3] 	global_costmap lifecycle node launched. 
[planner_server-3] 	Waiting on external lifecycle transitions to activate
[planner_server-3] 	See https://design.ros2.org/articles/node_lifecycle.html for more information.
[planner_server-3] [INFO] [1785123732.934914353] [global_costmap.global_costmap]: Creating Costmap
[lifecycle_manager-8] [INFO] [1785123732.935445057] [lifecycle_manager_navigation]: [34m[1mCreating and initializing lifecycle service clients[0m[0m
[waypoint_follower-6] [INFO] [1785123732.936148310] [waypoint_follower]: 
[waypoint_follower-6] 	waypoint_follower lifecycle node launched. 
[waypoint_follower-6] 	Waiting on external lifecycle transitions to activate
[waypoint_follower-6] 	See https://design.ros2.org/articles/node_lifecycle.html for more information.
[waypoint_follower-6] [INFO] [1785123732.945515215] [waypoint_follower]: Creating
[bt_navigator-5] [INFO] [1785123732.958353873] [bt_navigator]: 
[bt_navigator-5] 	bt_navigator lifecycle node launched. 
[bt_navigator-5] 	Waiting on external lifecycle transitions to activate
[bt_navigator-5] 	See https://design.ros2.org/articles/node_lifecycle.html for more information.
[bt_navigator-5] [INFO] [1785123732.959140076] [bt_navigator]: Creating
[controller_server-1] [INFO] [1785123732.960668058] [local_costmap.local_costmap]: 
[controller_server-1] 	local_costmap lifecycle node launched. 
[controller_server-1] 	Waiting on external lifecycle transitions to activate
[controller_server-1] 	See https://design.ros2.org/articles/node_lifecycle.html for more information.
[controller_server-1] [INFO] [1785123732.961378110] [local_costmap.local_costmap]: Creating Costmap
[behavior_server-4] [INFO] [1785123733.001744467] [behavior_server]: 
[behavior_server-4] 	behavior_server lifecycle node launched. 
[behavior_server-4] 	Waiting on external lifecycle transitions to activate
[behavior_server-4] 	See https://design.ros2.org/articles/node_lifecycle.html for more information.
[velocity_smoother-7] [INFO] [1785123733.020442457] [velocity_smoother]: 
[velocity_smoother-7] 	velocity_smoother lifecycle node launched. 
[velocity_smoother-7] 	Waiting on external lifecycle transitions to activate
[velocity_smoother-7] 	See https://design.ros2.org/articles/node_lifecycle.html for more information.
[lifecycle_manager-8] [INFO] [1785123733.094145309] [lifecycle_manager_navigation]: [34m[1mStarting managed nodes bringup...[0m[0m
[lifecycle_manager-8] [INFO] [1785123733.094218325] [lifecycle_manager_navigation]: [34m[1mConfiguring controller_server[0m[0m
[controller_server-1] [INFO] [1785123733.095442518] [controller_server]: Configuring controller interface
[controller_server-1] [INFO] [1785123733.095588247] [controller_server]: getting goal checker plugins..
[controller_server-1] [INFO] [1785123733.095704123] [controller_server]: Controller frequency set to 20.0000Hz
[controller_server-1] [INFO] [1785123733.095742448] [local_costmap.local_costmap]: Configuring
[controller_server-1] [INFO] [1785123733.102403113] [local_costmap.local_costmap]: Using plugin "obstacle_layer"
[controller_server-1] [INFO] [1785123733.106908356] [local_costmap.local_costmap]: Subscribed to Topics: scan
[controller_server-1] [INFO] [1785123733.110261980] [local_costmap.local_costmap]: Initialized plugin "obstacle_layer"
[controller_server-1] [INFO] [1785123733.110891212] [local_costmap.local_costmap]: Using plugin "inflation_layer"
[controller_server-1] [INFO] [1785123733.111540349] [local_costmap.local_costmap]: Initialized plugin "inflation_layer"
[controller_server-1] [INFO] [1785123733.119191244] [controller_server]: Created progress_checker : progress_checker of type nav2_controller::SimpleProgressChecker
[controller_server-1] [INFO] [1785123733.120333255] [controller_server]: Created goal checker : goal_checker of type nav2_controller::SimpleGoalChecker
[controller_server-1] [INFO] [1785123733.121344639] [controller_server]: Controller Server has goal_checker  goal checkers available.
[controller_server-1] [INFO] [1785123733.124422054] [controller_server]: Created controller : FollowPath of type dwb_core::DWBLocalPlanner
[controller_server-1] [INFO] [1785123733.126732148] [controller_server]: Setting transform_tolerance to 0.300000
[controller_server-1] [INFO] [1785123733.136215948] [controller_server]: Using critic "RotateToGoal" (dwb_critics::RotateToGoalCritic)
[controller_server-1] [INFO] [1785123733.137269274] [controller_server]: Critic plugin initialized
[controller_server-1] [INFO] [1785123733.137948850] [controller_server]: Using critic "Oscillation" (dwb_critics::OscillationCritic)
[controller_server-1] [INFO] [1785123733.139271089] [controller_server]: Critic plugin initialized
[controller_server-1] [INFO] [1785123733.139620124] [controller_server]: Using critic "BaseObstacle" (dwb_critics::BaseObstacleCritic)
[controller_server-1] [INFO] [1785123733.140673125] [controller_server]: Critic plugin initialized
[controller_server-1] [INFO] [1785123733.140942204] [controller_server]: Using critic "GoalAlign" (dwb_critics::GoalAlignCritic)
[controller_server-1] [INFO] [1785123733.141388255] [controller_server]: Critic plugin initialized
[controller_server-1] [INFO] [1785123733.141553099] [controller_server]: Using critic "PathAlign" (dwb_critics::PathAlignCritic)
[controller_server-1] [INFO] [1785123733.141950550] [controller_server]: Critic plugin initialized
[controller_server-1] [INFO] [1785123733.142096559] [controller_server]: Using critic "PathDist" (dwb_critics::PathDistCritic)
[controller_server-1] [INFO] [1785123733.142330533] [controller_server]: Critic plugin initialized
[controller_server-1] [INFO] [1785123733.142458456] [controller_server]: Using critic "GoalDist" (dwb_critics::GoalDistCritic)
[controller_server-1] [INFO] [1785123733.142749576] [controller_server]: Critic plugin initialized
[controller_server-1] [INFO] [1785123733.142774143] [controller_server]: Controller Server has FollowPath  controllers available.
[lifecycle_manager-8] [INFO] [1785123733.149762152] [lifecycle_manager_navigation]: [34m[1mConfiguring smoother_server[0m[0m
[smoother_server-2] [INFO] [1785123733.150066554] [smoother_server]: Configuring smoother server
[smoother_server-2] [INFO] [1785123733.162246645] [smoother_server]: Created smoother : simple_smoother of type nav2_smoother::SimpleSmoother
[smoother_server-2] [INFO] [1785123733.164695103] [smoother_server]: Smoother Server has simple_smoother  smoothers available.
[lifecycle_manager-8] [INFO] [1785123733.169467568] [lifecycle_manager_navigation]: [34m[1mConfiguring planner_server[0m[0m
[planner_server-3] [INFO] [1785123733.169758018] [planner_server]: Configuring
[planner_server-3] [INFO] [1785123733.169803739] [global_costmap.global_costmap]: Configuring
[planner_server-3] [INFO] [1785123733.177724120] [global_costmap.global_costmap]: Using plugin "obstacle_layer"
[planner_server-3] [INFO] [1785123733.180997944] [global_costmap.global_costmap]: Subscribed to Topics: scan
[planner_server-3] [INFO] [1785123733.184305519] [global_costmap.global_costmap]: Initialized plugin "obstacle_layer"
[planner_server-3] [INFO] [1785123733.184354246] [global_costmap.global_costmap]: Using plugin "inflation_layer"
[planner_server-3] [INFO] [1785123733.184983033] [global_costmap.global_costmap]: Initialized plugin "inflation_layer"
[planner_server-3] [INFO] [1785123733.196373811] [planner_server]: Created global planner plugin GridBased of type nav2_navfn_planner/NavfnPlanner
[planner_server-3] [INFO] [1785123733.196415803] [planner_server]: Configuring plugin GridBased of type NavfnPlanner
[planner_server-3] [INFO] [1785123733.197705880] [planner_server]: Planner Server has GridBased  planners available.
[lifecycle_manager-8] [INFO] [1785123733.204743320] [lifecycle_manager_navigation]: [34m[1mConfiguring behavior_server[0m[0m
[behavior_server-4] [INFO] [1785123733.205036931] [behavior_server]: Configuring
[behavior_server-4] [INFO] [1785123733.214303921] [behavior_server]: Creating behavior plugin spin of type nav2_behaviors/Spin
[behavior_server-4] [INFO] [1785123733.214988490] [behavior_server]: Configuring spin
[behavior_server-4] [INFO] [1785123733.222654998] [behavior_server]: Creating behavior plugin backup of type nav2_behaviors/BackUp
[behavior_server-4] [INFO] [1785123733.223754970] [behavior_server]: Configuring backup
[behavior_server-4] [INFO] [1785123733.230393640] [behavior_server]: Creating behavior plugin wait of type nav2_behaviors/Wait
[behavior_server-4] [INFO] [1785123733.231567792] [behavior_server]: Configuring wait
[lifecycle_manager-8] [INFO] [1785123733.236200827] [lifecycle_manager_navigation]: [34m[1mConfiguring bt_navigator[0m[0m
[bt_navigator-5] [INFO] [1785123733.237410585] [bt_navigator]: Configuring
[lifecycle_manager-8] [INFO] [1785123733.307970236] [lifecycle_manager_navigation]: [34m[1mConfiguring waypoint_follower[0m[0m
[waypoint_follower-6] [INFO] [1785123733.308432980] [waypoint_follower]: Configuring
[waypoint_follower-6] [INFO] [1785123733.318779038] [waypoint_follower]: Created waypoint_task_executor : wait_at_waypoint of type nav2_waypoint_follower::WaitAtWaypoint
[waypoint_follower-6] [INFO] [1785123733.319536472] [waypoint_follower]: Waypoint pause duration is set to zero, disabling task executor plugin.
[lifecycle_manager-8] [INFO] [1785123733.320264436] [lifecycle_manager_navigation]: [34m[1mConfiguring velocity_smoother[0m[0m
[velocity_smoother-7] [INFO] [1785123733.320743996] [velocity_smoother]: Configuring velocity smoother
[lifecycle_manager-8] [INFO] [1785123733.329438883] [lifecycle_manager_navigation]: [34m[1mActivating controller_server[0m[0m
[controller_server-1] [INFO] [1785123733.329760342] [controller_server]: Activating
[controller_server-1] [INFO] [1785123733.329813980] [local_costmap.local_costmap]: Activating
[controller_server-1] [INFO] [1785123733.329835395] [local_costmap.local_costmap]: Checking transform
[controller_server-1] [INFO] [1785123733.330037862] [local_costmap.local_costmap]: start
[controller_server-1] [INFO] [1785123733.531412561] [controller_server]: Creating bond (controller_server) to lifecycle manager.
[lifecycle_manager-8] [INFO] [1785123733.639045393] [lifecycle_manager_navigation]: Server controller_server connected with bond.
[lifecycle_manager-8] [INFO] [1785123733.639136244] [lifecycle_manager_navigation]: [34m[1mActivating smoother_server[0m[0m
[smoother_server-2] [INFO] [1785123733.639426278] [smoother_server]: Activating
[smoother_server-2] [INFO] [1785123733.639461687] [smoother_server]: Creating bond (smoother_server) to lifecycle manager.
[lifecycle_manager-8] [INFO] [1785123733.745080814] [lifecycle_manager_navigation]: Server smoother_server connected with bond.
[lifecycle_manager-8] [INFO] [1785123733.745175815] [lifecycle_manager_navigation]: [34m[1mActivating planner_server[0m[0m
[planner_server-3] [INFO] [1785123733.745833347] [planner_server]: Activating
[planner_server-3] [INFO] [1785123733.745933030] [global_costmap.global_costmap]: Activating
[planner_server-3] [INFO] [1785123733.745951237] [global_costmap.global_costmap]: Checking transform
[planner_server-3] [INFO] [1785123733.746116455] [global_costmap.global_costmap]: start
[planner_server-3] [INFO] [1785123734.797558019] [planner_server]: Activating plugin GridBased of type NavfnPlanner
[planner_server-3] [INFO] [1785123734.800425505] [planner_server]: Creating bond (planner_server) to lifecycle manager.
[lifecycle_manager-8] [INFO] [1785123734.915648136] [lifecycle_manager_navigation]: Server planner_server connected with bond.
[lifecycle_manager-8] [INFO] [1785123734.915731794] [lifecycle_manager_navigation]: [34m[1mActivating behavior_server[0m[0m
[behavior_server-4] [INFO] [1785123734.916990899] [behavior_server]: Activating
[behavior_server-4] [INFO] [1785123734.917097606] [behavior_server]: Activating spin
[behavior_server-4] [INFO] [1785123734.917142655] [behavior_server]: Activating backup
[behavior_server-4] [INFO] [1785123734.917172659] [behavior_server]: Activating wait
[behavior_server-4] [INFO] [1785123734.917204233] [behavior_server]: Creating bond (behavior_server) to lifecycle manager.
[lifecycle_manager-8] [INFO] [1785123735.030857659] [lifecycle_manager_navigation]: Server behavior_server connected with bond.
[lifecycle_manager-8] [INFO] [1785123735.030993718] [lifecycle_manager_navigation]: [34m[1mActivating bt_navigator[0m[0m
[bt_navigator-5] [INFO] [1785123735.032418821] [bt_navigator]: Activating
[bt_navigator-5] [INFO] [1785123735.106913890] [bt_navigator]: Creating bond (bt_navigator) to lifecycle manager.
[lifecycle_manager-8] [INFO] [1785123735.210972672] [lifecycle_manager_navigation]: Server bt_navigator connected with bond.
[lifecycle_manager-8] [INFO] [1785123735.211908450] [lifecycle_manager_navigation]: [34m[1mActivating waypoint_follower[0m[0m
[waypoint_follower-6] [INFO] [1785123735.212611155] [waypoint_follower]: Activating
[waypoint_follower-6] [INFO] [1785123735.212710976] [waypoint_follower]: Creating bond (waypoint_follower) to lifecycle manager.
[lifecycle_manager-8] [INFO] [1785123735.324377982] [lifecycle_manager_navigation]: Server waypoint_follower connected with bond.
[lifecycle_manager-8] [INFO] [1785123735.324507319] [lifecycle_manager_navigation]: [34m[1mActivating velocity_smoother[0m[0m
[velocity_smoother-7] [INFO] [1785123735.325285874] [velocity_smoother]: Activating
[velocity_smoother-7] [INFO] [1785123735.325506170] [velocity_smoother]: Creating bond (velocity_smoother) to lifecycle manager.
[lifecycle_manager-8] [INFO] [1785123735.443103827] [lifecycle_manager_navigation]: Server velocity_smoother connected with bond.
[lifecycle_manager-8] [INFO] [1785123735.443904569] [lifecycle_manager_navigation]: [34m[1mManaged nodes are active[0m[0m
[lifecycle_manager-8] [INFO] [1785123735.443956742] [lifecycle_manager_navigation]: [34m[1mCreating bond timer...[0m[0m
[bt_navigator-5] [INFO] [1785123749.211378605] [bt_navigator]: Begin navigating from current location (0.10, -0.09) to (-6.00, -0.50)
[controller_server-1] [INFO] [1785123749.232893023] [controller_server]: Received a goal, begin computing control effort.
[controller_server-1] [WARN] [1785123749.232971982] [controller_server]: No goal checker was specified in parameter 'current_goal_checker'. Server will use only plugin loaded goal_checker . This warning will appear once.
[controller_server-1] [INFO] [1785123750.283319405] [controller_server]: Passing new path to controller.
[controller_server-1] [INFO] [1785123751.333310496] [controller_server]: Passing new path to controller.
[controller_server-1] [INFO] [1785123752.333290011] [controller_server]: Passing new path to controller.
[controller_server-1] [INFO] [1785123753.383426453] [controller_server]: Passing new path to controller.
[controller_server-1] [INFO] [1785123754.383305733] [controller_server]: Passing new path to controller.
[controller_server-1] [INFO] [1785123755.433310560] [controller_server]: Passing new path to controller.
[bt_navigator-5] [WARN] [1785123755.865010611] [BehaviorTreeEngine]: Behavior Tree tick rate 100.00 was exceeded!
[bt_navigator-5] [WARN] [1785123755.954119176] [BehaviorTreeEngine]: Behavior Tree tick rate 100.00 was exceeded!
[bt_navigator-5] [WARN] [1785123756.226409781] [BehaviorTreeEngine]: Behavior Tree tick rate 100.00 was exceeded!
[controller_server-1] [INFO] [1785123756.483308731] [controller_server]: Passing new path to controller.
[bt_navigator-5] [WARN] [1785123756.720222584] [BehaviorTreeEngine]: Behavior Tree tick rate 100.00 was exceeded!
[bt_navigator-5] [WARN] [1785123756.840585110] [BehaviorTreeEngine]: Behavior Tree tick rate 100.00 was exceeded!
[bt_navigator-5] [WARN] [1785123757.132237147] [BehaviorTreeEngine]: Behavior Tree tick rate 100.00 was exceeded!
[bt_navigator-5] [WARN] [1785123757.149320812] [BehaviorTreeEngine]: Behavior Tree tick rate 100.00 was exceeded!
[bt_navigator-5] [WARN] [1785123757.247841561] [BehaviorTreeEngine]: Behavior Tree tick rate 100.00 was exceeded!
[bt_navigator-5] [WARN] [1785123757.356237707] [BehaviorTreeEngine]: Behavior Tree tick rate 100.00 was exceeded!
[controller_server-1] [INFO] [1785123757.483331943] [controller_server]: Passing new path to controller.
[bt_navigator-5] [WARN] [1785123757.797435642] [BehaviorTreeEngine]: Behavior Tree tick rate 100.00 was exceeded!
[bt_navigator-5] [WARN] [1785123757.838066445] [BehaviorTreeEngine]: Behavior Tree tick rate 100.00 was exceeded!
[bt_navigator-5] [WARN] [1785123758.450584439] [BehaviorTreeEngine]: Behavior Tree tick rate 100.00 was exceeded!
[bt_navigator-5] [WARN] [1785123758.458469000] [BehaviorTreeEngine]: Behavior Tree tick rate 100.00 was exceeded!
[controller_server-1] [INFO] [1785123758.533293875] [controller_server]: Passing new path to controller.
[bt_navigator-5] [WARN] [1785123758.656614890] [BehaviorTreeEngine]: Behavior Tree tick rate 100.00 was exceeded!
[bt_navigator-5] [WARN] [1785123758.777730391] [BehaviorTreeEngine]: Behavior Tree tick rate 100.00 was exceeded!
[bt_navigator-5] [WARN] [1785123759.274881114] [BehaviorTreeEngine]: Behavior Tree tick rate 100.00 was exceeded!
[bt_navigator-5] [WARN] [1785123759.326575474] [BehaviorTreeEngine]: Behavior Tree tick rate 100.00 was exceeded!
[bt_navigator-5] [WARN] [1785123759.372229471] [BehaviorTreeEngine]: Behavior Tree tick rate 100.00 was exceeded!
[bt_navigator-5] [WARN] [1785123759.435815566] [BehaviorTreeEngine]: Behavior Tree tick rate 100.00 was exceeded!
[controller_server-1] [INFO] [1785123759.533382285] [controller_server]: Passing new path to controller.
[bt_navigator-5] [WARN] [1785123759.729975002] [BehaviorTreeEngine]: Behavior Tree tick rate 100.00 was exceeded!
[bt_navigator-5] [WARN] [1785123759.913287036] [BehaviorTreeEngine]: Behavior Tree tick rate 100.00 was exceeded!
[bt_navigator-5] [WARN] [1785123759.956601961] [BehaviorTreeEngine]: Behavior Tree tick rate 100.00 was exceeded!
[bt_navigator-5] [WARN] [1785123759.975247155] [BehaviorTreeEngine]: Behavior Tree tick rate 100.00 was exceeded!
[bt_navigator-5] [WARN] [1785123759.988117031] [BehaviorTreeEngine]: Behavior Tree tick rate 100.00 was exceeded!
[bt_navigator-5] [WARN] [1785123760.240143417] [BehaviorTreeEngine]: Behavior Tree tick rate 100.00 was exceeded!
[bt_navigator-5] [WARN] [1785123760.264702940] [BehaviorTreeEngine]: Behavior Tree tick rate 100.00 was exceeded!
[controller_server-1] [WARN] [1785123760.360979093] [controller_server]: Control loop missed its desired rate of 20.0000Hz
[bt_navigator-5] [WARN] [1785123760.528057256] [BehaviorTreeEngine]: Behavior Tree tick rate 100.00 was exceeded!
[bt_navigator-5] [WARN] [1785123760.541650759] [BehaviorTreeEngine]: Behavior Tree tick rate 100.00 was exceeded!
[bt_navigator-5] [WARN] [1785123760.552608102] [bt_navigator_navigate_to_pose_rclcpp_node]: Timed out while waiting for action server to acknowledge goal request for compute_path_to_pose
[planner_server-3] [INFO] [1785123760.557348363] [global_costmap.global_costmap]: Received request to clear entirely the global_costmap
[bt_navigator-5] [WARN] [1785123760.563760055] [BehaviorTreeEngine]: Behavior Tree tick rate 100.00 was exceeded!
[bt_navigator-5] [WARN] [1785123760.747571714] [BehaviorTreeEngine]: Behavior Tree tick rate 100.00 was exceeded!
[controller_server-1] [INFO] [1785123760.808473053] [controller_server]: Passing new path to controller.
[controller_server-1] [INFO] [1785123761.811098111] [controller_server]: Passing new path to controller.
[bt_navigator-5] [WARN] [1785123761.987786960] [BehaviorTreeEngine]: Behavior Tree tick rate 100.00 was exceeded!
[controller_server-1] [INFO] [1785123762.861090208] [controller_server]: Passing new path to controller.
[bt_navigator-5] [WARN] [1785123763.505800852] [BehaviorTreeEngine]: Behavior Tree tick rate 100.00 was exceeded!
[controller_server-1] [INFO] [1785123763.861110817] [controller_server]: Passing new path to controller.
[bt_navigator-5] [WARN] [1785123764.418801037] [BehaviorTreeEngine]: Behavior Tree tick rate 100.00 was exceeded!
[bt_navigator-5] [WARN] [1785123764.444659147] [BehaviorTreeEngine]: Behavior Tree tick rate 100.00 was exceeded!
[controller_server-1] [INFO] [1785123764.911091425] [controller_server]: Passing new path to controller.
[controller_server-1] [ERROR] [1785123765.611164960] [tf_help]: Transform data too old when converting from odom to map
[controller_server-1] [ERROR] [1785123765.611266223] [tf_help]: Data time: 1785123765s 606570034ns, Transform time: 1785123764s 991126735ns
[controller_server-1] [WARN] [1785123765.615091826] [controller_server]: Unable to transform robot pose into global plan's frame
[controller_server-1] [INFO] [1785123765.911106739] [controller_server]: Passing new path to controller.
[controller_server-1] [INFO] [1785123766.961091080] [controller_server]: Passing new path to controller.
[controller_server-1] [INFO] [1785123768.011084531] [controller_server]: Passing new path to controller.
[controller_server-1] [INFO] [1785123769.011376043] [controller_server]: Passing new path to controller.
[controller_server-1] [INFO] [1785123770.061081653] [controller_server]: Passing new path to controller.
[controller_server-1] [INFO] [1785123771.061115919] [controller_server]: Passing new path to controller.
[controller_server-1] [INFO] [1785123772.111549911] [controller_server]: Passing new path to controller.
[controller_server-1] [INFO] [1785123773.111068090] [controller_server]: Passing new path to controller.
[controller_server-1] [INFO] [1785123774.161107145] [controller_server]: Passing new path to controller.
[bt_navigator-5] [WARN] [1785123774.350976712] [BehaviorTreeEngine]: Behavior Tree tick rate 100.00 was exceeded!
[bt_navigator-5] [WARN] [1785123774.395406676] [BehaviorTreeEngine]: Behavior Tree tick rate 100.00 was exceeded!
[controller_server-1] [INFO] [1785123775.211224873] [controller_server]: Passing new path to controller.
[controller_server-1] [ERROR] [1785123775.761274107] [tf_help]: Transform data too old when converting from odom to map
[controller_server-1] [ERROR] [1785123775.761393408] [tf_help]: Data time: 1785123775s 756990179ns, Transform time: 1785123775s 160787719ns
[controller_server-1] [WARN] [1785123775.761457612] [controller_server]: Unable to transform robot pose into global plan's frame
[controller_server-1] [ERROR] [1785123775.811249084] [tf_help]: Transform data too old when converting from odom to map
[controller_server-1] [ERROR] [1785123775.811369415] [tf_help]: Data time: 1785123775s 806225339ns, Transform time: 1785123775s 160787719ns
[controller_server-1] [WARN] [1785123775.811437014] [controller_server]: Unable to transform robot pose into global plan's frame
[controller_server-1] [INFO] [1785123776.211273128] [controller_server]: Passing new path to controller.
[bt_navigator-5] [WARN] [1785123776.654136241] [BehaviorTreeEngine]: Behavior Tree tick rate 100.00 was exceeded!
[controller_server-1] [ERROR] [1785123776.661216806] [tf_help]: Transform data too old when converting from odom to map
[controller_server-1] [ERROR] [1785123776.661284641] [tf_help]: Data time: 1785123776s 658731263ns, Transform time: 1785123776s 160988411ns
[controller_server-1] [WARN] [1785123776.661334995] [controller_server]: Unable to transform robot pose into global plan's frame
[bt_navigator-5] [WARN] [1785123776.768457655] [BehaviorTreeEngine]: Behavior Tree tick rate 100.00 was exceeded!
[bt_navigator-5] [WARN] [1785123776.838099881] [BehaviorTreeEngine]: Behavior Tree tick rate 100.00 was exceeded!
[controller_server-1] [WARN] [1785123776.874843931] [controller_server]: Control loop missed its desired rate of 20.0000Hz
[bt_navigator-5] [WARN] [1785123776.875865361] [BehaviorTreeEngine]: Behavior Tree tick rate 100.00 was exceeded!
[controller_server-1] [INFO] [1785123777.261085908] [controller_server]: Passing new path to controller.
[bt_navigator-5] [WARN] [1785123777.340315555] [BehaviorTreeEngine]: Behavior Tree tick rate 100.00 was exceeded!
[bt_navigator-5] [WARN] [1785123777.383675278] [BehaviorTreeEngine]: Behavior Tree tick rate 100.00 was exceeded!
[bt_navigator-5] [WARN] [1785123777.384862067] [BehaviorTreeEngine]: Behavior Tree tick rate 100.00 was exceeded!
[bt_navigator-5] [WARN] [1785123777.479439608] [BehaviorTreeEngine]: Behavior Tree tick rate 100.00 was exceeded!
[bt_navigator-5] [WARN] [1785123777.526123664] [BehaviorTreeEngine]: Behavior Tree tick rate 100.00 was exceeded!
[bt_navigator-5] [WARN] [1785123778.252600715] [BehaviorTreeEngine]: Behavior Tree tick rate 100.00 was exceeded!
[controller_server-1] [INFO] [1785123778.261102948] [controller_server]: Passing new path to controller.
[bt_navigator-5] [WARN] [1785123778.393743405] [BehaviorTreeEngine]: Behavior Tree tick rate 100.00 was exceeded!
[controller_server-1] [INFO] [1785123779.311056792] [controller_server]: Passing new path to controller.
[bt_navigator-5] [WARN] [1785123779.317852557] [BehaviorTreeEngine]: Behavior Tree tick rate 100.00 was exceeded!
[bt_navigator-5] [WARN] [1785123779.865047023] [BehaviorTreeEngine]: Behavior Tree tick rate 100.00 was exceeded!
[controller_server-1] [INFO] [1785123780.311086310] [controller_server]: Passing new path to controller.
[planner_server-3] [INFO] [1785123780.434602821] [global_costmap.global_costmap]: Message Filter dropping message: frame 'base_link' at time 1785123779.918 for reason 'the timestamp on the message is earlier than all the data in the transform cache'
[controller_server-1] [INFO] [1785123781.361090489] [controller_server]: Passing new path to controller.
[controller_server-1] [INFO] [1785123782.361134453] [controller_server]: Passing new path to controller.
[controller_server-1] [INFO] [1785123783.411423816] [controller_server]: Passing new path to controller.
[controller_server-1] [INFO] [1785123784.411098451] [controller_server]: Passing new path to controller.
[controller_server-1] [INFO] [1785123785.461116028] [controller_server]: Passing new path to controller.
[controller_server-1] [INFO] [1785123786.511099569] [controller_server]: Passing new path to controller.
[controller_server-1] [INFO] [1785123787.511088709] [controller_server]: Passing new path to controller.
[controller_server-1] [INFO] [1785123788.561124053] [controller_server]: Passing new path to controller.
[bt_navigator-5] [WARN] [1785123789.426217270] [BehaviorTreeEngine]: Behavior Tree tick rate 100.00 was exceeded!
[bt_navigator-5] [WARN] [1785123789.454907559] [BehaviorTreeEngine]: Behavior Tree tick rate 100.00 was exceeded!
[bt_navigator-5] [WARN] [1785123789.532660548] [BehaviorTreeEngine]: Behavior Tree tick rate 100.00 was exceeded!
[bt_navigator-5] [WARN] [1785123789.559241917] [BehaviorTreeEngine]: Behavior Tree tick rate 100.00 was exceeded!
[controller_server-1] [INFO] [1785123789.561108213] [controller_server]: Passing new path to controller.
[bt_navigator-5] [WARN] [1785123789.715924506] [BehaviorTreeEngine]: Behavior Tree tick rate 100.00 was exceeded!
[bt_navigator-5] [WARN] [1785123789.757274143] [BehaviorTreeEngine]: Behavior Tree tick rate 100.00 was exceeded!
[bt_navigator-5] [WARN] [1785123789.919026396] [BehaviorTreeEngine]: Behavior Tree tick rate 100.00 was exceeded!
[bt_navigator-5] [WARN] [1785123789.963078855] [BehaviorTreeEngine]: Behavior Tree tick rate 100.00 was exceeded!
[bt_navigator-5] [WARN] [1785123790.051296444] [BehaviorTreeEngine]: Behavior Tree tick rate 100.00 was exceeded!
[bt_navigator-5] [WARN] [1785123790.109820584] [BehaviorTreeEngine]: Behavior Tree tick rate 100.00 was exceeded!
[controller_server-1] [WARN] [1785123790.116468303] [controller_server]: Control loop missed its desired rate of 20.0000Hz
[bt_navigator-5] [WARN] [1785123790.140397382] [BehaviorTreeEngine]: Behavior Tree tick rate 100.00 was exceeded!
[bt_navigator-5] [WARN] [1785123790.331270792] [BehaviorTreeEngine]: Behavior Tree tick rate 100.00 was exceeded!
[controller_server-1] [INFO] [1785123790.561227962] [controller_server]: Passing new path to controller.
[bt_navigator-5] [WARN] [1785123790.729474755] [BehaviorTreeEngine]: Behavior Tree tick rate 100.00 was exceeded!
[bt_navigator-5] [WARN] [1785123790.732045228] [BehaviorTreeEngine]: Behavior Tree tick rate 100.00 was exceeded!
[bt_navigator-5] [WARN] [1785123790.762509514] [BehaviorTreeEngine]: Behavior Tree tick rate 100.00 was exceeded!
[bt_navigator-5] [WARN] [1785123790.770953383] [BehaviorTreeEngine]: Behavior Tree tick rate 100.00 was exceeded!
[bt_navigator-5] [WARN] [1785123790.957670727] [BehaviorTreeEngine]: Behavior Tree tick rate 100.00 was exceeded!
[bt_navigator-5] [WARN] [1785123791.075446359] [BehaviorTreeEngine]: Behavior Tree tick rate 100.00 was exceeded!
[bt_navigator-5] [WARN] [1785123791.147571470] [BehaviorTreeEngine]: Behavior Tree tick rate 100.00 was exceeded!
[bt_navigator-5] [WARN] [1785123791.195552214] [BehaviorTreeEngine]: Behavior Tree tick rate 100.00 was exceeded!
[bt_navigator-5] [WARN] [1785123791.242620094] [BehaviorTreeEngine]: Behavior Tree tick rate 100.00 was exceeded!
[bt_navigator-5] [WARN] [1785123791.246262897] [BehaviorTreeEngine]: Behavior Tree tick rate 100.00 was exceeded!
[bt_navigator-5] [WARN] [1785123791.407871937] [BehaviorTreeEngine]: Behavior Tree tick rate 100.00 was exceeded!
[controller_server-1] [INFO] [1785123791.611149459] [controller_server]: Passing new path to controller.
[bt_navigator-5] [WARN] [1785123791.644196260] [BehaviorTreeEngine]: Behavior Tree tick rate 100.00 was exceeded!
[bt_navigator-5] [WARN] [1785123791.700430319] [BehaviorTreeEngine]: Behavior Tree tick rate 100.00 was exceeded!
[bt_navigator-5] [WARN] [1785123791.718225883] [BehaviorTreeEngine]: Behavior Tree tick rate 100.00 was exceeded!
[bt_navigator-5] [WARN] [1785123791.874612062] [BehaviorTreeEngine]: Behavior Tree tick rate 100.00 was exceeded!
[bt_navigator-5] [WARN] [1785123792.243074936] [BehaviorTreeEngine]: Behavior Tree tick rate 100.00 was exceeded!
[controller_server-1] [INFO] [1785123792.661086909] [controller_server]: Passing new path to controller.
[controller_server-1] [INFO] [1785123793.661069983] [controller_server]: Passing new path to controller.
[controller_server-1] [INFO] [1785123794.711057757] [controller_server]: Passing new path to controller.
[controller_server-1] [INFO] [1785123795.711096512] [controller_server]: Passing new path to controller.
[bt_navigator-5] [WARN] [1785123795.861962986] [BehaviorTreeEngine]: Behavior Tree tick rate 100.00 was exceeded!
[bt_navigator-5] [WARN] [1785123795.962503043] [BehaviorTreeEngine]: Behavior Tree tick rate 100.00 was exceeded!
[controller_server-1] [INFO] [1785123796.761096391] [controller_server]: Passing new path to controller.
[controller_server-1] [INFO] [1785123797.761153736] [controller_server]: Passing new path to controller.
[controller_server-1] [INFO] [1785123798.811054691] [controller_server]: Passing new path to controller.
[controller_server-1] [INFO] [1785123799.861081260] [controller_server]: Passing new path to controller.
[controller_server-1] [INFO] [1785123800.861118712] [controller_server]: Passing new path to controller.
[bt_navigator-5] [WARN] [1785123801.882028565] [BehaviorTreeEngine]: Behavior Tree tick rate 100.00 was exceeded!
[controller_server-1] [INFO] [1785123801.911071138] [controller_server]: Passing new path to controller.
[bt_navigator-5] [WARN] [1785123802.736190430] [BehaviorTreeEngine]: Behavior Tree tick rate 100.00 was exceeded!
[bt_navigator-5] [WARN] [1785123802.744705868] [BehaviorTreeEngine]: Behavior Tree tick rate 100.00 was exceeded!
[controller_server-1] [INFO] [1785123802.961104007] [controller_server]: Passing new path to controller.
[bt_navigator-5] [WARN] [1785123803.047712712] [BehaviorTreeEngine]: Behavior Tree tick rate 100.00 was exceeded!
[bt_navigator-5] [WARN] [1785123803.120319215] [BehaviorTreeEngine]: Behavior Tree tick rate 100.00 was exceeded!
[bt_navigator-5] [WARN] [1785123803.129700664] [BehaviorTreeEngine]: Behavior Tree tick rate 100.00 was exceeded!
[bt_navigator-5] [WARN] [1785123803.281519917] [BehaviorTreeEngine]: Behavior Tree tick rate 100.00 was exceeded!
[bt_navigator-5] [WARN] [1785123803.493208540] [BehaviorTreeEngine]: Behavior Tree tick rate 100.00 was exceeded!
[bt_navigator-5] [WARN] [1785123803.632080461] [BehaviorTreeEngine]: Behavior Tree tick rate 100.00 was exceeded!
[bt_navigator-5] [WARN] [1785123803.820348868] [BehaviorTreeEngine]: Behavior Tree tick rate 100.00 was exceeded!
[controller_server-1] [INFO] [1785123804.011748281] [controller_server]: Passing new path to controller.
[bt_navigator-5] [WARN] [1785123804.122851119] [BehaviorTreeEngine]: Behavior Tree tick rate 100.00 was exceeded!
[controller_server-1] [INFO] [1785123805.011447688] [controller_server]: Passing new path to controller.
[controller_server-1] [INFO] [1785123806.061075476] [controller_server]: Passing new path to controller.
[bt_navigator-5] [WARN] [1785123806.510466196] [BehaviorTreeEngine]: Behavior Tree tick rate 100.00 was exceeded!
[controller_server-1] [INFO] [1785123807.061111975] [controller_server]: Passing new path to controller.
[controller_server-1] [INFO] [1785123808.111091418] [controller_server]: Passing new path to controller.
[controller_server-1] [INFO] [1785123809.161138919] [controller_server]: Passing new path to controller.
[controller_server-1] [INFO] [1785123810.161088718] [controller_server]: Passing new path to controller.
[controller_server-1] [INFO] [1785123811.211101573] [controller_server]: Passing new path to controller.
[controller_server-1] [INFO] [1785123812.211058466] [controller_server]: Passing new path to controller.
[controller_server-1] [INFO] [1785123813.261074072] [controller_server]: Passing new path to controller.
[controller_server-1] [INFO] [1785123813.463496994] [controller_server]: Reached the goal!
[bt_navigator-5] [INFO] [1785123813.504467765] [bt_navigator]: Goal succeeded
