[INFO] [launch]: All log files can be found below /root/.ros/log/2026-07-31-02-36-48-823887-DanCohen-696
[INFO] [launch]: Default logging verbosity is set to INFO
[INFO] [controller_server-1]: process started with pid [697]
[INFO] [smoother_server-2]: process started with pid [699]
[INFO] [planner_server-3]: process started with pid [701]
[INFO] [behavior_server-4]: process started with pid [703]
[INFO] [bt_navigator-5]: process started with pid [705]
[INFO] [waypoint_follower-6]: process started with pid [707]
[INFO] [velocity_smoother-7]: process started with pid [709]
[INFO] [lifecycle_manager-8]: process started with pid [711]
[controller_server-1] [INFO] [1785465409.152235104] [controller_server]: 
[controller_server-1] 	controller_server lifecycle node launched. 
[controller_server-1] 	Waiting on external lifecycle transitions to activate
[controller_server-1] 	See https://design.ros2.org/articles/node_lifecycle.html for more information.
[planner_server-3] [INFO] [1785465409.153928731] [planner_server]: 
[planner_server-3] 	planner_server lifecycle node launched. 
[planner_server-3] 	Waiting on external lifecycle transitions to activate
[planner_server-3] 	See https://design.ros2.org/articles/node_lifecycle.html for more information.
[smoother_server-2] [INFO] [1785465409.158611487] [smoother_server]: 
[smoother_server-2] 	smoother_server lifecycle node launched. 
[smoother_server-2] 	Waiting on external lifecycle transitions to activate
[smoother_server-2] 	See https://design.ros2.org/articles/node_lifecycle.html for more information.
[behavior_server-4] [INFO] [1785465409.162456858] [behavior_server]: 
[behavior_server-4] 	behavior_server lifecycle node launched. 
[behavior_server-4] 	Waiting on external lifecycle transitions to activate
[behavior_server-4] 	See https://design.ros2.org/articles/node_lifecycle.html for more information.
[planner_server-3] [INFO] [1785465409.172153666] [planner_server]: Creating
[smoother_server-2] [INFO] [1785465409.176514545] [smoother_server]: Creating smoother server
[controller_server-1] [INFO] [1785465409.175904816] [controller_server]: Creating controller server
[controller_server-1] [INFO] [1785465409.183844577] [local_costmap.local_costmap]: 
[controller_server-1] 	local_costmap lifecycle node launched. 
[controller_server-1] 	Waiting on external lifecycle transitions to activate
[controller_server-1] 	See https://design.ros2.org/articles/node_lifecycle.html for more information.
[velocity_smoother-7] [INFO] [1785465409.185850644] [velocity_smoother]: 
[velocity_smoother-7] 	velocity_smoother lifecycle node launched. 
[velocity_smoother-7] 	Waiting on external lifecycle transitions to activate
[velocity_smoother-7] 	See https://design.ros2.org/articles/node_lifecycle.html for more information.
[controller_server-1] [INFO] [1785465409.191959453] [local_costmap.local_costmap]: Creating Costmap
[lifecycle_manager-8] [INFO] [1785465409.195511532] [lifecycle_manager_navigation]: Creating
[lifecycle_manager-8] [INFO] [1785465409.214669814] [lifecycle_manager_navigation]: [34m[1mCreating and initializing lifecycle service clients[0m[0m
[planner_server-3] [INFO] [1785465409.220741410] [global_costmap.global_costmap]: 
[planner_server-3] 	global_costmap lifecycle node launched. 
[planner_server-3] 	Waiting on external lifecycle transitions to activate
[planner_server-3] 	See https://design.ros2.org/articles/node_lifecycle.html for more information.
[planner_server-3] [INFO] [1785465409.228393346] [global_costmap.global_costmap]: Creating Costmap
[bt_navigator-5] [INFO] [1785465409.292458936] [bt_navigator]: 
[bt_navigator-5] 	bt_navigator lifecycle node launched. 
[bt_navigator-5] 	Waiting on external lifecycle transitions to activate
[bt_navigator-5] 	See https://design.ros2.org/articles/node_lifecycle.html for more information.
[bt_navigator-5] [INFO] [1785465409.298628502] [bt_navigator]: Creating
[waypoint_follower-6] [INFO] [1785465409.371906619] [waypoint_follower]: 
[waypoint_follower-6] 	waypoint_follower lifecycle node launched. 
[waypoint_follower-6] 	Waiting on external lifecycle transitions to activate
[waypoint_follower-6] 	See https://design.ros2.org/articles/node_lifecycle.html for more information.
[waypoint_follower-6] [INFO] [1785465409.374782376] [waypoint_follower]: Creating
[lifecycle_manager-8] [INFO] [1785465409.408915777] [lifecycle_manager_navigation]: [34m[1mStarting managed nodes bringup...[0m[0m
[lifecycle_manager-8] [INFO] [1785465409.408991321] [lifecycle_manager_navigation]: [34m[1mConfiguring controller_server[0m[0m
[controller_server-1] [INFO] [1785465409.409313052] [controller_server]: Configuring controller interface
[controller_server-1] [INFO] [1785465409.410261929] [controller_server]: getting goal checker plugins..
[controller_server-1] [INFO] [1785465409.411727209] [controller_server]: Controller frequency set to 20.0000Hz
[controller_server-1] [INFO] [1785465409.411825563] [local_costmap.local_costmap]: Configuring
[controller_server-1] [INFO] [1785465409.436701282] [local_costmap.local_costmap]: Using plugin "obstacle_layer"
[controller_server-1] [INFO] [1785465409.477433587] [local_costmap.local_costmap]: Subscribed to Topics: scan
[controller_server-1] [INFO] [1785465409.510122293] [local_costmap.local_costmap]: Initialized plugin "obstacle_layer"
[controller_server-1] [INFO] [1785465409.510229653] [local_costmap.local_costmap]: Using plugin "inflation_layer"
[controller_server-1] [INFO] [1785465409.513064110] [local_costmap.local_costmap]: Initialized plugin "inflation_layer"
[controller_server-1] [INFO] [1785465409.540920544] [controller_server]: Created progress_checker : progress_checker of type nav2_controller::SimpleProgressChecker
[controller_server-1] [INFO] [1785465409.544270224] [controller_server]: Created goal checker : goal_checker of type nav2_controller::SimpleGoalChecker
[controller_server-1] [INFO] [1785465409.547381719] [controller_server]: Controller Server has goal_checker  goal checkers available.
[controller_server-1] [INFO] [1785465409.564212698] [controller_server]: Created controller : FollowPath of type dwb_core::DWBLocalPlanner
[controller_server-1] [INFO] [1785465409.565529219] [controller_server]: Setting transform_tolerance to 0.300000
[controller_server-1] [INFO] [1785465409.597326824] [controller_server]: Using critic "RotateToGoal" (dwb_critics::RotateToGoalCritic)
[controller_server-1] [INFO] [1785465409.601915755] [controller_server]: Critic plugin initialized
[controller_server-1] [INFO] [1785465409.605389562] [controller_server]: Using critic "Oscillation" (dwb_critics::OscillationCritic)
[controller_server-1] [INFO] [1785465409.613842628] [controller_server]: Critic plugin initialized
[controller_server-1] [INFO] [1785465409.614533439] [controller_server]: Using critic "BaseObstacle" (dwb_critics::BaseObstacleCritic)
[controller_server-1] [INFO] [1785465409.616152032] [controller_server]: Critic plugin initialized
[controller_server-1] [INFO] [1785465409.616521644] [controller_server]: Using critic "GoalAlign" (dwb_critics::GoalAlignCritic)
[controller_server-1] [INFO] [1785465409.618406714] [controller_server]: Critic plugin initialized
[controller_server-1] [INFO] [1785465409.619178616] [controller_server]: Using critic "PathAlign" (dwb_critics::PathAlignCritic)
[controller_server-1] [INFO] [1785465409.620765594] [controller_server]: Critic plugin initialized
[controller_server-1] [INFO] [1785465409.621385367] [controller_server]: Using critic "PathDist" (dwb_critics::PathDistCritic)
[controller_server-1] [INFO] [1785465409.622767854] [controller_server]: Critic plugin initialized
[controller_server-1] [INFO] [1785465409.623114026] [controller_server]: Using critic "GoalDist" (dwb_critics::GoalDistCritic)
[controller_server-1] [INFO] [1785465409.623931123] [controller_server]: Critic plugin initialized
[controller_server-1] [INFO] [1785465409.623964387] [controller_server]: Controller Server has FollowPath  controllers available.
[lifecycle_manager-8] [INFO] [1785465409.657304695] [lifecycle_manager_navigation]: [34m[1mConfiguring smoother_server[0m[0m
[smoother_server-2] [INFO] [1785465409.657580901] [smoother_server]: Configuring smoother server
[smoother_server-2] [INFO] [1785465409.672858955] [smoother_server]: Created smoother : simple_smoother of type nav2_smoother::SimpleSmoother
[smoother_server-2] [INFO] [1785465409.676088188] [smoother_server]: Smoother Server has simple_smoother  smoothers available.
[lifecycle_manager-8] [INFO] [1785465409.684216160] [lifecycle_manager_navigation]: [34m[1mConfiguring planner_server[0m[0m
[planner_server-3] [INFO] [1785465409.684568348] [planner_server]: Configuring
[planner_server-3] [INFO] [1785465409.684615020] [global_costmap.global_costmap]: Configuring
[planner_server-3] [INFO] [1785465409.694393727] [global_costmap.global_costmap]: Using plugin "obstacle_layer"
[planner_server-3] [INFO] [1785465409.702613704] [global_costmap.global_costmap]: Subscribed to Topics: scan
[planner_server-3] [INFO] [1785465409.710714862] [global_costmap.global_costmap]: Initialized plugin "obstacle_layer"
[planner_server-3] [INFO] [1785465409.710776436] [global_costmap.global_costmap]: Using plugin "inflation_layer"
[planner_server-3] [INFO] [1785465409.715525944] [global_costmap.global_costmap]: Initialized plugin "inflation_layer"
[planner_server-3] [INFO] [1785465409.745494412] [planner_server]: Created global planner plugin GridBased of type nav2_navfn_planner/NavfnPlanner
[planner_server-3] [INFO] [1785465409.745631127] [planner_server]: Configuring plugin GridBased of type NavfnPlanner
[planner_server-3] [INFO] [1785465409.751575134] [planner_server]: Planner Server has GridBased  planners available.
[lifecycle_manager-8] [INFO] [1785465409.771569655] [lifecycle_manager_navigation]: [34m[1mConfiguring behavior_server[0m[0m
[behavior_server-4] [INFO] [1785465409.772560272] [behavior_server]: Configuring
[behavior_server-4] [INFO] [1785465409.787748606] [behavior_server]: Creating behavior plugin spin of type nav2_behaviors/Spin
[behavior_server-4] [INFO] [1785465409.790184372] [behavior_server]: Configuring spin
[behavior_server-4] [INFO] [1785465409.798068336] [behavior_server]: Creating behavior plugin backup of type nav2_behaviors/BackUp
[behavior_server-4] [INFO] [1785465409.800589601] [behavior_server]: Configuring backup
[behavior_server-4] [INFO] [1785465409.803616791] [behavior_server]: Creating behavior plugin wait of type nav2_behaviors/Wait
[behavior_server-4] [INFO] [1785465409.805938664] [behavior_server]: Configuring wait
[lifecycle_manager-8] [INFO] [1785465409.810728968] [lifecycle_manager_navigation]: [34m[1mConfiguring bt_navigator[0m[0m
[bt_navigator-5] [INFO] [1785465409.811025872] [bt_navigator]: Configuring
[lifecycle_manager-8] [INFO] [1785465410.011682119] [lifecycle_manager_navigation]: [34m[1mConfiguring waypoint_follower[0m[0m
[waypoint_follower-6] [INFO] [1785465410.012185763] [waypoint_follower]: Configuring
[waypoint_follower-6] [INFO] [1785465410.037180447] [waypoint_follower]: Created waypoint_task_executor : wait_at_waypoint of type nav2_waypoint_follower::WaitAtWaypoint
[waypoint_follower-6] [INFO] [1785465410.039901285] [waypoint_follower]: Waypoint pause duration is set to zero, disabling task executor plugin.
[lifecycle_manager-8] [INFO] [1785465410.047356665] [lifecycle_manager_navigation]: [34m[1mConfiguring velocity_smoother[0m[0m
[velocity_smoother-7] [INFO] [1785465410.053203646] [velocity_smoother]: Configuring velocity smoother
[lifecycle_manager-8] [INFO] [1785465410.070650389] [lifecycle_manager_navigation]: [34m[1mActivating controller_server[0m[0m
[controller_server-1] [INFO] [1785465410.071274285] [controller_server]: Activating
[controller_server-1] [INFO] [1785465410.071401835] [local_costmap.local_costmap]: Activating
[controller_server-1] [INFO] [1785465410.071424152] [local_costmap.local_costmap]: Checking transform
[controller_server-1] [INFO] [1785465410.071633995] [local_costmap.local_costmap]: start
[controller_server-1] [INFO] [1785465410.292493576] [controller_server]: Creating bond (controller_server) to lifecycle manager.
[lifecycle_manager-8] [INFO] [1785465410.404968854] [lifecycle_manager_navigation]: Server controller_server connected with bond.
[lifecycle_manager-8] [INFO] [1785465410.405044246] [lifecycle_manager_navigation]: [34m[1mActivating smoother_server[0m[0m
[smoother_server-2] [INFO] [1785465410.405368587] [smoother_server]: Activating
[smoother_server-2] [INFO] [1785465410.405412043] [smoother_server]: Creating bond (smoother_server) to lifecycle manager.
[lifecycle_manager-8] [INFO] [1785465410.514509460] [lifecycle_manager_navigation]: Server smoother_server connected with bond.
[lifecycle_manager-8] [INFO] [1785465410.514586551] [lifecycle_manager_navigation]: [34m[1mActivating planner_server[0m[0m
[planner_server-3] [INFO] [1785465410.516006871] [planner_server]: Activating
[planner_server-3] [INFO] [1785465410.516092627] [global_costmap.global_costmap]: Activating
[planner_server-3] [INFO] [1785465410.516111827] [global_costmap.global_costmap]: Checking transform
[planner_server-3] [INFO] [1785465410.516316927] [global_costmap.global_costmap]: start
[planner_server-3] [INFO] [1785465411.567401399] [planner_server]: Activating plugin GridBased of type NavfnPlanner
[planner_server-3] [INFO] [1785465411.569064702] [planner_server]: Creating bond (planner_server) to lifecycle manager.
[lifecycle_manager-8] [INFO] [1785465411.672419476] [lifecycle_manager_navigation]: Server planner_server connected with bond.
[lifecycle_manager-8] [INFO] [1785465411.672469091] [lifecycle_manager_navigation]: [34m[1mActivating behavior_server[0m[0m
[behavior_server-4] [INFO] [1785465411.673018166] [behavior_server]: Activating
[behavior_server-4] [INFO] [1785465411.673045002] [behavior_server]: Activating spin
[behavior_server-4] [INFO] [1785465411.673056286] [behavior_server]: Activating backup
[behavior_server-4] [INFO] [1785465411.673065162] [behavior_server]: Activating wait
[behavior_server-4] [INFO] [1785465411.673075727] [behavior_server]: Creating bond (behavior_server) to lifecycle manager.
[lifecycle_manager-8] [INFO] [1785465411.788865869] [lifecycle_manager_navigation]: Server behavior_server connected with bond.
[lifecycle_manager-8] [INFO] [1785465411.788938420] [lifecycle_manager_navigation]: [34m[1mActivating bt_navigator[0m[0m
[bt_navigator-5] [INFO] [1785465411.789627119] [bt_navigator]: Activating
[bt_navigator-5] [INFO] [1785465411.857897589] [bt_navigator]: Creating bond (bt_navigator) to lifecycle manager.
[lifecycle_manager-8] [INFO] [1785465411.970511836] [lifecycle_manager_navigation]: Server bt_navigator connected with bond.
[lifecycle_manager-8] [INFO] [1785465411.970576290] [lifecycle_manager_navigation]: [34m[1mActivating waypoint_follower[0m[0m
[waypoint_follower-6] [INFO] [1785465411.970990813] [waypoint_follower]: Activating
[waypoint_follower-6] [INFO] [1785465411.971045372] [waypoint_follower]: Creating bond (waypoint_follower) to lifecycle manager.
[lifecycle_manager-8] [INFO] [1785465412.078167846] [lifecycle_manager_navigation]: Server waypoint_follower connected with bond.
[lifecycle_manager-8] [INFO] [1785465412.078301600] [lifecycle_manager_navigation]: [34m[1mActivating velocity_smoother[0m[0m
[velocity_smoother-7] [INFO] [1785465412.078745604] [velocity_smoother]: Activating
[velocity_smoother-7] [INFO] [1785465412.080773238] [velocity_smoother]: Creating bond (velocity_smoother) to lifecycle manager.
[lifecycle_manager-8] [INFO] [1785465412.190852251] [lifecycle_manager_navigation]: Server velocity_smoother connected with bond.
[lifecycle_manager-8] [INFO] [1785465412.190948120] [lifecycle_manager_navigation]: [34m[1mManaged nodes are active[0m[0m
[lifecycle_manager-8] [INFO] [1785465412.191059753] [lifecycle_manager_navigation]: [34m[1mCreating bond timer...[0m[0m
[bt_navigator-5] [INFO] [1785465423.998391641] [bt_navigator]: Begin navigating from current location (0.09, -0.09) to (-6.00, -0.50)
[controller_server-1] [INFO] [1785465424.019784952] [controller_server]: Received a goal, begin computing control effort.
[controller_server-1] [WARN] [1785465424.021211663] [controller_server]: No goal checker was specified in parameter 'current_goal_checker'. Server will use only plugin loaded goal_checker . This warning will appear once.
[bt_navigator-5] [WARN] [1785465424.033712929] [BehaviorTreeEngine]: Behavior Tree tick rate 100.00 was exceeded!
[controller_server-1] [INFO] [1785465425.073389382] [controller_server]: Passing new path to controller.
[controller_server-1] [INFO] [1785465426.123435207] [controller_server]: Passing new path to controller.
[controller_server-1] [INFO] [1785465427.123427176] [controller_server]: Passing new path to controller.
[controller_server-1] [INFO] [1785465428.173415327] [controller_server]: Passing new path to controller.
[controller_server-1] [INFO] [1785465429.173429646] [controller_server]: Passing new path to controller.
[controller_server-1] [INFO] [1785465430.223447450] [controller_server]: Passing new path to controller.
[controller_server-1] [INFO] [1785465431.273390034] [controller_server]: Passing new path to controller.
[controller_server-1] [INFO] [1785465432.323466042] [controller_server]: Passing new path to controller.
[bt_navigator-5] [WARN] [1785465432.542020962] [BehaviorTreeEngine]: Behavior Tree tick rate 100.00 was exceeded!
[controller_server-1] [INFO] [1785465433.323423226] [controller_server]: Passing new path to controller.
[bt_navigator-5] [WARN] [1785465433.897599039] [BehaviorTreeEngine]: Behavior Tree tick rate 100.00 was exceeded!
[planner_server-3] [WARN] [1785465434.331570381] [planner_server]: GridBased: failed to create plan with tolerance 0.50.
[planner_server-3] [WARN] [1785465434.331677798] [planner_server]: Planning algorithm GridBased failed to generate a valid path to (-6.00, -0.50)
[planner_server-3] [WARN] [1785465434.331697390] [planner_server]: [compute_path_to_pose] [ActionServer] Aborting handle.
[planner_server-3] [INFO] [1785465434.349061094] [global_costmap.global_costmap]: Received request to clear entirely the global_costmap
[controller_server-1] [INFO] [1785465434.573391826] [controller_server]: Passing new path to controller.
[controller_server-1] [INFO] [1785465435.573421487] [controller_server]: Passing new path to controller.
[controller_server-1] [INFO] [1785465436.623394910] [controller_server]: Passing new path to controller.
[bt_navigator-5] [WARN] [1785465436.840666704] [BehaviorTreeEngine]: Behavior Tree tick rate 100.00 was exceeded!
[controller_server-1] [INFO] [1785465437.624063611] [controller_server]: Passing new path to controller.
[controller_server-1] [INFO] [1785465438.673388972] [controller_server]: Passing new path to controller.
[bt_navigator-5] [WARN] [1785465439.233361545] [BehaviorTreeEngine]: Behavior Tree tick rate 100.00 was exceeded!
[controller_server-1] [INFO] [1785465439.724791933] [controller_server]: Passing new path to controller.
[bt_navigator-5] [WARN] [1785465440.063443174] [BehaviorTreeEngine]: Behavior Tree tick rate 100.00 was exceeded!
[controller_server-1] [INFO] [1785465440.723769618] [controller_server]: Passing new path to controller.
[bt_navigator-5] [WARN] [1785465441.333454735] [BehaviorTreeEngine]: Behavior Tree tick rate 100.00 was exceeded!
[controller_server-1] [INFO] [1785465441.773385878] [controller_server]: Passing new path to controller.
[bt_navigator-5] [WARN] [1785465442.291294347] [BehaviorTreeEngine]: Behavior Tree tick rate 100.00 was exceeded!
[bt_navigator-5] [WARN] [1785465442.340240649] [BehaviorTreeEngine]: Behavior Tree tick rate 100.00 was exceeded!
[bt_navigator-5] [WARN] [1785465442.341423035] [BehaviorTreeEngine]: Behavior Tree tick rate 100.00 was exceeded!
[bt_navigator-5] [WARN] [1785465442.584246872] [BehaviorTreeEngine]: Behavior Tree tick rate 100.00 was exceeded!
[controller_server-1] [INFO] [1785465442.773421662] [controller_server]: Passing new path to controller.
[bt_navigator-5] [WARN] [1785465443.821524600] [BehaviorTreeEngine]: Behavior Tree tick rate 100.00 was exceeded!
[controller_server-1] [INFO] [1785465443.823435895] [controller_server]: Passing new path to controller.
[controller_server-1] [INFO] [1785465444.823426742] [controller_server]: Passing new path to controller.
[controller_server-1] [INFO] [1785465445.823435401] [controller_server]: Passing new path to controller.
[controller_server-1] [INFO] [1785465446.873405575] [controller_server]: Passing new path to controller.
[controller_server-1] [INFO] [1785465447.873397721] [controller_server]: Passing new path to controller.
[controller_server-1] [INFO] [1785465448.923463085] [controller_server]: Passing new path to controller.
[controller_server-1] [INFO] [1785465449.973426398] [controller_server]: Passing new path to controller.
[controller_server-1] [INFO] [1785465450.973402428] [controller_server]: Passing new path to controller.
[controller_server-1] [INFO] [1785465452.023442761] [controller_server]: Passing new path to controller.
[controller_server-1] [INFO] [1785465453.023423866] [controller_server]: Passing new path to controller.
[controller_server-1] [INFO] [1785465454.073418875] [controller_server]: Passing new path to controller.
[controller_server-1] [INFO] [1785465455.073815615] [controller_server]: Passing new path to controller.
[controller_server-1] [INFO] [1785465456.123446025] [controller_server]: Passing new path to controller.
[controller_server-1] [INFO] [1785465457.123438710] [controller_server]: Passing new path to controller.
[controller_server-1] [INFO] [1785465458.173416099] [controller_server]: Passing new path to controller.
[controller_server-1] [INFO] [1785465459.223502172] [controller_server]: Passing new path to controller.
[controller_server-1] [INFO] [1785465460.223426103] [controller_server]: Passing new path to controller.
[controller_server-1] [INFO] [1785465461.274402724] [controller_server]: Passing new path to controller.
[controller_server-1] [INFO] [1785465462.273387188] [controller_server]: Passing new path to controller.
[bt_navigator-5] [WARN] [1785465463.034142310] [BehaviorTreeEngine]: Behavior Tree tick rate 100.00 was exceeded!
[bt_navigator-5] [WARN] [1785465463.100416063] [BehaviorTreeEngine]: Behavior Tree tick rate 100.00 was exceeded!
[controller_server-1] [WARN] [1785465463.152637139] [controller_server]: Control loop missed its desired rate of 20.0000Hz
[controller_server-1] [INFO] [1785465463.323424733] [controller_server]: Passing new path to controller.
[controller_server-1] [INFO] [1785465464.324266838] [controller_server]: Passing new path to controller.
[bt_navigator-5] [WARN] [1785465464.680102822] [BehaviorTreeEngine]: Behavior Tree tick rate 100.00 was exceeded!
[bt_navigator-5] [WARN] [1785465464.681210880] [BehaviorTreeEngine]: Behavior Tree tick rate 100.00 was exceeded!
[controller_server-1] [INFO] [1785465465.373397422] [controller_server]: Passing new path to controller.
[bt_navigator-5] [WARN] [1785465466.334485162] [BehaviorTreeEngine]: Behavior Tree tick rate 100.00 was exceeded!
[controller_server-1] [INFO] [1785465466.373448891] [controller_server]: Passing new path to controller.
[controller_server-1] [INFO] [1785465467.423428238] [controller_server]: Passing new path to controller.
[bt_navigator-5] [WARN] [1785465467.605472593] [BehaviorTreeEngine]: Behavior Tree tick rate 100.00 was exceeded!
[bt_navigator-5] [WARN] [1785465467.656710247] [BehaviorTreeEngine]: Behavior Tree tick rate 100.00 was exceeded!
[bt_navigator-5] [WARN] [1785465467.692765914] [BehaviorTreeEngine]: Behavior Tree tick rate 100.00 was exceeded!
[controller_server-1] [WARN] [1785465467.739284563] [controller_server]: Control loop missed its desired rate of 20.0000Hz
[controller_server-1] [INFO] [1785465468.423470536] [controller_server]: Passing new path to controller.
[controller_server-1] [INFO] [1785465469.473412896] [controller_server]: Passing new path to controller.
[controller_server-1] [INFO] [1785465470.473412471] [controller_server]: Passing new path to controller.
[controller_server-1] [INFO] [1785465471.523439242] [controller_server]: Passing new path to controller.
[controller_server-1] [INFO] [1785465472.573399194] [controller_server]: Passing new path to controller.
[controller_server-1] [INFO] [1785465473.573397565] [controller_server]: Passing new path to controller.
[controller_server-1] [INFO] [1785465474.623456384] [controller_server]: Passing new path to controller.
[bt_navigator-5] [WARN] [1785465475.397884361] [BehaviorTreeEngine]: Behavior Tree tick rate 100.00 was exceeded!
[bt_navigator-5] [WARN] [1785465475.421644202] [BehaviorTreeEngine]: Behavior Tree tick rate 100.00 was exceeded!
[controller_server-1] [INFO] [1785465475.623450778] [controller_server]: Passing new path to controller.
[controller_server-1] [INFO] [1785465476.675019928] [controller_server]: Passing new path to controller.
[controller_server-1] [INFO] [1785465477.723403461] [controller_server]: Passing new path to controller.
[controller_server-1] [INFO] [1785465478.723426641] [controller_server]: Passing new path to controller.
[controller_server-1] [INFO] [1785465479.773398039] [controller_server]: Passing new path to controller.
[controller_server-1] [INFO] [1785465480.773414577] [controller_server]: Passing new path to controller.
[controller_server-1] [ERROR] [1785465480.923583911] [controller_server]: Failed to make progress
[controller_server-1] [WARN] [1785465480.923769978] [controller_server]: [follow_path] [ActionServer] Aborting handle.
[controller_server-1] [INFO] [1785465480.937025584] [local_costmap.local_costmap]: Received request to clear entirely the local_costmap
[controller_server-1] [INFO] [1785465480.938254201] [controller_server]: Received a goal, begin computing control effort.
[controller_server-1] [WARN] [1785465481.093154749] [controller_server]: Control loop missed its desired rate of 20.0000Hz
[bt_navigator-5] [WARN] [1785465481.100305994] [BehaviorTreeEngine]: Behavior Tree tick rate 100.00 was exceeded!
[bt_navigator-5] [WARN] [1785465481.117047089] [BehaviorTreeEngine]: Behavior Tree tick rate 100.00 was exceeded!
[controller_server-1] [INFO] [1785465481.793232594] [controller_server]: Passing new path to controller.
[controller_server-1] [INFO] [1785465482.843265689] [controller_server]: Passing new path to controller.
[controller_server-1] [INFO] [1785465483.843290285] [controller_server]: Passing new path to controller.
[controller_server-1] [INFO] [1785465484.893220999] [controller_server]: Passing new path to controller.
[controller_server-1] [INFO] [1785465485.943898231] [controller_server]: Passing new path to controller.
[controller_server-1] [INFO] [1785465486.943283317] [controller_server]: Passing new path to controller.
[controller_server-1] [INFO] [1785465487.993211314] [controller_server]: Passing new path to controller.
[controller_server-1] [INFO] [1785465488.993222301] [controller_server]: Passing new path to controller.
[controller_server-1] [INFO] [1785465490.043247076] [controller_server]: Passing new path to controller.
[controller_server-1] [INFO] [1785465491.093234264] [controller_server]: Passing new path to controller.
[controller_server-1] [INFO] [1785465492.093272013] [controller_server]: Passing new path to controller.
[controller_server-1] [INFO] [1785465493.143284916] [controller_server]: Passing new path to controller.
[controller_server-1] [INFO] [1785465494.147763902] [controller_server]: Passing new path to controller.
[controller_server-1] [INFO] [1785465495.193344863] [controller_server]: Passing new path to controller.
[controller_server-1] [INFO] [1785465496.243299737] [controller_server]: Passing new path to controller.
[controller_server-1] [INFO] [1785465497.243267198] [controller_server]: Passing new path to controller.
[controller_server-1] [INFO] [1785465498.243265577] [controller_server]: Passing new path to controller.
[bt_navigator-5] [WARN] [1785465498.813679236] [BehaviorTreeEngine]: Behavior Tree tick rate 100.00 was exceeded!
[controller_server-1] [INFO] [1785465499.293324124] [controller_server]: Passing new path to controller.
[controller_server-1] [INFO] [1785465500.343780220] [controller_server]: Passing new path to controller.
[controller_server-1] [INFO] [1785465501.343293677] [controller_server]: Passing new path to controller.
[controller_server-1] [INFO] [1785465502.393386357] [controller_server]: Passing new path to controller.
[controller_server-1] [INFO] [1785465503.393219140] [controller_server]: Passing new path to controller.
[controller_server-1] [INFO] [1785465504.443298116] [controller_server]: Passing new path to controller.
[controller_server-1] [INFO] [1785465505.443293068] [controller_server]: Passing new path to controller.
[controller_server-1] [INFO] [1785465506.493237410] [controller_server]: Passing new path to controller.
[controller_server-1] [INFO] [1785465507.543284551] [controller_server]: Passing new path to controller.
[controller_server-1] [INFO] [1785465508.543292493] [controller_server]: Passing new path to controller.
[controller_server-1] [INFO] [1785465509.593266033] [controller_server]: Passing new path to controller.
[bt_navigator-5] [WARN] [1785465510.018768599] [BehaviorTreeEngine]: Behavior Tree tick rate 100.00 was exceeded!
[controller_server-1] [INFO] [1785465510.593551466] [controller_server]: Passing new path to controller.
[bt_navigator-5] [WARN] [1785465510.816561261] [BehaviorTreeEngine]: Behavior Tree tick rate 100.00 was exceeded!
[bt_navigator-5] [WARN] [1785465510.817151697] [BehaviorTreeEngine]: Behavior Tree tick rate 100.00 was exceeded!
[bt_navigator-5] [WARN] [1785465510.931166524] [BehaviorTreeEngine]: Behavior Tree tick rate 100.00 was exceeded!
[bt_navigator-5] [WARN] [1785465510.952421225] [BehaviorTreeEngine]: Behavior Tree tick rate 100.00 was exceeded!
[bt_navigator-5] [WARN] [1785465511.261514353] [BehaviorTreeEngine]: Behavior Tree tick rate 100.00 was exceeded!
[bt_navigator-5] [WARN] [1785465511.322002488] [BehaviorTreeEngine]: Behavior Tree tick rate 100.00 was exceeded!
[bt_navigator-5] [WARN] [1785465511.384748157] [BehaviorTreeEngine]: Behavior Tree tick rate 100.00 was exceeded!
[bt_navigator-5] [WARN] [1785465511.436911896] [BehaviorTreeEngine]: Behavior Tree tick rate 100.00 was exceeded!
[controller_server-1] [INFO] [1785465511.644741993] [controller_server]: Passing new path to controller.
[bt_navigator-5] [WARN] [1785465512.255651583] [BehaviorTreeEngine]: Behavior Tree tick rate 100.00 was exceeded!
[bt_navigator-5] [WARN] [1785465512.261650250] [BehaviorTreeEngine]: Behavior Tree tick rate 100.00 was exceeded!
[controller_server-1] [INFO] [1785465512.643272124] [controller_server]: Passing new path to controller.
[bt_navigator-5] [WARN] [1785465513.208081376] [BehaviorTreeEngine]: Behavior Tree tick rate 100.00 was exceeded!
[bt_navigator-5] [WARN] [1785465513.662672794] [BehaviorTreeEngine]: Behavior Tree tick rate 100.00 was exceeded!
[bt_navigator-5] [WARN] [1785465513.725339143] [BehaviorTreeEngine]: Behavior Tree tick rate 100.00 was exceeded!
[bt_navigator-5] [WARN] [1785465513.743258678] [bt_navigator_navigate_to_pose_rclcpp_node]: Timed out while waiting for action server to acknowledge goal request for follow_path
[controller_server-1] [INFO] [1785465513.743353832] [controller_server]: Passing new path to controller.
[controller_server-1] [INFO] [1785465513.748622466] [local_costmap.local_costmap]: Received request to clear entirely the local_costmap
[planner_server-3] [INFO] [1785465513.755645910] [global_costmap.global_costmap]: Received request to clear entirely the global_costmap
[controller_server-1] [WARN] [1785465513.881434399] [controller_server]: Control loop missed its desired rate of 20.0000Hz
[planner_server-3] [WARN] [1785465514.520016218] [planner_server]: Planner loop missed its desired rate of 2.0000 Hz. Current loop rate is 1.3126 Hz
[controller_server-1] [INFO] [1785465514.543246538] [controller_server]: Passing new path to controller.
[bt_navigator-5] [WARN] [1785465515.397003971] [BehaviorTreeEngine]: Behavior Tree tick rate 100.00 was exceeded!
[controller_server-1] [INFO] [1785465515.601316490] [controller_server]: Passing new path to controller.
[controller_server-1] [INFO] [1785465516.643275108] [controller_server]: Passing new path to controller.
[controller_server-1] [INFO] [1785465517.645191931] [controller_server]: Passing new path to controller.
[bt_navigator-5] [WARN] [1785465518.484558998] [BehaviorTreeEngine]: Behavior Tree tick rate 100.00 was exceeded!
[bt_navigator-5] [WARN] [1785465518.519324129] [BehaviorTreeEngine]: Behavior Tree tick rate 100.00 was exceeded!
[controller_server-1] [INFO] [1785465518.693402897] [controller_server]: Passing new path to controller.
[controller_server-1] [INFO] [1785465519.693443264] [controller_server]: Passing new path to controller.
[controller_server-1] [INFO] [1785465520.743313538] [controller_server]: Passing new path to controller.
[controller_server-1] [ERROR] [1785465521.093389367] [controller_server]: Failed to make progress
[controller_server-1] [WARN] [1785465521.093596032] [controller_server]: [follow_path] [ActionServer] Aborting handle.
[controller_server-1] [INFO] [1785465521.109866261] [local_costmap.local_costmap]: Received request to clear entirely the local_costmap
[controller_server-1] [INFO] [1785465521.117083396] [controller_server]: Received a goal, begin computing control effort.
[controller_server-1] [WARN] [1785465521.283286900] [controller_server]: Control loop missed its desired rate of 20.0000Hz
[controller_server-1] [INFO] [1785465521.772911270] [controller_server]: Passing new path to controller.
[controller_server-1] [INFO] [1785465522.783430007] [controller_server]: Passing new path to controller.
[controller_server-1] [INFO] [1785465523.833392562] [controller_server]: Passing new path to controller.
[controller_server-1] [INFO] [1785465524.883408423] [controller_server]: Passing new path to controller.
[controller_server-1] [INFO] [1785465525.883459454] [controller_server]: Passing new path to controller.
[controller_server-1] [INFO] [1785465526.883415761] [controller_server]: Passing new path to controller.
[controller_server-1] [INFO] [1785465527.933399930] [controller_server]: Passing new path to controller.
[controller_server-1] [INFO] [1785465528.983731106] [controller_server]: Passing new path to controller.
[controller_server-1] [INFO] [1785465529.983402842] [controller_server]: Passing new path to controller.
[controller_server-1] [INFO] [1785465531.033453044] [controller_server]: Passing new path to controller.
[controller_server-1] [INFO] [1785465532.033386957] [controller_server]: Passing new path to controller.
[bt_navigator-5] [WARN] [1785465532.069435320] [BehaviorTreeEngine]: Behavior Tree tick rate 100.00 was exceeded!
[controller_server-1] [INFO] [1785465533.084113122] [controller_server]: Passing new path to controller.
[controller_server-1] [INFO] [1785465534.133395018] [controller_server]: Passing new path to controller.
[controller_server-1] [INFO] [1785465535.133380321] [controller_server]: Passing new path to controller.
[controller_server-1] [INFO] [1785465536.183413534] [controller_server]: Passing new path to controller.
[controller_server-1] [INFO] [1785465537.183802218] [controller_server]: Passing new path to controller.
[controller_server-1] [INFO] [1785465538.233382079] [controller_server]: Passing new path to controller.
[controller_server-1] [INFO] [1785465539.233370381] [controller_server]: Passing new path to controller.
[controller_server-1] [INFO] [1785465540.283394602] [controller_server]: Passing new path to controller.
[controller_server-1] [INFO] [1785465541.333426750] [controller_server]: Passing new path to controller.
[controller_server-1] [INFO] [1785465542.333388603] [controller_server]: Passing new path to controller.
[controller_server-1] [INFO] [1785465543.384019811] [controller_server]: Passing new path to controller.
[controller_server-1] [INFO] [1785465544.383405443] [controller_server]: Passing new path to controller.
[controller_server-1] [INFO] [1785465545.433371600] [controller_server]: Passing new path to controller.
[controller_server-1] [INFO] [1785465546.434724946] [controller_server]: Passing new path to controller.
[controller_server-1] [INFO] [1785465547.483453677] [controller_server]: Passing new path to controller.
[controller_server-1] [INFO] [1785465548.533406921] [controller_server]: Passing new path to controller.
[controller_server-1] [INFO] [1785465549.533381346] [controller_server]: Passing new path to controller.
[controller_server-1] [INFO] [1785465550.583436023] [controller_server]: Passing new path to controller.
[controller_server-1] [INFO] [1785465551.583372003] [controller_server]: Passing new path to controller.
[controller_server-1] [INFO] [1785465552.633382371] [controller_server]: Passing new path to controller.
[controller_server-1] [INFO] [1785465553.683398537] [controller_server]: Passing new path to controller.
[controller_server-1] [INFO] [1785465554.683403616] [controller_server]: Passing new path to controller.
[controller_server-1] [INFO] [1785465555.733673887] [controller_server]: Passing new path to controller.
[controller_server-1] [INFO] [1785465556.733422827] [controller_server]: Passing new path to controller.
[controller_server-1] [INFO] [1785465557.783398561] [controller_server]: Passing new path to controller.
[controller_server-1] [INFO] [1785465558.833983189] [controller_server]: Passing new path to controller.
[controller_server-1] [INFO] [1785465559.833466407] [controller_server]: Passing new path to controller.
[controller_server-1] [INFO] [1785465560.883428506] [controller_server]: Passing new path to controller.
[controller_server-1] [ERROR] [1785465561.285291450] [controller_server]: Failed to make progress
[controller_server-1] [WARN] [1785465561.285490483] [controller_server]: [follow_path] [ActionServer] Aborting handle.
[behavior_server-4] [INFO] [1785465561.300804134] [behavior_server]: Running spin
[behavior_server-4] [INFO] [1785465561.302167492] [behavior_server]: Turning 1.57 for spin behavior.
[behavior_server-4] [INFO] [1785465567.502586393] [behavior_server]: spin completed successfully
[controller_server-1] [INFO] [1785465567.550154338] [controller_server]: Received a goal, begin computing control effort.
[controller_server-1] [INFO] [1785465568.600855139] [controller_server]: Passing new path to controller.
[controller_server-1] [INFO] [1785465569.653161017] [controller_server]: Passing new path to controller.
[controller_server-1] [INFO] [1785465570.650885072] [controller_server]: Passing new path to controller.
[controller_server-1] [INFO] [1785465571.700814115] [controller_server]: Passing new path to controller.
[controller_server-1] [INFO] [1785465572.700944123] [controller_server]: Passing new path to controller.
[controller_server-1] [INFO] [1785465573.750813293] [controller_server]: Passing new path to controller.
[controller_server-1] [INFO] [1785465574.800813787] [controller_server]: Passing new path to controller.
[controller_server-1] [INFO] [1785465575.800811443] [controller_server]: Passing new path to controller.
[controller_server-1] [INFO] [1785465576.850852461] [controller_server]: Passing new path to controller.
[controller_server-1] [INFO] [1785465577.850850027] [controller_server]: Passing new path to controller.
[controller_server-1] [INFO] [1785465578.900860447] [controller_server]: Passing new path to controller.
[controller_server-1] [INFO] [1785465579.950861674] [controller_server]: Passing new path to controller.
[controller_server-1] [INFO] [1785465580.950828607] [controller_server]: Passing new path to controller.
[controller_server-1] [INFO] [1785465582.000844283] [controller_server]: Passing new path to controller.
[controller_server-1] [INFO] [1785465583.000831648] [controller_server]: Passing new path to controller.
[controller_server-1] [INFO] [1785465584.050826384] [controller_server]: Passing new path to controller.
[controller_server-1] [INFO] [1785465585.052005019] [controller_server]: Passing new path to controller.
[controller_server-1] [INFO] [1785465586.100848504] [controller_server]: Passing new path to controller.
[controller_server-1] [INFO] [1785465587.150841386] [controller_server]: Passing new path to controller.
[bt_navigator-5] [WARN] [1785465587.288044698] [BehaviorTreeEngine]: Behavior Tree tick rate 100.00 was exceeded!
[bt_navigator-5] [WARN] [1785465587.821527724] [BehaviorTreeEngine]: Behavior Tree tick rate 100.00 was exceeded!
[bt_navigator-5] [WARN] [1785465588.139612056] [BehaviorTreeEngine]: Behavior Tree tick rate 100.00 was exceeded!
[controller_server-1] [INFO] [1785465588.151078520] [controller_server]: Passing new path to controller.
[bt_navigator-5] [WARN] [1785465588.312185916] [BehaviorTreeEngine]: Behavior Tree tick rate 100.00 was exceeded!
[bt_navigator-5] [WARN] [1785465588.331817648] [BehaviorTreeEngine]: Behavior Tree tick rate 100.00 was exceeded!
[bt_navigator-5] [WARN] [1785465588.354280365] [BehaviorTreeEngine]: Behavior Tree tick rate 100.00 was exceeded!
[bt_navigator-5] [WARN] [1785465588.366972372] [BehaviorTreeEngine]: Behavior Tree tick rate 100.00 was exceeded!
[bt_navigator-5] [WARN] [1785465588.369668621] [BehaviorTreeEngine]: Behavior Tree tick rate 100.00 was exceeded!
[bt_navigator-5] [WARN] [1785465588.382011145] [BehaviorTreeEngine]: Behavior Tree tick rate 100.00 was exceeded!
[bt_navigator-5] [WARN] [1785465588.422569791] [BehaviorTreeEngine]: Behavior Tree tick rate 100.00 was exceeded!
[controller_server-1] [INFO] [1785465589.200871313] [controller_server]: Passing new path to controller.
[bt_navigator-5] [WARN] [1785465589.401984529] [BehaviorTreeEngine]: Behavior Tree tick rate 100.00 was exceeded!
[bt_navigator-5] [WARN] [1785465589.606897605] [BehaviorTreeEngine]: Behavior Tree tick rate 100.00 was exceeded!
[bt_navigator-5] [WARN] [1785465589.699726559] [BehaviorTreeEngine]: Behavior Tree tick rate 100.00 was exceeded!
[controller_server-1] [INFO] [1785465590.200835305] [controller_server]: Passing new path to controller.
[controller_server-1] [INFO] [1785465591.250812937] [controller_server]: Passing new path to controller.
[controller_server-1] [INFO] [1785465592.253166632] [controller_server]: Passing new path to controller.
[controller_server-1] [INFO] [1785465593.300902858] [controller_server]: Passing new path to controller.
[controller_server-1] [INFO] [1785465594.300937672] [controller_server]: Passing new path to controller.
[controller_server-1] [INFO] [1785465595.350817289] [controller_server]: Passing new path to controller.
[bt_navigator-5] [WARN] [1785465596.337687998] [BehaviorTreeEngine]: Behavior Tree tick rate 100.00 was exceeded!
[bt_navigator-5] [WARN] [1785465596.340088689] [BehaviorTreeEngine]: Behavior Tree tick rate 100.00 was exceeded!
[controller_server-1] [INFO] [1785465596.350824663] [controller_server]: Passing new path to controller.
[controller_server-1] [INFO] [1785465597.400827944] [controller_server]: Passing new path to controller.
[controller_server-1] [INFO] [1785465598.450876349] [controller_server]: Passing new path to controller.
[controller_server-1] [INFO] [1785465599.501172213] [controller_server]: Passing new path to controller.
[controller_server-1] [INFO] [1785465600.500993196] [controller_server]: Passing new path to controller.
[controller_server-1] [INFO] [1785465601.505897817] [controller_server]: Passing new path to controller.
[controller_server-1] [INFO] [1785465602.550845287] [controller_server]: Passing new path to controller.
[controller_server-1] [INFO] [1785465603.600815607] [controller_server]: Passing new path to controller.
[controller_server-1] [INFO] [1785465604.601368098] [controller_server]: Passing new path to controller.
[bt_navigator-5] [WARN] [1785465605.605118734] [BehaviorTreeEngine]: Behavior Tree tick rate 100.00 was exceeded!
[controller_server-1] [INFO] [1785465605.650832311] [controller_server]: Passing new path to controller.
[controller_server-1] [INFO] [1785465606.651196496] [controller_server]: Passing new path to controller.
[bt_navigator-5] [WARN] [1785465606.721107596] [BehaviorTreeEngine]: Behavior Tree tick rate 100.00 was exceeded!
[controller_server-1] [ERROR] [1785465607.550864451] [controller_server]: Failed to make progress
[controller_server-1] [WARN] [1785465607.551063765] [controller_server]: [follow_path] [ActionServer] Aborting handle.
[controller_server-1] [INFO] [1785465607.570070495] [local_costmap.local_costmap]: Received request to clear entirely the local_costmap
[controller_server-1] [INFO] [1785465607.571689244] [controller_server]: Received a goal, begin computing control effort.
[controller_server-1] [INFO] [1785465607.672254164] [controller_server]: Passing new path to controller.
[controller_server-1] [WARN] [1785465607.678071189] [controller_server]: Control loop missed its desired rate of 20.0000Hz
[controller_server-1] [INFO] [1785465608.728255934] [controller_server]: Passing new path to controller.
[controller_server-1] [INFO] [1785465609.728231063] [controller_server]: Passing new path to controller.
[controller_server-1] [INFO] [1785465610.778266316] [controller_server]: Passing new path to controller.
[controller_server-1] [INFO] [1785465611.828221345] [controller_server]: Passing new path to controller.
[controller_server-1] [INFO] [1785465612.829201177] [controller_server]: Passing new path to controller.
[bt_navigator-5] [WARN] [1785465613.391535891] [BehaviorTreeEngine]: Behavior Tree tick rate 100.00 was exceeded!
[bt_navigator-5] [WARN] [1785465613.723474861] [BehaviorTreeEngine]: Behavior Tree tick rate 100.00 was exceeded!
[bt_navigator-5] [WARN] [1785465613.785454392] [BehaviorTreeEngine]: Behavior Tree tick rate 100.00 was exceeded!
[controller_server-1] [INFO] [1785465613.828234096] [controller_server]: Passing new path to controller.
[controller_server-1] [INFO] [1785465614.878251342] [controller_server]: Passing new path to controller.
[controller_server-1] [INFO] [1785465615.878195139] [controller_server]: Passing new path to controller.
[controller_server-1] [INFO] [1785465616.933167448] [controller_server]: Passing new path to controller.
[bt_navigator-5] [WARN] [1785465617.355135887] [BehaviorTreeEngine]: Behavior Tree tick rate 100.00 was exceeded!
[bt_navigator-5] [WARN] [1785465617.396671701] [BehaviorTreeEngine]: Behavior Tree tick rate 100.00 was exceeded!
[bt_navigator-5] [WARN] [1785465617.480251419] [BehaviorTreeEngine]: Behavior Tree tick rate 100.00 was exceeded!
[bt_navigator-5] [WARN] [1785465617.580840334] [BehaviorTreeEngine]: Behavior Tree tick rate 100.00 was exceeded!
[controller_server-1] [INFO] [1785465617.929407574] [controller_server]: Passing new path to controller.
[bt_navigator-5] [WARN] [1785465618.888444420] [BehaviorTreeEngine]: Behavior Tree tick rate 100.00 was exceeded!
[controller_server-1] [INFO] [1785465618.978199987] [controller_server]: Passing new path to controller.
[controller_server-1] [INFO] [1785465620.028760577] [controller_server]: Passing new path to controller.
[controller_server-1] [INFO] [1785465621.028205386] [controller_server]: Passing new path to controller.
[bt_navigator-5] [WARN] [1785465622.022555241] [BehaviorTreeEngine]: Behavior Tree tick rate 100.00 was exceeded!
[controller_server-1] [INFO] [1785465622.078288091] [controller_server]: Passing new path to controller.
[controller_server-1] [INFO] [1785465623.128169617] [controller_server]: Passing new path to controller.
[controller_server-1] [INFO] [1785465624.128272214] [controller_server]: Passing new path to controller.
[bt_navigator-5] [WARN] [1785465624.230490589] [BehaviorTreeEngine]: Behavior Tree tick rate 100.00 was exceeded!
[controller_server-1] [INFO] [1785465625.178161764] [controller_server]: Passing new path to controller.
[controller_server-1] [INFO] [1785465626.228906524] [controller_server]: Passing new path to controller.
[controller_server-1] [INFO] [1785465627.228238311] [controller_server]: Passing new path to controller.
[controller_server-1] [INFO] [1785465628.278202827] [controller_server]: Passing new path to controller.
[controller_server-1] [INFO] [1785465629.278196990] [controller_server]: Passing new path to controller.
[controller_server-1] [INFO] [1785465630.328164929] [controller_server]: Passing new path to controller.
[controller_server-1] [INFO] [1785465631.328218498] [controller_server]: Passing new path to controller.
[controller_server-1] [INFO] [1785465632.378195190] [controller_server]: Passing new path to controller.
[bt_navigator-5] [WARN] [1785465632.652169951] [BehaviorTreeEngine]: Behavior Tree tick rate 100.00 was exceeded!
[controller_server-1] [INFO] [1785465633.428213263] [controller_server]: Passing new path to controller.
[controller_server-1] [INFO] [1785465634.428163679] [controller_server]: Passing new path to controller.
[controller_server-1] [INFO] [1785465635.428215574] [controller_server]: Passing new path to controller.
[controller_server-1] [INFO] [1785465636.478163349] [controller_server]: Passing new path to controller.
[bt_navigator-5] [WARN] [1785465637.271072900] [BehaviorTreeEngine]: Behavior Tree tick rate 100.00 was exceeded!
[controller_server-1] [INFO] [1785465637.528176870] [controller_server]: Passing new path to controller.
[controller_server-1] [INFO] [1785465638.578204704] [controller_server]: Passing new path to controller.
[controller_server-1] [INFO] [1785465639.578162871] [controller_server]: Passing new path to controller.
[bt_navigator-5] [WARN] [1785465640.271700161] [BehaviorTreeEngine]: Behavior Tree tick rate 100.00 was exceeded!
[controller_server-1] [INFO] [1785465640.628227191] [controller_server]: Passing new path to controller.
[controller_server-1] [INFO] [1785465641.628202383] [controller_server]: Passing new path to controller.
[controller_server-1] [INFO] [1785465642.678222131] [controller_server]: Passing new path to controller.
[controller_server-1] [INFO] [1785465643.678982757] [controller_server]: Passing new path to controller.
[controller_server-1] [INFO] [1785465644.728193941] [controller_server]: Passing new path to controller.
[controller_server-1] [INFO] [1785465645.728796675] [controller_server]: Passing new path to controller.
[bt_navigator-5] [WARN] [1785465645.734209131] [BehaviorTreeEngine]: Behavior Tree tick rate 100.00 was exceeded!
[controller_server-1] [INFO] [1785465646.778205246] [controller_server]: Passing new path to controller.
[bt_navigator-5] [WARN] [1785465647.256572860] [BehaviorTreeEngine]: Behavior Tree tick rate 100.00 was exceeded!
[controller_server-1] [ERROR] [1785465647.679283468] [controller_server]: Failed to make progress
[controller_server-1] [WARN] [1785465647.679426163] [controller_server]: [follow_path] [ActionServer] Aborting handle.
[behavior_server-4] [INFO] [1785465647.692091027] [behavior_server]: Running wait
[bt_navigator-5] [WARN] [1785465648.088702382] [BehaviorTreeEngine]: Behavior Tree tick rate 100.00 was exceeded!
[bt_navigator-5] [WARN] [1785465648.128569183] [BehaviorTreeEngine]: Behavior Tree tick rate 100.00 was exceeded!
[bt_navigator-5] [WARN] [1785465648.151927951] [BehaviorTreeEngine]: Behavior Tree tick rate 100.00 was exceeded!
[bt_navigator-5] [WARN] [1785465648.171807755] [BehaviorTreeEngine]: Behavior Tree tick rate 100.00 was exceeded!
[bt_navigator-5] [WARN] [1785465648.212914010] [BehaviorTreeEngine]: Behavior Tree tick rate 100.00 was exceeded!
[bt_navigator-5] [WARN] [1785465648.302182724] [BehaviorTreeEngine]: Behavior Tree tick rate 100.00 was exceeded!
[behavior_server-4] [INFO] [1785465652.692765717] [behavior_server]: wait completed successfully
[controller_server-1] [INFO] [1785465652.745525981] [controller_server]: Received a goal, begin computing control effort.
[bt_navigator-5] [WARN] [1785465653.581886921] [BehaviorTreeEngine]: Behavior Tree tick rate 100.00 was exceeded!
[bt_navigator-5] [WARN] [1785465653.622749408] [BehaviorTreeEngine]: Behavior Tree tick rate 100.00 was exceeded!
[bt_navigator-5] [WARN] [1785465653.692810527] [BehaviorTreeEngine]: Behavior Tree tick rate 100.00 was exceeded!
[controller_server-1] [INFO] [1785465653.795865672] [controller_server]: Passing new path to controller.
[bt_navigator-5] [WARN] [1785465654.453506357] [BehaviorTreeEngine]: Behavior Tree tick rate 100.00 was exceeded!
[controller_server-1] [INFO] [1785465654.845820510] [controller_server]: Passing new path to controller.
[bt_navigator-5] [WARN] [1785465655.475170685] [BehaviorTreeEngine]: Behavior Tree tick rate 100.00 was exceeded!
[bt_navigator-5] [WARN] [1785465655.656348647] [BehaviorTreeEngine]: Behavior Tree tick rate 100.00 was exceeded!
[controller_server-1] [INFO] [1785465655.845825525] [controller_server]: Passing new path to controller.
[bt_navigator-5] [WARN] [1785465656.285755237] [BehaviorTreeEngine]: Behavior Tree tick rate 100.00 was exceeded!
[controller_server-1] [INFO] [1785465656.895849139] [controller_server]: Passing new path to controller.
[controller_server-1] [INFO] [1785465657.896577116] [controller_server]: Passing new path to controller.
[controller_server-1] [INFO] [1785465658.945805985] [controller_server]: Passing new path to controller.
[controller_server-1] [INFO] [1785465659.945971269] [controller_server]: Passing new path to controller.
[controller_server-1] [INFO] [1785465660.995940649] [controller_server]: Passing new path to controller.
[controller_server-1] [INFO] [1785465661.995861751] [controller_server]: Passing new path to controller.
[controller_server-1] [INFO] [1785465662.996157526] [controller_server]: Passing new path to controller.
[controller_server-1] [INFO] [1785465664.045856490] [controller_server]: Passing new path to controller.
[controller_server-1] [INFO] [1785465665.095813599] [controller_server]: Passing new path to controller.
[controller_server-1] [INFO] [1785465666.096137617] [controller_server]: Passing new path to controller.
[controller_server-1] [INFO] [1785465667.146279366] [controller_server]: Passing new path to controller.
[bt_navigator-5] [WARN] [1785465667.762152665] [BehaviorTreeEngine]: Behavior Tree tick rate 100.00 was exceeded!
[controller_server-1] [WARN] [1785465667.870125623] [controller_server]: Control loop missed its desired rate of 20.0000Hz
[controller_server-1] [INFO] [1785465668.145997641] [controller_server]: Passing new path to controller.
[controller_server-1] [INFO] [1785465669.195871518] [controller_server]: Passing new path to controller.
[controller_server-1] [INFO] [1785465670.196002179] [controller_server]: Passing new path to controller.
[controller_server-1] [INFO] [1785465671.246489599] [controller_server]: Passing new path to controller.
[controller_server-1] [INFO] [1785465672.245866078] [controller_server]: Passing new path to controller.
[controller_server-1] [INFO] [1785465673.295869531] [controller_server]: Passing new path to controller.
[controller_server-1] [INFO] [1785465674.345874706] [controller_server]: Passing new path to controller.
[controller_server-1] [INFO] [1785465675.345958563] [controller_server]: Passing new path to controller.
[controller_server-1] [INFO] [1785465676.395867293] [controller_server]: Passing new path to controller.
[bt_navigator-5] [WARN] [1785465676.857249994] [BehaviorTreeEngine]: Behavior Tree tick rate 100.00 was exceeded!
[bt_navigator-5] [WARN] [1785465676.977266261] [BehaviorTreeEngine]: Behavior Tree tick rate 100.00 was exceeded!
[bt_navigator-5] [WARN] [1785465677.017201625] [BehaviorTreeEngine]: Behavior Tree tick rate 100.00 was exceeded!
[bt_navigator-5] [WARN] [1785465677.017791601] [BehaviorTreeEngine]: Behavior Tree tick rate 100.00 was exceeded!
[bt_navigator-5] [WARN] [1785465677.117279057] [BehaviorTreeEngine]: Behavior Tree tick rate 100.00 was exceeded!
[bt_navigator-5] [WARN] [1785465677.170593176] [BehaviorTreeEngine]: Behavior Tree tick rate 100.00 was exceeded!
[bt_navigator-5] [WARN] [1785465677.208700679] [BehaviorTreeEngine]: Behavior Tree tick rate 100.00 was exceeded!
[bt_navigator-5] [WARN] [1785465677.309597448] [BehaviorTreeEngine]: Behavior Tree tick rate 100.00 was exceeded!
[bt_navigator-5] [WARN] [1785465677.379682997] [BehaviorTreeEngine]: Behavior Tree tick rate 100.00 was exceeded!
[bt_navigator-5] [WARN] [1785465677.430792832] [BehaviorTreeEngine]: Behavior Tree tick rate 100.00 was exceeded!
[bt_navigator-5] [WARN] [1785465677.452519768] [BehaviorTreeEngine]: Behavior Tree tick rate 100.00 was exceeded!
[bt_navigator-5] [WARN] [1785465677.462227392] [BehaviorTreeEngine]: Behavior Tree tick rate 100.00 was exceeded!
[controller_server-1] [INFO] [1785465677.495866475] [controller_server]: Passing new path to controller.
[bt_navigator-5] [WARN] [1785465678.506331926] [BehaviorTreeEngine]: Behavior Tree tick rate 100.00 was exceeded!
[controller_server-1] [INFO] [1785465678.545805109] [controller_server]: Passing new path to controller.
[controller_server-1] [INFO] [1785465679.546179934] [controller_server]: Passing new path to controller.
[controller_server-1] [INFO] [1785465680.601171626] [controller_server]: Passing new path to controller.
[controller_server-1] [INFO] [1785465681.595866405] [controller_server]: Passing new path to controller.
[controller_server-1] [INFO] [1785465682.645886241] [controller_server]: Passing new path to controller.
[controller_server-1] [INFO] [1785465683.645820078] [controller_server]: Passing new path to controller.
[bt_navigator-5] [WARN] [1785465683.919611735] [BehaviorTreeEngine]: Behavior Tree tick rate 100.00 was exceeded!
[bt_navigator-5] [WARN] [1785465684.557384225] [BehaviorTreeEngine]: Behavior Tree tick rate 100.00 was exceeded!
[bt_navigator-5] [WARN] [1785465684.600492359] [BehaviorTreeEngine]: Behavior Tree tick rate 100.00 was exceeded!
[bt_navigator-5] [WARN] [1785465684.632567809] [BehaviorTreeEngine]: Behavior Tree tick rate 100.00 was exceeded!
[controller_server-1] [INFO] [1785465684.701224065] [controller_server]: Passing new path to controller.
[bt_navigator-5] [WARN] [1785465684.811607780] [BehaviorTreeEngine]: Behavior Tree tick rate 100.00 was exceeded!
[controller_server-1] [INFO] [1785465685.695890305] [controller_server]: Passing new path to controller.
[controller_server-1] [INFO] [1785465686.745946715] [controller_server]: Passing new path to controller.
[controller_server-1] [INFO] [1785465687.745962911] [controller_server]: Passing new path to controller.
[controller_server-1] [INFO] [1785465688.795863985] [controller_server]: Passing new path to controller.
[controller_server-1] [INFO] [1785465689.795815312] [controller_server]: Passing new path to controller.
[bt_navigator-5] [WARN] [1785465690.499770927] [BehaviorTreeEngine]: Behavior Tree tick rate 100.00 was exceeded!
[controller_server-1] [INFO] [1785465690.845871001] [controller_server]: Passing new path to controller.
[controller_server-1] [INFO] [1785465691.895906993] [controller_server]: Passing new path to controller.
[controller_server-1] [ERROR] [1785465692.745942393] [controller_server]: Failed to make progress
[controller_server-1] [WARN] [1785465692.746125149] [controller_server]: [follow_path] [ActionServer] Aborting handle.
[controller_server-1] [INFO] [1785465692.761919846] [local_costmap.local_costmap]: Received request to clear entirely the local_costmap
[controller_server-1] [INFO] [1785465692.764029327] [controller_server]: Received a goal, begin computing control effort.
[controller_server-1] [WARN] [1785465692.884037790] [controller_server]: Control loop missed its desired rate of 20.0000Hz
[controller_server-1] [INFO] [1785465692.884135839] [controller_server]: Passing new path to controller.
[controller_server-1] [INFO] [1785465693.934179721] [controller_server]: Passing new path to controller.
[controller_server-1] [INFO] [1785465694.984117337] [controller_server]: Passing new path to controller.
[controller_server-1] [INFO] [1785465695.984162493] [controller_server]: Passing new path to controller.
[controller_server-1] [INFO] [1785465697.034149299] [controller_server]: Passing new path to controller.
[controller_server-1] [INFO] [1785465698.034168497] [controller_server]: Passing new path to controller.
[controller_server-1] [INFO] [1785465699.084232476] [controller_server]: Passing new path to controller.
[controller_server-1] [INFO] [1785465700.084170275] [controller_server]: Passing new path to controller.
[controller_server-1] [INFO] [1785465701.134177549] [controller_server]: Passing new path to controller.
[controller_server-1] [INFO] [1785465702.184294028] [controller_server]: Passing new path to controller.
[controller_server-1] [INFO] [1785465703.184161490] [controller_server]: Passing new path to controller.
[controller_server-1] [INFO] [1785465704.234186116] [controller_server]: Passing new path to controller.
[controller_server-1] [INFO] [1785465705.234141108] [controller_server]: Passing new path to controller.
[controller_server-1] [INFO] [1785465706.284153349] [controller_server]: Passing new path to controller.
[controller_server-1] [INFO] [1785465707.284142627] [controller_server]: Passing new path to controller.
[controller_server-1] [INFO] [1785465708.334174236] [controller_server]: Passing new path to controller.
[controller_server-1] [INFO] [1785465709.384149795] [controller_server]: Passing new path to controller.
[controller_server-1] [INFO] [1785465710.384145492] [controller_server]: Passing new path to controller.
[controller_server-1] [INFO] [1785465711.434164810] [controller_server]: Passing new path to controller.
[controller_server-1] [INFO] [1785465712.434587403] [controller_server]: Passing new path to controller.
[bt_navigator-5] [WARN] [1785465713.414955441] [BehaviorTreeEngine]: Behavior Tree tick rate 100.00 was exceeded!
[bt_navigator-5] [WARN] [1785465713.448091804] [BehaviorTreeEngine]: Behavior Tree tick rate 100.00 was exceeded!
[bt_navigator-5] [WARN] [1785465713.457772323] [BehaviorTreeEngine]: Behavior Tree tick rate 100.00 was exceeded!
[bt_navigator-5] [WARN] [1785465713.457852723] [bt_navigator_navigate_to_pose_rclcpp_node]: Timed out while waiting for action server to acknowledge goal request for compute_path_to_pose
[planner_server-3] [INFO] [1785465713.458149253] [global_costmap.global_costmap]: Received request to clear entirely the global_costmap
[bt_navigator-5] [WARN] [1785465713.467213642] [BehaviorTreeEngine]: Behavior Tree tick rate 100.00 was exceeded!
[bt_navigator-5] [WARN] [1785465713.473851608] [BehaviorTreeEngine]: Behavior Tree tick rate 100.00 was exceeded!
[bt_navigator-5] [WARN] [1785465713.556599500] [BehaviorTreeEngine]: Behavior Tree tick rate 100.00 was exceeded!
[bt_navigator-5] [WARN] [1785465713.556663269] [bt_navigator_navigate_to_pose_rclcpp_node]: Timed out while waiting for action server to acknowledge goal request for follow_path
[bt_navigator-5] [WARN] [1785465713.568932148] [BehaviorTreeEngine]: Behavior Tree tick rate 100.00 was exceeded!
[behavior_server-4] [INFO] [1785465713.570539671] [behavior_server]: Running backup
[behavior_server-4] [INFO] [1785465713.571655478] [behavior_server]: DriveOnHeading: no acceleration or deceleration limits set
[controller_server-1] [INFO] [1785465713.584114288] [controller_server]: Passing new path to controller.
[bt_navigator-5] [WARN] [1785465713.677789692] [BehaviorTreeEngine]: Behavior Tree tick rate 100.00 was exceeded!
[bt_navigator-5] [WARN] [1785465713.789570138] [BehaviorTreeEngine]: Behavior Tree tick rate 100.00 was exceeded!
[bt_navigator-5] [WARN] [1785465713.819255723] [BehaviorTreeEngine]: Behavior Tree tick rate 100.00 was exceeded!
[bt_navigator-5] [WARN] [1785465714.109544688] [BehaviorTreeEngine]: Behavior Tree tick rate 100.00 was exceeded!
[bt_navigator-5] [WARN] [1785465714.203858885] [BehaviorTreeEngine]: Behavior Tree tick rate 100.00 was exceeded!
[bt_navigator-5] [WARN] [1785465714.294454630] [BehaviorTreeEngine]: Behavior Tree tick rate 100.00 was exceeded!
[bt_navigator-5] [WARN] [1785465714.341246072] [BehaviorTreeEngine]: Behavior Tree tick rate 100.00 was exceeded!
[bt_navigator-5] [WARN] [1785465714.429259357] [BehaviorTreeEngine]: Behavior Tree tick rate 100.00 was exceeded!
[bt_navigator-5] [WARN] [1785465714.516110759] [BehaviorTreeEngine]: Behavior Tree tick rate 100.00 was exceeded!
[bt_navigator-5] [WARN] [1785465714.547586120] [BehaviorTreeEngine]: Behavior Tree tick rate 100.00 was exceeded!
[bt_navigator-5] [WARN] [1785465714.579060156] [BehaviorTreeEngine]: Behavior Tree tick rate 100.00 was exceeded!
[controller_server-1] [WARN] [1785465714.596094762] [controller_server]: Control loop missed its desired rate of 20.0000Hz
[bt_navigator-5] [WARN] [1785465714.666049947] [BehaviorTreeEngine]: Behavior Tree tick rate 100.00 was exceeded!
[bt_navigator-5] [WARN] [1785465714.705721499] [BehaviorTreeEngine]: Behavior Tree tick rate 100.00 was exceeded!
[bt_navigator-5] [WARN] [1785465714.706299706] [BehaviorTreeEngine]: Behavior Tree tick rate 100.00 was exceeded!
[bt_navigator-5] [WARN] [1785465714.736840303] [BehaviorTreeEngine]: Behavior Tree tick rate 100.00 was exceeded!
[controller_server-1] [WARN] [1785465714.790887407] [controller_server]: Control loop missed its desired rate of 20.0000Hz
[bt_navigator-5] [WARN] [1785465714.798249977] [BehaviorTreeEngine]: Behavior Tree tick rate 100.00 was exceeded!
[controller_server-1] [WARN] [1785465714.847971073] [controller_server]: Control loop missed its desired rate of 20.0000Hz
[controller_server-1] [ERROR] [1785465714.884308822] [tf_help]: Transform data too old when converting from odom to map
[controller_server-1] [ERROR] [1785465714.895350832] [tf_help]: Data time: 1785465714s 870144855ns, Transform time: 1785465714s 564283934ns
[controller_server-1] [WARN] [1785465714.895468368] [controller_server]: Unable to transform robot pose into global plan's frame
[controller_server-1] [ERROR] [1785465714.934314048] [tf_help]: Transform data too old when converting from odom to map
[controller_server-1] [ERROR] [1785465714.935778467] [tf_help]: Data time: 1785465714s 912348957ns, Transform time: 1785465714s 564283934ns
[controller_server-1] [WARN] [1785465714.935857365] [controller_server]: Unable to transform robot pose into global plan's frame
[bt_navigator-5] [WARN] [1785465714.985339975] [BehaviorTreeEngine]: Behavior Tree tick rate 100.00 was exceeded!
[controller_server-1] [ERROR] [1785465714.986635261] [tf_help]: Transform data too old when converting from odom to map
[controller_server-1] [ERROR] [1785465714.986702801] [tf_help]: Data time: 1785465714s 962329768ns, Transform time: 1785465714s 564283934ns
[controller_server-1] [WARN] [1785465714.991038360] [controller_server]: Unable to transform robot pose into global plan's frame
[bt_navigator-5] [WARN] [1785465715.056514382] [BehaviorTreeEngine]: Behavior Tree tick rate 100.00 was exceeded!
[behavior_server-4] [INFO] [1785465718.771828659] [behavior_server]: backup completed successfully
[controller_server-1] [INFO] [1785465718.834179367] [controller_server]: Passing new path to controller.
[controller_server-1] [INFO] [1785465719.884164673] [controller_server]: Passing new path to controller.
[controller_server-1] [INFO] [1785465720.884153451] [controller_server]: Passing new path to controller.
[controller_server-1] [INFO] [1785465721.934183597] [controller_server]: Passing new path to controller.
[bt_navigator-5] [WARN] [1785465722.589972531] [BehaviorTreeEngine]: Behavior Tree tick rate 100.00 was exceeded!
[controller_server-1] [INFO] [1785465722.934157971] [controller_server]: Passing new path to controller.
[bt_navigator-5] [WARN] [1785465723.308644874] [BehaviorTreeEngine]: Behavior Tree tick rate 100.00 was exceeded!
[bt_navigator-5] [WARN] [1785465723.511866708] [BehaviorTreeEngine]: Behavior Tree tick rate 100.00 was exceeded!
[controller_server-1] [INFO] [1785465723.984150794] [controller_server]: Passing new path to controller.
[bt_navigator-5] [WARN] [1785465724.102971694] [BehaviorTreeEngine]: Behavior Tree tick rate 100.00 was exceeded!
[bt_navigator-5] [WARN] [1785465724.282056143] [BehaviorTreeEngine]: Behavior Tree tick rate 100.00 was exceeded!
[bt_navigator-5] [WARN] [1785465724.546130749] [BehaviorTreeEngine]: Behavior Tree tick rate 100.00 was exceeded!
[bt_navigator-5] [WARN] [1785465724.573278864] [BehaviorTreeEngine]: Behavior Tree tick rate 100.00 was exceeded!
[bt_navigator-5] [WARN] [1785465724.629791382] [BehaviorTreeEngine]: Behavior Tree tick rate 100.00 was exceeded!
[bt_navigator-5] [WARN] [1785465724.666153443] [BehaviorTreeEngine]: Behavior Tree tick rate 100.00 was exceeded!
[bt_navigator-5] [WARN] [1785465724.719298446] [BehaviorTreeEngine]: Behavior Tree tick rate 100.00 was exceeded!
[bt_navigator-5] [WARN] [1785465724.837190513] [BehaviorTreeEngine]: Behavior Tree tick rate 100.00 was exceeded!
[bt_navigator-5] [WARN] [1785465724.981188410] [BehaviorTreeEngine]: Behavior Tree tick rate 100.00 was exceeded!
[bt_navigator-5] [WARN] [1785465725.002322692] [bt_navigator_navigate_to_pose_rclcpp_node]: Timed out while waiting for action server to acknowledge goal request for compute_path_to_pose
[planner_server-3] [INFO] [1785465725.007421566] [global_costmap.global_costmap]: Received request to clear entirely the global_costmap
[bt_navigator-5] [WARN] [1785465725.068238967] [BehaviorTreeEngine]: Behavior Tree tick rate 100.00 was exceeded!
[bt_navigator-5] [WARN] [1785465725.068312150] [bt_navigator_navigate_to_pose_rclcpp_node]: Timed out while waiting for action server to acknowledge goal request for compute_path_to_pose
[controller_server-1] [INFO] [1785465725.087513848] [controller_server]: Goal was canceled. Stopping the robot.
[controller_server-1] [INFO] [1785465725.087618475] [controller_server]: [follow_path] [ActionServer] Client requested to cancel the goal. Cancelling.
[controller_server-1] [INFO] [1785465725.091033136] [local_costmap.local_costmap]: Received request to clear entirely the local_costmap
[planner_server-3] [INFO] [1785465725.091914718] [global_costmap.global_costmap]: Received request to clear entirely the global_costmap
[bt_navigator-5] [WARN] [1785465725.097810517] [BehaviorTreeEngine]: Behavior Tree tick rate 100.00 was exceeded!
[bt_navigator-5] [WARN] [1785465725.100015596] [BehaviorTreeEngine]: Behavior Tree tick rate 100.00 was exceeded!
[bt_navigator-5] [WARN] [1785465725.178382440] [BehaviorTreeEngine]: Behavior Tree tick rate 100.00 was exceeded!
[bt_navigator-5] [WARN] [1785465725.189010150] [BehaviorTreeEngine]: Behavior Tree tick rate 100.00 was exceeded!
[bt_navigator-5] [WARN] [1785465725.249506705] [BehaviorTreeEngine]: Behavior Tree tick rate 100.00 was exceeded!
[bt_navigator-5] [WARN] [1785465725.333551675] [BehaviorTreeEngine]: Behavior Tree tick rate 100.00 was exceeded!
[bt_navigator-5] [WARN] [1785465725.504395917] [BehaviorTreeEngine]: Behavior Tree tick rate 100.00 was exceeded!
[bt_navigator-5] [WARN] [1785465725.536236778] [BehaviorTreeEngine]: Behavior Tree tick rate 100.00 was exceeded!
[planner_server-3] [WARN] [1785465725.549965446] [planner_server]: Planner loop missed its desired rate of 2.0000 Hz. Current loop rate is 1.8501 Hz
[controller_server-1] [INFO] [1785465725.587797907] [controller_server]: Received a goal, begin computing control effort.
[bt_navigator-5] [WARN] [1785465725.588400850] [BehaviorTreeEngine]: Behavior Tree tick rate 100.00 was exceeded!
[bt_navigator-5] [WARN] [1785465725.599972234] [BehaviorTreeEngine]: Behavior Tree tick rate 100.00 was exceeded!
[bt_navigator-5] [WARN] [1785465725.617738132] [BehaviorTreeEngine]: Behavior Tree tick rate 100.00 was exceeded!
[bt_navigator-5] [WARN] [1785465725.713745995] [BehaviorTreeEngine]: Behavior Tree tick rate 100.00 was exceeded!
[bt_navigator-5] [WARN] [1785465725.774973470] [BehaviorTreeEngine]: Behavior Tree tick rate 100.00 was exceeded!
[bt_navigator-5] [WARN] [1785465725.849695916] [BehaviorTreeEngine]: Behavior Tree tick rate 100.00 was exceeded!
[bt_navigator-5] [WARN] [1785465725.964246248] [BehaviorTreeEngine]: Behavior Tree tick rate 100.00 was exceeded!
[bt_navigator-5] [WARN] [1785465725.980274102] [BehaviorTreeEngine]: Behavior Tree tick rate 100.00 was exceeded!
[bt_navigator-5] [WARN] [1785465726.102989490] [BehaviorTreeEngine]: Behavior Tree tick rate 100.00 was exceeded!
[bt_navigator-5] [WARN] [1785465726.163552289] [BehaviorTreeEngine]: Behavior Tree tick rate 100.00 was exceeded!
[controller_server-1] [INFO] [1785465726.638157689] [controller_server]: Passing new path to controller.
[controller_server-1] [INFO] [1785465727.688176119] [controller_server]: Passing new path to controller.
[bt_navigator-5] [WARN] [1785465727.840866299] [BehaviorTreeEngine]: Behavior Tree tick rate 100.00 was exceeded!
[bt_navigator-5] [WARN] [1785465727.891061161] [BehaviorTreeEngine]: Behavior Tree tick rate 100.00 was exceeded!
[bt_navigator-5] [WARN] [1785465727.918938856] [BehaviorTreeEngine]: Behavior Tree tick rate 100.00 was exceeded!
[bt_navigator-5] [WARN] [1785465727.965405076] [BehaviorTreeEngine]: Behavior Tree tick rate 100.00 was exceeded!
[controller_server-1] [INFO] [1785465728.688156724] [controller_server]: Passing new path to controller.
[controller_server-1] [INFO] [1785465729.738157794] [controller_server]: Passing new path to controller.
[controller_server-1] [INFO] [1785465730.738123715] [controller_server]: Passing new path to controller.
[controller_server-1] [INFO] [1785465731.788131293] [controller_server]: Passing new path to controller.
[controller_server-1] [INFO] [1785465732.788185190] [controller_server]: Passing new path to controller.
[controller_server-1] [INFO] [1785465733.838168069] [controller_server]: Passing new path to controller.
[controller_server-1] [INFO] [1785465733.990457465] [controller_server]: Reached the goal!
[bt_navigator-5] [INFO] [1785465734.029428117] [bt_navigator]: Goal succeeded
