[INFO] [1785123963.213988605] [slam_toolbox]: Using solver plugin solver_plugins::CeresSolver
[INFO] [1785123963.214797953] [slam_toolbox]: CeresSolver: Using SCHUR_JACOBI preconditioner.
[WARN] [1785123963.223419697] [slam_toolbox]: LocalizationSlamToolbox: Starting localization at first node (dock) is correctly not supported.
Load From File /cfg/maps/oil_gas_field.posegraph 
Mapper <- Module
Mapper <- m_pSequentialScanMatcher
Mapper <- m_pGraph
MapperGraph <- Graph; Graph <- m_Edges; Graph <- m_Vertices
MapperGraph <- m_pMapper; MapperGraph <- m_pLoopScanMatcher; MapperGraph <- m_pTraversal
Mapper <- m_pMapperSensorManager
MapperSensorManager <- m_ScanManagers; MapperSensorManager <- m_Scans
Mapper <- m_Listeners
**Finished serializing Mapper**
Load From File
**Serializing Dataset**
Dataset <- m_SensorNameLookup
Dataset <- m_Data
Dataset <- m_Lasers
Dataset <- m_pDatasetInfo
**Finished serializing Dataset**
Registering sensor: [Custom Described Lidar]
WARNING: Logging before InitGoogleLogging() is written to STDERR
W0727 03:46:03.326500  6607 preprocessor.cc:62] Specified options.num_threads: 50 exceeds maximum available from the threading model Ceres was compiled with: 6.  Bounding to maximum number available.
[WARN] [1785123963.384718227] [slam_toolbox]: minimum laser range setting (0.0 m) exceeds the capabilities of the used Lidar (0.5 m)
Registering sensor: [Custom Described Lidar]
